Microchip MPLAB XC8 Compiler V1.37 ()

Linker command line:

-W-3 --edf=C:\Program Files (x86)\Microchip\xc8\v1.37\dat\en_msgs.txt -cs \
  -h+dist/default/production\RF_ver1_client_16f866.X.production.sym \
  --cmf=dist/default/production\RF_ver1_client_16f866.X.production.cmf -z \
  -Q16F886 -oC:\Users\Admin\AppData\Local\Temp\s9o.2 \
  -Mdist/default/production/RF_ver1_client_16f866.X.production.map -E1 \
  -ver=XC8 -ASTACK=0110h-016fh -pstack=STACK -ACODE=00h-07FFhx4 \
  -ASTRCODE=00h-01FFFh -ASTRING=00h-0FFhx32 -ACONST=00h-0FFhx32 \
  -AENTRY=00h-0FFhx32 -ACOMMON=070h-07Fh -ABANK0=020h-06Fh \
  -ABANK1=0A0h-0EFh -ABANK2=0110h-016Fh -ABANK3=0190h-01EFh \
  -ARAM=020h-06Fh,0A0h-0EFh,0110h-016Fh,0190h-01EFh \
  -AABS1=020h-07Fh,0A0h-0EFh,0110h-016Fh,0190h-01EFh -ASFR0=00h-01Fh \
  -ASFR1=080h-09Fh -ASFR2=0100h-010Fh -ASFR3=0180h-018Fh \
  -preset_vec=00h,intentry=04h,init,end_init -ppowerup=CODE -pcinit=CODE \
  -pfunctab=CODE -ACONFIG=02007h-02008h -pconfig=CONFIG -DCONFIG=2 \
  -AIDLOC=02000h-02003h -pidloc=IDLOC -DIDLOC=2 -AEEDATA=00h-0FFh/02100h \
  -peeprom_data=EEDATA -DEEDATA=2 -DCODE=2 -DSTRCODE=2 -DSTRING=2 -DCONST=2 \
  -DENTRY=2 -k C:\Users\Admin\AppData\Local\Temp\s9o.obj \
  dist/default/production\RF_ver1_client_16f866.X.production.obj 

Object code version is 3.11

Machine type is 16F886



                Name                               Link     Load   Length Selector   Space Scale
C:\Users\Admin\AppData\Local\Temp\s9o.obj
                end_init                             12       12        3        8       0
                reset_vec                             0        0        3        0       0
                config                             2007     2007        2     400E       0
dist/default/production\RF_ver1_client_16f866.X.production.obj
                cinit                                15       15       21        8       0
                intentry                              4        4        E        8       0
                text18                              49D      49D       66        8       0
                text17                              612      612       59        8       0
                text16                              FB4      FB4       26     1F68       0
                text15                              5B9      5B9       59        8       0
                text14                              766      766       4B        8       0
                text13                              2C4      2C4       9F        8       0
                text12                              6C2      6C2       57        8       0
                text11                              363      363       6A        8       0
                text10                              7E9      7E9       14        8       0
                text9                               435      435       68        8       0
                text8                               66B      66B       57        8       0
                text7                               FDA      FDA       26     1FB4       0
                text6                               3CD      3CD       68        8       0
                text5                               55E      55E       5B        8       0
                text4                               719      719       4D        8       0
                text3                               20B      20B       B9        8       0
                text2                               503      503       5B        8       0
                text1                               7B1      7B1       38        8       0
                maintext                             36       36      1D5        8       0
                cstackBANK0                          20       20       2A       20       1
                cstackCOMMON                         70       70        E       70       1
                cstackBANK1                          C0       C0        9       A0       1
                inittext                            F83      F83       11     1F06       0
                dataBANK1                            A0       A0       20       A0       1
                dataBANK0                            4A       4A        F       20       1
                bssBANK0                             59       59        4       20       1
                strings                             800      800       37     1000       0
                idataBANK1                          F94      F94       20     1F28       0
                idataBANK0                          F74      F74        F     1EE8       0

TOTAL           Name                               Link     Load   Length     Space
        CLASS   STACK          

        CLASS   CODE           
                end_init                             12       12        3         0
                cinit                                15       15       21         0
                intentry                              4        4        E         0
                reset_vec                             0        0        3         0
                text18                              49D      49D       66         0
                text17                              612      612       59         0
                text16                              FB4      FB4       26         0
                text15                              5B9      5B9       59         0
                text14                              766      766       4B         0
                text13                              2C4      2C4       9F         0
                text12                              6C2      6C2       57         0
                text11                              363      363       6A         0
                text10                              7E9      7E9       14         0
                text9                               435      435       68         0
                text8                               66B      66B       57         0
                text7                               FDA      FDA       26         0
                text6                               3CD      3CD       68         0
                text5                               55E      55E       5B         0
                text4                               719      719       4D         0
                text3                               20B      20B       B9         0
                text2                               503      503       5B         0
                text1                               7B1      7B1       38         0
                maintext                             36       36      1D5         0
                inittext                            F83      F83       11         0
                idataBANK1                          F94      F94       20         0
                idataBANK0                          F74      F74        F         0

        CLASS   STRCODE        

        CLASS   STRING         
                strings                             800      800       37         0

        CLASS   CONST          

        CLASS   ENTRY          

        CLASS   COMMON         
                cstackCOMMON                         70       70        E         1

        CLASS   BANK0          
                cstackBANK0                          20       20       2A         1
                dataBANK0                            4A       4A        F         1
                bssBANK0                             59       59        4         1

        CLASS   BANK1          
                cstackBANK1                          C0       C0        9         1
                dataBANK1                            A0       A0       20         1

        CLASS   BANK2          

        CLASS   BANK3          

        CLASS   RAM            

        CLASS   ABS1           
                abs_s1                               7E       7E        2         1

        CLASS   SFR0           

        CLASS   SFR1           

        CLASS   SFR2           

        CLASS   SFR3           

        CLASS   CONFIG         
                config                             2007     2007        2         0

        CLASS   IDLOC          

        CLASS   EEDATA         



SEGMENTS        Name                           Load    Length   Top    Selector   Space  Class     Delta

                reset_vec                      000000  000003  000003         0       0  CODE        2
                intentry                       000004  0007F9  0007FD         8       0  CODE        2
                cstackBANK0                    000020  00003D  00005D        20       1  BANK0       1
                cstackCOMMON                   000070  00000E  00007E        70       1  COMMON      1
                dataBANK1                      0000A0  000029  0000C9        A0       1  BANK1       1
                strings                        000800  000037  000837      1000       0  STRING      2
                idataBANK0                     000F74  00000F  000F83      1EE8       0  CODE        2
                inittext                       000F83  000011  000F94      1F06       0  CODE        2
                idataBANK1                     000F94  000020  000FB4      1F28       0  CODE        2
                text16                         000FB4  000026  000FDA      1F68       0  CODE        2
                text7                          000FDA  000026  001000      1FB4       0  CODE        2
                config                         002007  000002  002009      400E       0  CONFIG      2


UNUSED ADDRESS RANGES

        Name                Unused          Largest block    Delta
        BANK0            005D-006F             13           1
        BANK1            00C9-00EF             27           1
        BANK2            0110-016F             60           1
        BANK3            0190-01EF             60           1
        CODE             0003-0003              1           2
                         07FD-07FF              3
                         0837-0F73            73D
                         1000-1FFF            800
        CONST            0003-0003              1           2
                         07FD-07FF              3
                         0837-0F73            100
                         1000-1FFF            100
        EEDATA           2100-21FF            100           2
        ENTRY            0003-0003              1           2
                         07FD-07FF              3
                         0837-0F73            100
                         1000-1FFF            100
        IDLOC            2000-2003              4           2
        RAM              005D-006F             13           1
                         00C9-00EF             27
                         0110-016F             60
                         0190-01EF             60
        SFR0             0000-001F             20           1
        SFR1             0080-009F             20           1
        SFR2             0100-010F             10           1
        SFR3             0180-018F             10           1
        STACK            0110-016F             60           1
        STRCODE          0003-0003              1           2
                         07FD-07FF              3
                         0837-0F73            73D
                         1000-1FFF           1000
        STRING           0003-0003              1           2
                         07FD-07FF              3
                         0837-0F73            100
                         1000-1FFF            100

                                  Symbol Table

?___awdiv                  cstackBANK0  0033
?___awmod                  cstackBANK0  0033
?i1___awdiv                cstackCOMMON 0070
?i1___awmod                cstackCOMMON 0070
LCDBusyLoop@busy           cstackBANK0  0035
LCDBusyLoop@status         cstackBANK0  0037
LCDBusyLoop@temp           cstackBANK0  0036
LCDByte@c                  cstackBANK0  003D
LCDByte@hn                 cstackBANK0  003B
LCDByte@isdata             cstackBANK0  0038
LCDByte@ln                 cstackBANK0  003C
LCDByte@temp               cstackBANK0  003E
LCDGotoXY@x                cstackBANK0  0041
LCDGotoXY@y                cstackBANK0  003F
LCDInit@__i                cstackBANK0  0042
LCDInit@style              cstackBANK0  0041
LCDWriteInt@F1642          dataBANK0    0052
LCDWriteInt@field_length   cstackBANK0  0041
LCDWriteInt@i              cstackBANK1  00C7
LCDWriteInt@j              cstackBANK1  00C5
LCDWriteInt@str            cstackBANK1  00C0
LCDWriteInt@val            cstackBANK0  003F
LCDWriteString@cc          cstackBANK0  0042
LCDWriteString@msg         cstackBANK0  003F
_ADCInit                   text10       07E9
_ADCON0bits                (abs)        001F
_ADCON1bits                (abs)        009F
_ADRESH                    (abs)        001E
_ADRESL                    (abs)        009E
_ANSELHbits                (abs)        0189
_ANSELbits                 (abs)        0188
_INTCONbits                (abs)        000B
_IOCBbits                  (abs)        0096
_ISR                       text11       0363
_LCDBusyLoop               text9        0435
_LCDByte                   text8        066B
_LCDGotoXY                 text7        0FDA
_LCDInit                   text6        03CD
_LCDWriteInt               text3        020B
_LCDWriteString            text2        0503
_PORTC                     (abs)        0007
_RA0                       (abs)        0028
_RA1                       (abs)        0029
_RA2                       (abs)        002A
_RA3                       (abs)        002B
_RA6                       (abs)        002E
_RC1                       (abs)        0039
_RC2                       (abs)        003A
_RC3                       (abs)        003B
_TRISAbits                 (abs)        0085
_TRISBbits                 (abs)        0086
_TRISC                     (abs)        0087
_TRISCbits                 (abs)        0087
_TuneButtonInit            text1        07B1
__CFG_BOR4V$BOR21V         (abs)        0000
__CFG_BOREN$ON             (abs)        0000
__CFG_CP$ON                (abs)        0000
__CFG_CPD$ON               (abs)        0000
__CFG_FCMEN$ON             (abs)        0000
__CFG_FOSC$INTRC_NOCLKOUT  (abs)        0000
__CFG_IESO$ON              (abs)        0000
__CFG_LVP$ON               (abs)        0000
__CFG_MCLRE$ON             (abs)        0000
__CFG_PWRTE$OFF            (abs)        0000
__CFG_WDTE$ON              (abs)        0000
__CFG_WRT$OFF              (abs)        0000
__Habs1                    abs1         0000
__Hbank0                   bank0        0000
__Hbank1                   bank1        0000
__Hbank2                   bank2        0000
__Hbank3                   bank3        0000
__HbssBANK0                bssBANK0     0000
__Hcinit                   cinit        0036
__Hclrtext                 clrtext      0000
__Hcode                    code         0000
__Hcommon                  common       0000
__Hconfig                  config       2009
__HcstackBANK0             cstackBANK0  0000
__HcstackBANK1             cstackBANK1  0000
__HcstackCOMMON            cstackCOMMON 0000
__HdataBANK0               dataBANK0    0000
__HdataBANK1               dataBANK1    0000
__Heeprom_data             eeprom_data  0000
__Hend_init                end_init     0015
__Hfunctab                 functab      0000
__HidataBANK0              idataBANK0   0000
__HidataBANK1              idataBANK1   0000
__Hidloc                   idloc        0000
__Hinit                    init         0012
__Hinittext                inittext     0000
__Hintentry                intentry     0012
__Hmaintext                maintext     0000
__Hpowerup                 powerup      0000
__Hram                     ram          0000
__Hreset_vec               reset_vec    0003
__Hsfr0                    sfr0         0000
__Hsfr1                    sfr1         0000
__Hsfr2                    sfr2         0000
__Hsfr3                    sfr3         0000
__Hspace_0                 (abs)        2009
__Hspace_1                 (abs)        00C9
__Hspace_2                 (abs)        0000
__Hspace_3                 (abs)        0000
__Hstack                   stack        0000
__Hstrings                 strings      0000
__Htext                    text         0000
__Labs1                    abs1         0000
__Lbank0                   bank0        0000
__Lbank1                   bank1        0000
__Lbank2                   bank2        0000
__Lbank3                   bank3        0000
__LbssBANK0                bssBANK0     0000
__Lcinit                   cinit        0015
__Lclrtext                 clrtext      0000
__Lcode                    code         0000
__Lcommon                  common       0000
__Lconfig                  config       2007
__LcstackBANK0             cstackBANK0  0000
__LcstackBANK1             cstackBANK1  0000
__LcstackCOMMON            cstackCOMMON 0000
__LdataBANK0               dataBANK0    0000
__LdataBANK1               dataBANK1    0000
__Leeprom_data             eeprom_data  0000
__Lend_init                end_init     0012
__Lfunctab                 functab      0000
__LidataBANK0              idataBANK0   0000
__LidataBANK1              idataBANK1   0000
__Lidloc                   idloc        0000
__Linit                    init         0012
__Linittext                inittext     0000
__Lintentry                intentry     0004
__Lmaintext                maintext     0000
__Lpowerup                 powerup      0000
__Lram                     ram          0000
__Lreset_vec               reset_vec    0000
__Lsfr0                    sfr0         0000
__Lsfr1                    sfr1         0000
__Lsfr2                    sfr2         0000
__Lsfr3                    sfr3         0000
__Lspace_0                 (abs)        0000
__Lspace_1                 (abs)        0000
__Lspace_2                 (abs)        0000
__Lspace_3                 (abs)        0000
__Lstack                   stack        0000
__Lstrings                 strings      0000
__Ltext                    text         0000
__S0                       (abs)        2009
__S1                       (abs)        00C9
__S2                       (abs)        0000
__S3                       (abs)        0000
___awdiv                   text5        055E
___awdiv@counter           cstackBANK0  0038
___awdiv@dividend          cstackBANK0  0035
___awdiv@divisor           cstackBANK0  0033
___awdiv@quotient          cstackBANK0  003A
___awdiv@sign              cstackBANK0  0039
___awmod                   text4        0719
___awmod@counter           cstackBANK0  0038
___awmod@dividend          cstackBANK0  0035
___awmod@divisor           cstackBANK0  0033
___awmod@sign              cstackBANK0  0039
___cgram                   dataBANK0    004A
___int_sp                  stack        0000
___latbits                 (abs)        0002
___sp                      stack        0000
__end_of_ADCInit           text10       07FD
__end_of_ISR               text11       03CD
__end_of_LCDBusyLoop       text9        049D
__end_of_LCDByte           text8        06C2
__end_of_LCDGotoXY         text7        1000
__end_of_LCDInit           text6        0435
__end_of_LCDWriteInt       text3        02C4
__end_of_LCDWriteString    text2        055E
__end_of_TuneButtonInit    text1        07E9
__end_of___awdiv           text5        05B9
__end_of___awmod           text4        0766
__end_of__initialization   cinit        0032
__end_of__stringtab        strings      0810
__end_of_main              maintext     020B
__end_ofi1_LCDBusyLoop     text18       0503
__end_ofi1_LCDByte         text17       066B
__end_ofi1_LCDGotoXY       text16       0FDA
__end_ofi1_LCDWriteInt     text13       0363
__end_ofi1_LCDWriteString  text12       0719
__end_ofi1___awdiv         text15       0612
__end_ofi1___awmod         text14       07B1
__initialization           cinit        0015
__pbssBANK0                bssBANK0     0059
__pcstackBANK0             cstackBANK0  0020
__pcstackBANK1             cstackBANK1  00C0
__pcstackCOMMON            cstackCOMMON 0070
__pdataBANK0               dataBANK0    004A
__pdataBANK1               dataBANK1    00A0
__pidataBANK0              idataBANK0   0F74
__pidataBANK1              idataBANK1   0F94
__pintentry                intentry     0004
__pmaintext                maintext     0036
__pstrings                 strings      0800
__ptext1                   text1        07B1
__ptext10                  text10       07E9
__ptext11                  text11       0363
__ptext12                  text12       06C2
__ptext13                  text13       02C4
__ptext14                  text14       0766
__ptext15                  text15       05B9
__ptext16                  text16       0FB4
__ptext17                  text17       0612
__ptext18                  text18       049D
__ptext2                   text2        0503
__ptext3                   text3        020B
__ptext4                   text4        0719
__ptext5                   text5        055E
__ptext6                   text6        03CD
__ptext7                   text7        0FDA
__ptext8                   text8        066B
__ptext9                   text9        0435
__size_of_ADCInit          (abs)        0000
__size_of_ISR              (abs)        0000
__size_of_LCDBusyLoop      (abs)        0000
__size_of_LCDByte          (abs)        0000
__size_of_LCDGotoXY        (abs)        0000
__size_of_LCDInit          (abs)        0000
__size_of_LCDWriteInt      (abs)        0000
__size_of_LCDWriteString   (abs)        0000
__size_of_TuneButtonInit   (abs)        0000
__size_of___awdiv          (abs)        0000
__size_of___awmod          (abs)        0000
__size_of_main             (abs)        0000
__size_ofi1_LCDBusyLoop    (abs)        0000
__size_ofi1_LCDByte        (abs)        0000
__size_ofi1_LCDGotoXY      (abs)        0000
__size_ofi1_LCDWriteInt    (abs)        0000
__size_ofi1_LCDWriteString (abs)        0000
__size_ofi1___awdiv        (abs)        0000
__size_ofi1___awmod        (abs)        0000
__stringbase               strings      080F
__stringtab                strings      0800
_count                     bssBANK0     005B
_curTemp                   bssBANK0     0059
_main                      maintext     0036
_msg                       dataBANK1    00A0
_phMsg                     dataBANK0    0057
_tuneUpTemp                bssBANK0     005C
_tuneUpTempDir             dataBANK0    0058
btemp                      (abs)        007E
end_of_initialization      cinit        0032
i1LCDBusyLoop@busy         cstackCOMMON 0072
i1LCDBusyLoop@status       cstackCOMMON 0074
i1LCDBusyLoop@temp         cstackCOMMON 0073
i1LCDByte@c                cstackCOMMON 0078
i1LCDByte@hn               cstackCOMMON 0079
i1LCDByte@isdata           cstackCOMMON 0075
i1LCDByte@ln               cstackCOMMON 007A
i1LCDByte@temp             cstackCOMMON 007B
i1LCDGotoXY@x              cstackBANK0  0020
i1LCDGotoXY@y              cstackCOMMON 007C
i1LCDWriteInt@field_length cstackBANK0  0022
i1LCDWriteInt@i            cstackBANK0  002A
i1LCDWriteInt@j            cstackBANK0  0028
i1LCDWriteInt@str          cstackBANK0  0023
i1LCDWriteInt@val          cstackBANK0  0020
i1LCDWriteString@cc        cstackBANK0  0021
i1LCDWriteString@msg       cstackCOMMON 007C
i1_LCDBusyLoop             text18       049D
i1_LCDByte                 text17       0612
i1_LCDGotoXY               text16       0FB4
i1_LCDWriteInt             text13       02C4
i1_LCDWriteString          text12       06C2
i1___awdiv                 text15       05B9
i1___awdiv@counter         cstackCOMMON 0075
i1___awdiv@dividend        cstackCOMMON 0072
i1___awdiv@divisor         cstackCOMMON 0070
i1___awdiv@quotient        cstackCOMMON 0077
i1___awdiv@sign            cstackCOMMON 0076
i1___awmod                 text14       0766
i1___awmod@counter         cstackCOMMON 0075
i1___awmod@dividend        cstackCOMMON 0072
i1___awmod@divisor         cstackCOMMON 0070
i1___awmod@sign            cstackCOMMON 0076
init_fetch0                inittext     0F83
init_ram0                  inittext     0F87
interrupt_function         intentry     0004
intlevel0                  functab      0000
intlevel1                  functab      0000
intlevel2                  functab      0000
intlevel3                  functab      0000
intlevel4                  functab      0000
intlevel5                  functab      0000
ltemp                      (abs)        007E
ltemp0                     (abs)        007E
ltemp1                     (abs)        0082
ltemp2                     (abs)        0086
ltemp3                     (abs)        0080
main@index                 cstackBANK0  0049
main@t                     cstackBANK0  0047
main@t_380                 cstackBANK0  0048
reset_vec                  reset_vec    0000
saved_w                    (abs)        007E
stackhi                    (abs)        0000
stacklo                    (abs)        0000
start                      init         0012
start_initialization       cinit        0015
ttemp                      (abs)        007E
ttemp0                     (abs)        007E
ttemp1                     (abs)        0081
ttemp2                     (abs)        0084
ttemp3                     (abs)        0087
ttemp4                     (abs)        007F
wtemp                      (abs)        007E
wtemp0                     (abs)        007E
wtemp1                     (abs)        0080
wtemp2                     (abs)        0082
wtemp3                     (abs)        0084
wtemp4                     (abs)        0086
wtemp5                     (abs)        0088
wtemp6                     (abs)        007F


FUNCTION INFORMATION:

 *************** function _main *****************
 Defined at:
		line 188 in file "do_am.c"
 Parameters:    Size  Location     Type
		None
 Auto vars:     Size  Location     Type
  t               1   40[BANK0 ] unsigned char 
  t               1   39[BANK0 ] unsigned char 
  index           1   41[BANK0 ] unsigned char 
 Return value:  Size  Location     Type
                  1    wreg      void 
 Registers used:
		wreg, fsr0l, fsr0h, status,2, status,0, btemp+1, pclath, cstack
 Tracked objects:
		On entry : 
		On exit  : 
		Unchanged: 
 Data sizes:     COMMON   BANK0   BANK1   BANK3   BANK2
      Params:         0       0       0       0       0
      Locals:         0       3       0       0       0
      Temps:          0       3       0       0       0
      Totals:         0       6       0       0       0
Total ram usage:        6 bytes
 Hardware stack levels required when called:    7
 This function calls:
		_ADCInit
		_LCDByte
		_LCDGotoXY
		_LCDInit
		_LCDWriteInt
		_LCDWriteString
		_TuneButtonInit
		___awdiv
 This function is called by:
		Startup code after reset
 This function uses a non-reentrant model


 *************** function _TuneButtonInit *****************
 Defined at:
		line 107 in file "do_am.c"
 Parameters:    Size  Location     Type
		None
 Auto vars:     Size  Location     Type
		None
 Return value:  Size  Location     Type
                  1    wreg      void 
 Registers used:
		None
 Tracked objects:
		On entry : 
		On exit  : 
		Unchanged: 
 Data sizes:     COMMON   BANK0   BANK1   BANK3   BANK2
      Params:         0       0       0       0       0
      Locals:         0       0       0       0       0
      Temps:          0       0       0       0       0
      Totals:         0       0       0       0       0
Total ram usage:        0 bytes
 Hardware stack levels used:    1
 Hardware stack levels required when called:    4
 This function calls:
		Nothing
 This function is called by:
		_main
 This function uses a non-reentrant model


 *************** function _LCDWriteString *****************
 Defined at:
		line 279 in file "lcd_hd44780_pic16.c"
 Parameters:    Size  Location     Type
  msg             2   31[BANK0 ] PTR const unsigned char 
		 -> STR_8(4), STR_7(4), STR_6(5), STR_5(4), 
		 -> STR_4(4), STR_3(5), STR_2(4), STR_1(17), 
		 -> msg(32), 
 Auto vars:     Size  Location     Type
  cc              1   34[BANK0 ] char 
 Return value:  Size  Location     Type
                  1    wreg      void 
 Registers used:
		wreg, fsr0l, fsr0h, status,2, status,0, btemp+1, pclath, cstack
 Tracked objects:
		On entry : 
		On exit  : 
		Unchanged: 
 Data sizes:     COMMON   BANK0   BANK1   BANK3   BANK2
      Params:         0       2       0       0       0
      Locals:         0       1       0       0       0
      Temps:          0       1       0       0       0
      Totals:         0       4       0       0       0
Total ram usage:        4 bytes
 Hardware stack levels used:    1
 Hardware stack levels required when called:    6
 This function calls:
		_LCDByte
 This function is called by:
		_main
 This function uses a non-reentrant model


 *************** function _LCDWriteInt *****************
 Defined at:
		line 317 in file "lcd_hd44780_pic16.c"
 Parameters:    Size  Location     Type
  val             2   31[BANK0 ] int 
  field_length    1   33[BANK0 ] char 
 Auto vars:     Size  Location     Type
  str             5    0[BANK1 ] unsigned char [5]
  i               2    7[BANK1 ] int 
  j               2    5[BANK1 ] int 
 Return value:  Size  Location     Type
                  1    wreg      void 
 Registers used:
		wreg, fsr0l, fsr0h, status,2, status,0, btemp+1, pclath, cstack
 Tracked objects:
		On entry : 
		On exit  : 
		Unchanged: 
 Data sizes:     COMMON   BANK0   BANK1   BANK3   BANK2
      Params:         0       3       0       0       0
      Locals:         0       0       9       0       0
      Temps:          0       2       0       0       0
      Totals:         0       5       9       0       0
Total ram usage:       14 bytes
 Hardware stack levels used:    1
 Hardware stack levels required when called:    6
 This function calls:
		_LCDByte
		___awdiv
		___awmod
 This function is called by:
		_main
 This function uses a non-reentrant model


 *************** function ___awmod *****************
 Defined at:
		line 6 in file "C:\Program Files (x86)\Microchip\xc8\v1.37\sources\common\awmod.c"
 Parameters:    Size  Location     Type
  divisor         2   19[BANK0 ] int 
  dividend        2   21[BANK0 ] int 
 Auto vars:     Size  Location     Type
  sign            1   25[BANK0 ] unsigned char 
  counter         1   24[BANK0 ] unsigned char 
 Return value:  Size  Location     Type
                  2   19[BANK0 ] int 
 Registers used:
		wreg, status,2, status,0
 Tracked objects:
		On entry : 
		On exit  : 
		Unchanged: 
 Data sizes:     COMMON   BANK0   BANK1   BANK3   BANK2
      Params:         0       4       0       0       0
      Locals:         0       2       0       0       0
      Temps:          0       1       0       0       0
      Totals:         0       7       0       0       0
Total ram usage:        7 bytes
 Hardware stack levels used:    1
 Hardware stack levels required when called:    4
 This function calls:
		Nothing
 This function is called by:
		_LCDWriteInt
 This function uses a non-reentrant model


 *************** function ___awdiv *****************
 Defined at:
		line 6 in file "C:\Program Files (x86)\Microchip\xc8\v1.37\sources\common\awdiv.c"
 Parameters:    Size  Location     Type
  divisor         2   19[BANK0 ] int 
  dividend        2   21[BANK0 ] int 
 Auto vars:     Size  Location     Type
  quotient        2   26[BANK0 ] int 
  sign            1   25[BANK0 ] unsigned char 
  counter         1   24[BANK0 ] unsigned char 
 Return value:  Size  Location     Type
                  2   19[BANK0 ] int 
 Registers used:
		wreg, status,2, status,0
 Tracked objects:
		On entry : 
		On exit  : 
		Unchanged: 
 Data sizes:     COMMON   BANK0   BANK1   BANK3   BANK2
      Params:         0       4       0       0       0
      Locals:         0       4       0       0       0
      Temps:          0       1       0       0       0
      Totals:         0       9       0       0       0
Total ram usage:        9 bytes
 Hardware stack levels used:    1
 Hardware stack levels required when called:    4
 This function calls:
		Nothing
 This function is called by:
		_main
		_LCDWriteInt
 This function uses a non-reentrant model


 *************** function _LCDInit *****************
 Defined at:
		line 207 in file "lcd_hd44780_pic16.c"
 Parameters:    Size  Location     Type
  style           1    wreg     unsigned char 
 Auto vars:     Size  Location     Type
  style           1   33[BANK0 ] unsigned char 
  __i             1   34[BANK0 ] unsigned char 
 Return value:  Size  Location     Type
                  1    wreg      void 
 Registers used:
		wreg, fsr0l, fsr0h, status,2, status,0, pclath, cstack
 Tracked objects:
		On entry : 
		On exit  : 
		Unchanged: 
 Data sizes:     COMMON   BANK0   BANK1   BANK3   BANK2
      Params:         0       0       0       0       0
      Locals:         0       2       0       0       0
      Temps:          0       2       0       0       0
      Totals:         0       4       0       0       0
Total ram usage:        4 bytes
 Hardware stack levels used:    1
 Hardware stack levels required when called:    6
 This function calls:
		_LCDBusyLoop
		_LCDByte
 This function is called by:
		_main
 This function uses a non-reentrant model


 *************** function _LCDGotoXY *****************
 Defined at:
		line 355 in file "lcd_hd44780_pic16.c"
 Parameters:    Size  Location     Type
  x               1    wreg     unsigned char 
  y               1   31[BANK0 ] unsigned char 
 Auto vars:     Size  Location     Type
  x               1   33[BANK0 ] unsigned char 
 Return value:  Size  Location     Type
                  1    wreg      void 
 Registers used:
		wreg, fsr0l, fsr0h, status,2, status,0, pclath, cstack
 Tracked objects:
		On entry : 
		On exit  : 
		Unchanged: 
 Data sizes:     COMMON   BANK0   BANK1   BANK3   BANK2
      Params:         0       1       0       0       0
      Locals:         0       1       0       0       0
      Temps:          0       1       0       0       0
      Totals:         0       3       0       0       0
Total ram usage:        3 bytes
 Hardware stack levels used:    1
 Hardware stack levels required when called:    6
 This function calls:
		_LCDByte
 This function is called by:
		_main
 This function uses a non-reentrant model


 *************** function _LCDByte *****************
 Defined at:
		line 80 in file "lcd_hd44780_pic16.c"
 Parameters:    Size  Location     Type
  c               1    wreg     unsigned char 
  isdata          1   24[BANK0 ] unsigned char 
 Auto vars:     Size  Location     Type
  c               1   29[BANK0 ] unsigned char 
  temp            1   30[BANK0 ] unsigned char 
  ln              1   28[BANK0 ] unsigned char 
  hn              1   27[BANK0 ] unsigned char 
 Return value:  Size  Location     Type
                  1    wreg      void 
 Registers used:
		wreg, status,2, status,0, pclath, cstack
 Tracked objects:
		On entry : 
		On exit  : 
		Unchanged: 
 Data sizes:     COMMON   BANK0   BANK1   BANK3   BANK2
      Params:         0       1       0       0       0
      Locals:         0       4       0       0       0
      Temps:          0       2       0       0       0
      Totals:         0       7       0       0       0
Total ram usage:        7 bytes
 Hardware stack levels used:    1
 Hardware stack levels required when called:    5
 This function calls:
		_LCDBusyLoop
 This function is called by:
		_main
		_LCDInit
		_LCDWriteString
		_LCDWriteInt
		_LCDGotoXY
 This function uses a non-reentrant model


 *************** function _LCDBusyLoop *****************
 Defined at:
		line 135 in file "lcd_hd44780_pic16.c"
 Parameters:    Size  Location     Type
		None
 Auto vars:     Size  Location     Type
  status          1   23[BANK0 ] unsigned char 
  temp            1   22[BANK0 ] unsigned char 
  busy            1   21[BANK0 ] unsigned char 
 Return value:  Size  Location     Type
                  1    wreg      void 
 Registers used:
		wreg, status,2, status,0
 Tracked objects:
		On entry : 
		On exit  : 
		Unchanged: 
 Data sizes:     COMMON   BANK0   BANK1   BANK3   BANK2
      Params:         0       0       0       0       0
      Locals:         0       3       0       0       0
      Temps:          0       2       0       0       0
      Totals:         0       5       0       0       0
Total ram usage:        5 bytes
 Hardware stack levels used:    1
 Hardware stack levels required when called:    4
 This function calls:
		Nothing
 This function is called by:
		_LCDByte
		_LCDInit
 This function uses a non-reentrant model


 *************** function _ADCInit *****************
 Defined at:
		line 7 in file "adc_pic16.c"
 Parameters:    Size  Location     Type
		None
 Auto vars:     Size  Location     Type
		None
 Return value:  Size  Location     Type
                  1    wreg      void 
 Registers used:
		wreg, status,2, status,0
 Tracked objects:
		On entry : 
		On exit  : 
		Unchanged: 
 Data sizes:     COMMON   BANK0   BANK1   BANK3   BANK2
      Params:         0       0       0       0       0
      Locals:         0       0       0       0       0
      Temps:          0       0       0       0       0
      Totals:         0       0       0       0       0
Total ram usage:        0 bytes
 Hardware stack levels used:    1
 Hardware stack levels required when called:    4
 This function calls:
		Nothing
 This function is called by:
		_main
 This function uses a non-reentrant model


 *************** function _ISR *****************
 Defined at:
		line 157 in file "do_am.c"
 Parameters:    Size  Location     Type
		None
 Auto vars:     Size  Location     Type
		None
 Return value:  Size  Location     Type
                  1    wreg      void 
 Registers used:
		wreg, fsr0l, fsr0h, status,2, status,0, btemp+1, pclath, cstack
 Tracked objects:
		On entry : 
		On exit  : 
		Unchanged: 
 Data sizes:     COMMON   BANK0   BANK1   BANK3   BANK2
      Params:         0       0       0       0       0
      Locals:         0       0       0       0       0
      Temps:          0       7       0       0       0
      Totals:         0       7       0       0       0
Total ram usage:        7 bytes
 Hardware stack levels used:    1
 Hardware stack levels required when called:    3
 This function calls:
		i1_LCDByte
		i1_LCDGotoXY
		i1_LCDWriteInt
		i1_LCDWriteString
 This function is called by:
		Interrupt level 1
 This function uses a non-reentrant model


 *************** function i1_LCDWriteString *****************
 Defined at:
		line 279 in file "lcd_hd44780_pic16.c"
 Parameters:    Size  Location     Type
  msg             2   12[COMMON] PTR const unsigned char 
		 -> STR_8(4), STR_7(4), STR_6(5), STR_5(4), 
		 -> STR_4(4), STR_3(5), STR_2(4), STR_1(17), 
		 -> msg(32), 
 Auto vars:     Size  Location     Type
  LCDWriteStri    1    1[BANK0 ] char 
 Return value:  Size  Location     Type
                  1    wreg      void 
 Registers used:
		wreg, fsr0l, fsr0h, status,2, status,0, btemp+1, pclath, cstack
 Tracked objects:
		On entry : 
		On exit  : 
		Unchanged: 
 Data sizes:     COMMON   BANK0   BANK1   BANK3   BANK2
      Params:         2       0       0       0       0
      Locals:         0       1       0       0       0
      Temps:          0       1       0       0       0
      Totals:         2       2       0       0       0
Total ram usage:        4 bytes
 Hardware stack levels used:    1
 Hardware stack levels required when called:    2
 This function calls:
		i1_LCDByte
 This function is called by:
		_ISR
 This function uses a non-reentrant model


 *************** function i1_LCDWriteInt *****************
 Defined at:
		line 317 in file "lcd_hd44780_pic16.c"
 Parameters:    Size  Location     Type
  val             2    0[BANK0 ] int 
  field_length    1    2[BANK0 ] char 
 Auto vars:     Size  Location     Type
  LCDWriteInt     5    3[BANK0 ] unsigned char [5]
  LCDWriteInt     2   10[BANK0 ] int 
  LCDWriteInt     2    8[BANK0 ] int 
 Return value:  Size  Location     Type
                  1    wreg      void 
 Registers used:
		wreg, fsr0l, fsr0h, status,2, status,0, btemp+1, pclath, cstack
 Tracked objects:
		On entry : 
		On exit  : 
		Unchanged: 
 Data sizes:     COMMON   BANK0   BANK1   BANK3   BANK2
      Params:         0       3       0       0       0
      Locals:         0       9       0       0       0
      Temps:          2       0       0       0       0
      Totals:         2      12       0       0       0
Total ram usage:       14 bytes
 Hardware stack levels used:    1
 Hardware stack levels required when called:    2
 This function calls:
		i1_LCDByte
		i1___awdiv
		i1___awmod
 This function is called by:
		_ISR
 This function uses a non-reentrant model


 *************** function i1___awmod *****************
 Defined at:
		line 6 in file "C:\Program Files (x86)\Microchip\xc8\v1.37\sources\common\awmod.c"
 Parameters:    Size  Location     Type
  divisor         2    0[COMMON] int 
  dividend        2    2[COMMON] int 
 Auto vars:     Size  Location     Type
  __awmod         1    6[COMMON] unsigned char 
  __awmod         1    5[COMMON] unsigned char 
 Return value:  Size  Location     Type
                  2    0[COMMON] int 
 Registers used:
		wreg, status,2, status,0
 Tracked objects:
		On entry : 
		On exit  : 
		Unchanged: 
 Data sizes:     COMMON   BANK0   BANK1   BANK3   BANK2
      Params:         4       0       0       0       0
      Locals:         2       0       0       0       0
      Temps:          1       0       0       0       0
      Totals:         7       0       0       0       0
Total ram usage:        7 bytes
 Hardware stack levels used:    1
 This function calls:
		Nothing
 This function is called by:
		i1_LCDWriteInt
 This function uses a non-reentrant model


 *************** function i1___awdiv *****************
 Defined at:
		line 6 in file "C:\Program Files (x86)\Microchip\xc8\v1.37\sources\common\awdiv.c"
 Parameters:    Size  Location     Type
  divisor         2    0[COMMON] int 
  dividend        2    2[COMMON] int 
 Auto vars:     Size  Location     Type
  __awdiv         2    7[COMMON] int 
  __awdiv         1    6[COMMON] unsigned char 
  __awdiv         1    5[COMMON] unsigned char 
 Return value:  Size  Location     Type
                  2    0[COMMON] int 
 Registers used:
		wreg, status,2, status,0
 Tracked objects:
		On entry : 
		On exit  : 
		Unchanged: 
 Data sizes:     COMMON   BANK0   BANK1   BANK3   BANK2
      Params:         4       0       0       0       0
      Locals:         4       0       0       0       0
      Temps:          1       0       0       0       0
      Totals:         9       0       0       0       0
Total ram usage:        9 bytes
 Hardware stack levels used:    1
 This function calls:
		Nothing
 This function is called by:
		i1_LCDWriteInt
 This function uses a non-reentrant model


 *************** function i1_LCDGotoXY *****************
 Defined at:
		line 355 in file "lcd_hd44780_pic16.c"
 Parameters:    Size  Location     Type
  x               1    wreg     unsigned char 
  y               1   12[COMMON] unsigned char 
 Auto vars:     Size  Location     Type
  x               1    0[BANK0 ] unsigned char 
 Return value:  Size  Location     Type
                  1    wreg      void 
 Registers used:
		wreg, fsr0l, fsr0h, status,2, status,0, pclath, cstack
 Tracked objects:
		On entry : 
		On exit  : 
		Unchanged: 
 Data sizes:     COMMON   BANK0   BANK1   BANK3   BANK2
      Params:         1       0       0       0       0
      Locals:         0       1       0       0       0
      Temps:          1       0       0       0       0
      Totals:         2       1       0       0       0
Total ram usage:        3 bytes
 Hardware stack levels used:    1
 Hardware stack levels required when called:    2
 This function calls:
		i1_LCDByte
 This function is called by:
		_ISR
 This function uses a non-reentrant model


 *************** function i1_LCDByte *****************
 Defined at:
		line 80 in file "lcd_hd44780_pic16.c"
 Parameters:    Size  Location     Type
  c               1    wreg     unsigned char 
  isdata          1    5[COMMON] unsigned char 
 Auto vars:     Size  Location     Type
  c               1    8[COMMON] unsigned char 
  LCDByte         1   11[COMMON] unsigned char 
  LCDByte         1   10[COMMON] unsigned char 
  LCDByte         1    9[COMMON] unsigned char 
 Return value:  Size  Location     Type
                  1    wreg      void 
 Registers used:
		wreg, status,2, status,0, pclath, cstack
 Tracked objects:
		On entry : 
		On exit  : 
		Unchanged: 
 Data sizes:     COMMON   BANK0   BANK1   BANK3   BANK2
      Params:         1       0       0       0       0
      Locals:         4       0       0       0       0
      Temps:          2       0       0       0       0
      Totals:         7       0       0       0       0
Total ram usage:        7 bytes
 Hardware stack levels used:    1
 Hardware stack levels required when called:    1
 This function calls:
		i1_LCDBusyLoop
 This function is called by:
		_ISR
		i1_LCDWriteString
		i1_LCDWriteInt
		i1_LCDGotoXY
 This function uses a non-reentrant model


 *************** function i1_LCDBusyLoop *****************
 Defined at:
		line 135 in file "lcd_hd44780_pic16.c"
 Parameters:    Size  Location     Type
		None
 Auto vars:     Size  Location     Type
  LCDBusyLoop     1    4[COMMON] unsigned char 
  LCDBusyLoop     1    3[COMMON] unsigned char 
  LCDBusyLoop     1    2[COMMON] unsigned char 
 Return value:  Size  Location     Type
                  1    wreg      void 
 Registers used:
		wreg, status,2, status,0
 Tracked objects:
		On entry : 
		On exit  : 
		Unchanged: 
 Data sizes:     COMMON   BANK0   BANK1   BANK3   BANK2
      Params:         0       0       0       0       0
      Locals:         3       0       0       0       0
      Temps:          2       0       0       0       0
      Totals:         5       0       0       0       0
Total ram usage:        5 bytes
 Hardware stack levels used:    1
 This function calls:
		Nothing
 This function is called by:
		i1_LCDByte
 This function uses a non-reentrant model



MODULE INFORMATION

Module		Function		Class		Link	Load	Size
C:\Program Files (x86)\Microchip\xc8\v1.37\sources\common\awdiv.c
		___awdiv       		CODE           	055E	0000	92

C:\Program Files (x86)\Microchip\xc8\v1.37\sources\common\awdiv.c estimated size: 92

shared
		__stringtab    		STRING         	0800	0000	17
		i1_LCDGotoXY   		CODE           	0FB4	0000	39
		i1___awdiv     		CODE           	05B9	0000	90
		i1_LCDByte     		CODE           	0612	0000	90
		__initialization		CODE           	0015	0000	30
		i1___awmod     		CODE           	0766	0000	76
		i1_LCDBusyLoop 		CODE           	049D	0000	103
		i1_LCDWriteString		CODE           	06C2	0000	88
		i1_LCDWriteInt 		CODE           	02C4	0000	160

shared estimated size: 693

lcd_hd44780_pic16.c
		_LCDByte       		CODE           	066B	0000	88
		_LCDWriteInt   		CODE           	020B	0000	186
		_LCDInit       		CODE           	03CD	0000	105
		_LCDWriteString		CODE           	0503	0000	92
		_LCDGotoXY     		CODE           	0FDA	0000	39
		_LCDBusyLoop   		CODE           	0435	0000	105

lcd_hd44780_pic16.c estimated size: 615

do_am.c
		_ISR           		CODE           	0363	0000	107
		_main          		CODE           	0036	0000	470
		_TuneButtonInit		CODE           	07B1	0000	57

do_am.c estimated size: 634

C:\Program Files (x86)\Microchip\xc8\v1.37\sources\common\awmod.c
		___awmod       		CODE           	0719	0000	78

C:\Program Files (x86)\Microchip\xc8\v1.37\sources\common\awmod.c estimated size: 78

adc_pic16.c
		_ADCInit       		CODE           	07E9	0000	21

adc_pic16.c estimated size: 21

