Microchip MPLAB XC8 Compiler V1.37 ()

Linker command line:

-W-3 --edf=C:\Program Files (x86)\Microchip\xc8\v1.37\dat\en_msgs.txt -cs \
  -h+dist/default/production\RF_ver1_client_16f866.X.production.sym \
  --cmf=dist/default/production\RF_ver1_client_16f866.X.production.cmf -z \
  -Q16F886 -oC:\Users\Admin\AppData\Local\Temp\s3dk.2 \
  -Mdist/default/production/RF_ver1_client_16f866.X.production.map -E1 \
  -ver=XC8 -ASTACK=0110h-016fh -pstack=STACK -ACODE=00h-07FFhx4 \
  -ASTRCODE=00h-01FFFh -ASTRING=00h-0FFhx32 -ACONST=00h-0FFhx32 \
  -AENTRY=00h-0FFhx32 -ACOMMON=070h-07Fh -ABANK0=020h-06Fh \
  -ABANK1=0A0h-0EFh -ABANK2=0110h-016Fh -ABANK3=0190h-01EFh \
  -ARAM=020h-06Fh,0A0h-0EFh,0110h-016Fh,0190h-01EFh \
  -AABS1=020h-07Fh,0A0h-0EFh,0110h-016Fh,0190h-01EFh -ASFR0=00h-01Fh \
  -ASFR1=080h-09Fh -ASFR2=0100h-010Fh -ASFR3=0180h-018Fh \
  -preset_vec=00h,intentry=04h,init,end_init -ppowerup=CODE -pcinit=CODE \
  -pfunctab=CODE -ACONFIG=02007h-02008h -pconfig=CONFIG -DCONFIG=2 \
  -AIDLOC=02000h-02003h -pidloc=IDLOC -DIDLOC=2 -AEEDATA=00h-0FFh/02100h \
  -peeprom_data=EEDATA -DEEDATA=2 -DCODE=2 -DSTRCODE=2 -DSTRING=2 -DCONST=2 \
  -DENTRY=2 -k C:\Users\Admin\AppData\Local\Temp\s3dk.obj \
  dist/default/production\RF_ver1_client_16f866.X.production.obj 

Object code version is 3.11

Machine type is 16F886



                Name                               Link     Load   Length Selector   Space Scale
C:\Users\Admin\AppData\Local\Temp\s3dk.obj
                end_init                             12       12        3        8       0
                reset_vec                             0        0        3        0       0
                config                             2007     2007        2     400E       0
dist/default/production\RF_ver1_client_16f866.X.production.obj
                cinit                                15       15       24        8       0
                intentry                              4        4        E        8       0
                text16                              59D      59D        B      A3E       0
                text15                              557      557       14      A3E       0
                text14                              44D      44D       46        8       0
                text13                              227      227       68        8       0
                text12                              3A9      3A9       57        8       0
                text11                              4D1      4D1       26        8       0
                text10                              28F      28F       64        8       0
                text9                               34E      34E       5B        8       0
                text8                               400      400       4D        8       0
                text7                               11A      11A       9F        8       0
                text6                               2F3      2F3       5B        8       0
                text5                               53C      53C       1B      A3E       0
                text4                               56B      56B       13      A3E       0
                text3                               493      493       3E        8       0
                text2                               1B9      1B9       6E        8       0
                text1                               51F      51F       1D      A3E       0
                maintext                             39       39       E1        8       0
                cstackBANK0                          20       20       21       20       1
                cstackCOMMON                         70       70        8       70       1
                inittext                            57E      57E       11      A3E       0
                clrtext                             5A8      5A8        8      A3E       0
                dataBANK0                            61       61        E       20       1
                bssBANK0                             41       41       20       20       1
                dataCOMMON                           78       78        2       70       1
                strings                             500      500       1F      A00       0
                idataBANK0                          58F      58F        E      A3E       0
                idataCOMMON                         5B0      5B0        2      A3E       0

TOTAL           Name                               Link     Load   Length     Space
        CLASS   STACK          

        CLASS   CODE           
                end_init                             12       12        3         0
                cinit                                15       15       24         0
                intentry                              4        4        E         0
                reset_vec                             0        0        3         0
                text16                              59D      59D        B         0
                text15                              557      557       14         0
                text14                              44D      44D       46         0
                text13                              227      227       68         0
                text12                              3A9      3A9       57         0
                text11                              4D1      4D1       26         0
                text10                              28F      28F       64         0
                text9                               34E      34E       5B         0
                text8                               400      400       4D         0
                text7                               11A      11A       9F         0
                text6                               2F3      2F3       5B         0
                text5                               53C      53C       1B         0
                text4                               56B      56B       13         0
                text3                               493      493       3E         0
                text2                               1B9      1B9       6E         0
                text1                               51F      51F       1D         0
                maintext                             39       39       E1         0
                inittext                            57E      57E       11         0
                clrtext                             5A8      5A8        8         0
                idataBANK0                          58F      58F        E         0
                idataCOMMON                         5B0      5B0        2         0

        CLASS   STRCODE        

        CLASS   STRING         
                strings                             500      500       1F         0

        CLASS   CONST          

        CLASS   ENTRY          

        CLASS   COMMON         
                cstackCOMMON                         70       70        8         1
                dataCOMMON                           78       78        2         1

        CLASS   BANK0          
                cstackBANK0                          20       20       21         1
                dataBANK0                            61       61        E         1
                bssBANK0                             41       41       20         1

        CLASS   BANK1          

        CLASS   BANK2          

        CLASS   BANK3          

        CLASS   RAM            

        CLASS   ABS1           
                abs_s1                               7E       7E        2         1

        CLASS   SFR0           

        CLASS   SFR1           

        CLASS   SFR2           

        CLASS   SFR3           

        CLASS   CONFIG         
                config                             2007     2007        2         0

        CLASS   IDLOC          

        CLASS   EEDATA         



SEGMENTS        Name                           Load    Length   Top    Selector   Space  Class     Delta

                reset_vec                      000000  000003  000003         0       0  CODE        2
                intentry                       000004  0004F3  0004F7         8       0  CODE        2
                cstackBANK0                    000020  00004F  00006F        20       1  BANK0       1
                cstackCOMMON                   000070  00000A  00007A        70       1  COMMON      1
                strings                        000500  00001F  00051F       A00       0  STRING      2
                text1                          00051F  000093  0005B2       A3E       0  CODE        2
                config                         002007  000002  002009      400E       0  CONFIG      2


UNUSED ADDRESS RANGES

        Name                Unused          Largest block    Delta
        BANK0            006F-006F              1           1
        BANK1            00A0-00EF             50           1
        BANK2            0110-016F             60           1
        BANK3            0190-01EF             60           1
        CODE             0003-0003              1           2
                         04F7-04FF              9
                         05B2-1FFF            800
        COMMON           007A-007D              4           1
        CONST            0003-0003              1           2
                         04F7-04FF              9
                         05B2-1FFF            100
        EEDATA           2100-21FF            100           2
        ENTRY            0003-0003              1           2
                         04F7-04FF              9
                         05B2-1FFF            100
        IDLOC            2000-2003              4           2
        RAM              006F-006F              1           1
                         00A0-00EF             50
                         0110-016F             60
                         0190-01EF             60
        SFR0             0000-001F             20           1
        SFR1             0080-009F             20           1
        SFR2             0100-010F             10           1
        SFR3             0180-018F             10           1
        STACK            0110-016F             60           1
        STRCODE          0003-0003              1           2
                         04F7-04FF              9
                         05B2-1FFF           1A4E
        STRING           0003-0003              1           2
                         04F7-04FF              9
                         05B2-1FFF            100

                                  Symbol Table

?___awdiv                 cstackCOMMON 0074
?___awmod                 cstackCOMMON 0074
?_crc_calculate           cstackCOMMON 0074
LCDBusyLoop@busy          cstackBANK0  0020
LCDBusyLoop@status        cstackBANK0  0022
LCDBusyLoop@temp          cstackBANK0  0021
LCDByte@c                 cstackBANK0  0027
LCDByte@hn                cstackBANK0  0025
LCDByte@isdata            cstackCOMMON 0076
LCDByte@ln                cstackBANK0  0026
LCDByte@temp              cstackBANK0  0028
LCDGotoXY@x               cstackBANK0  002A
LCDGotoXY@y               cstackBANK0  0029
LCDInit@__i               cstackBANK0  002C
LCDInit@style             cstackBANK0  002B
LCDWriteInt@F1646         dataBANK0    0069
LCDWriteInt@field_length  cstackBANK0  002B
LCDWriteInt@i             cstackBANK0  0035
LCDWriteInt@j             cstackBANK0  0033
LCDWriteInt@str           cstackBANK0  002E
LCDWriteInt@val           cstackBANK0  0029
LCDWriteString@cc         cstackBANK0  002A
LCDWriteString@count      cstackBANK0  0029
LCDWriteString@msg        cstackBANK0  002B
LoadMenuItem@item         cstackBANK0  0020
_ADCInit                  text15       0557
_ADCON0bits               (abs)        001F
_ADCON1bits               (abs)        009F
_ADRESH                   (abs)        001E
_ADRESL                   (abs)        009E
_ANSELHbits               (abs)        0189
_ANSELbits                (abs)        0188
_CARRY                    (abs)        0018
_EEADR                    (abs)        010D
_EECON1                   (abs)        018C
_EECON2                   (abs)        018D
_EEDATA                   (abs)        010C
_GIE                      (abs)        005F
_IOInit                   text14       044D
_ISR                      text16       059D
_LCDBusyLoop              text13       0227
_LCDByte                  text12       03A9
_LCDGotoXY                text11       04D1
_LCDInit                  text10       028F
_LCDWriteInt              text7        011A
_LCDWriteString           text6        02F3
_LoadMenuItem             text4        056B
_MenuInit                 text3        0493
_PORTC                    (abs)        0007
_RA0                      (abs)        0028
_RA1                      (abs)        0029
_RA2                      (abs)        002A
_RA3                      (abs)        002B
_RA6                      (abs)        002E
_RA7                      (abs)        002F
_RC1                      (abs)        0039
_RC2                      (abs)        003A
_RC3                      (abs)        003B
_RD                       (abs)        0C60
_TRISAbits                (abs)        0085
_TRISBbits                (abs)        0086
_TRISC                    (abs)        0087
_TRISCbits                (abs)        0087
_WR                       (abs)        0C61
_WREN                     (abs)        0C62
__CFG_BOR4V$BOR21V        (abs)        0000
__CFG_BOREN$ON            (abs)        0000
__CFG_CP$ON               (abs)        0000
__CFG_CPD$ON              (abs)        0000
__CFG_FCMEN$ON            (abs)        0000
__CFG_FOSC$INTRC_NOCLKOUT (abs)        0000
__CFG_IESO$ON             (abs)        0000
__CFG_LVP$ON              (abs)        0000
__CFG_MCLRE$ON            (abs)        0000
__CFG_PWRTE$OFF           (abs)        0000
__CFG_WDTE$ON             (abs)        0000
__CFG_WRT$OFF             (abs)        0000
__Habs1                   abs1         0000
__Hbank0                  bank0        0000
__Hbank1                  bank1        0000
__Hbank2                  bank2        0000
__Hbank3                  bank3        0000
__HbssBANK0               bssBANK0     0000
__Hcinit                  cinit        0039
__Hclrtext                clrtext      0000
__Hcode                   code         0000
__Hcommon                 common       0000
__Hconfig                 config       2009
__HcstackBANK0            cstackBANK0  0000
__HcstackCOMMON           cstackCOMMON 0000
__HdataBANK0              dataBANK0    0000
__HdataCOMMON             dataCOMMON   0000
__Heeprom_data            eeprom_data  0000
__Hend_init               end_init     0015
__Hfunctab                functab      0000
__HidataBANK0             idataBANK0   0000
__HidataCOMMON            idataCOMMON  0000
__Hidloc                  idloc        0000
__Hinit                   init         0012
__Hinittext               inittext     0000
__Hintentry               intentry     0012
__Hmaintext               maintext     0000
__Hpowerup                powerup      0000
__Hram                    ram          0000
__Hreset_vec              reset_vec    0003
__Hsfr0                   sfr0         0000
__Hsfr1                   sfr1         0000
__Hsfr2                   sfr2         0000
__Hsfr3                   sfr3         0000
__Hspace_0                (abs)        2009
__Hspace_1                (abs)        007A
__Hspace_2                (abs)        0000
__Hspace_3                (abs)        0000
__Hstack                  stack        0000
__Hstrings                strings      0000
__Htext                   text         0000
__Labs1                   abs1         0000
__Lbank0                  bank0        0000
__Lbank1                  bank1        0000
__Lbank2                  bank2        0000
__Lbank3                  bank3        0000
__LbssBANK0               bssBANK0     0000
__Lcinit                  cinit        0015
__Lclrtext                clrtext      0000
__Lcode                   code         0000
__Lcommon                 common       0000
__Lconfig                 config       2007
__LcstackBANK0            cstackBANK0  0000
__LcstackCOMMON           cstackCOMMON 0000
__LdataBANK0              dataBANK0    0000
__LdataCOMMON             dataCOMMON   0000
__Leeprom_data            eeprom_data  0000
__Lend_init               end_init     0012
__Lfunctab                functab      0000
__LidataBANK0             idataBANK0   0000
__LidataCOMMON            idataCOMMON  0000
__Lidloc                  idloc        0000
__Linit                   init         0012
__Linittext               inittext     0000
__Lintentry               intentry     0004
__Lmaintext               maintext     0000
__Lpowerup                powerup      0000
__Lram                    ram          0000
__Lreset_vec              reset_vec    0000
__Lsfr0                   sfr0         0000
__Lsfr1                   sfr1         0000
__Lsfr2                   sfr2         0000
__Lsfr3                   sfr3         0000
__Lspace_0                (abs)        0000
__Lspace_1                (abs)        0000
__Lspace_2                (abs)        0000
__Lspace_3                (abs)        0000
__Lstack                  stack        0000
__Lstrings                strings      0000
__Ltext                   text         0000
__S0                      (abs)        2009
__S1                      (abs)        007A
__S2                      (abs)        0000
__S3                      (abs)        0000
___awdiv                  text9        034E
___awdiv@counter          cstackBANK0  0021
___awdiv@dividend         cstackCOMMON 0076
___awdiv@divisor          cstackCOMMON 0074
___awdiv@quotient         cstackBANK0  0023
___awdiv@sign             cstackBANK0  0022
___awmod                  text8        0400
___awmod@counter          cstackBANK0  0021
___awmod@dividend         cstackCOMMON 0076
___awmod@divisor          cstackCOMMON 0074
___awmod@sign             cstackBANK0  0022
___cgram                  dataBANK0    0061
___int_sp                 stack        0000
___latbits                (abs)        0002
___sp                     stack        0000
__end_of_ADCInit          text15       056B
__end_of_IOInit           text14       0493
__end_of_ISR              text16       05A8
__end_of_LCDBusyLoop      text13       028F
__end_of_LCDByte          text12       0400
__end_of_LCDGotoXY        text11       04F7
__end_of_LCDInit          text10       02F3
__end_of_LCDWriteInt      text7        01B9
__end_of_LCDWriteString   text6        034E
__end_of_LoadMenuItem     text4        057E
__end_of_MenuInit         text3        04D1
__end_of___awdiv          text9        03A9
__end_of___awmod          text8        044D
__end_of__initialization  cinit        0035
__end_of__stringtab       strings      0506
__end_of_crc_calculate    text2        0227
__end_of_crc_verify       text1        053C
__end_of_eeprom_read      text5        0557
__end_of_main             maintext     011A
__initialization          cinit        0015
__pbssBANK0               bssBANK0     0041
__pcstackBANK0            cstackBANK0  0020
__pcstackCOMMON           cstackCOMMON 0070
__pdataBANK0              dataBANK0    0061
__pdataCOMMON             dataCOMMON   0078
__pidataBANK0             idataBANK0   058F
__pidataCOMMON            idataCOMMON  05B0
__pintentry               intentry     0004
__pmaintext               maintext     0039
__pstrings                strings      0500
__ptext1                  text1        051F
__ptext10                 text10       028F
__ptext11                 text11       04D1
__ptext12                 text12       03A9
__ptext13                 text13       0227
__ptext14                 text14       044D
__ptext15                 text15       0557
__ptext16                 text16       059D
__ptext2                  text2        01B9
__ptext3                  text3        0493
__ptext4                  text4        056B
__ptext5                  text5        053C
__ptext6                  text6        02F3
__ptext7                  text7        011A
__ptext8                  text8        0400
__ptext9                  text9        034E
__size_of_ADCInit         (abs)        0000
__size_of_IOInit          (abs)        0000
__size_of_ISR             (abs)        0000
__size_of_LCDBusyLoop     (abs)        0000
__size_of_LCDByte         (abs)        0000
__size_of_LCDGotoXY       (abs)        0000
__size_of_LCDInit         (abs)        0000
__size_of_LCDWriteInt     (abs)        0000
__size_of_LCDWriteString  (abs)        0000
__size_of_LoadMenuItem    (abs)        0000
__size_of_MenuInit        (abs)        0000
__size_of___awdiv         (abs)        0000
__size_of___awmod         (abs)        0000
__size_of_crc_calculate   (abs)        0000
__size_of_crc_verify      (abs)        0000
__size_of_eeprom_read     (abs)        0000
__size_of_main            (abs)        0000
__stringbase              strings      0505
__stringtab               strings      0500
_crc_calculate            text2        01B9
_crc_verify               text1        051F
_eeprom_read              text5        053C
_g_menu                   bssBANK0     0041
_main                     maintext     0039
_msg                      bssBANK0     004A
_pmsg                     dataBANK0    006E
btemp                     (abs)        007E
clear_ram0                clrtext      05A8
crc_calculate@crc         cstackBANK0  0023
crc_calculate@i           cstackBANK0  0025
crc_calculate@pmsg        cstackBANK0  0026
crc_verify@pmsg           cstackBANK0  0027
eeprom_read@addr          cstackCOMMON 0075
end_of_initialization     cinit        0035
init_fetch0               inittext     057E
init_ram0                 inittext     0582
interrupt_function        intentry     0004
intlevel0                 functab      0000
intlevel1                 functab      0000
intlevel2                 functab      0000
intlevel3                 functab      0000
intlevel4                 functab      0000
intlevel5                 functab      0000
ltemp                     (abs)        007E
ltemp0                    (abs)        007E
ltemp1                    (abs)        0082
ltemp2                    (abs)        0086
ltemp3                    (abs)        0080
main@byte                 cstackBANK0  0040
main@count                cstackBANK0  003E
main@count_374            cstackBANK0  003B
main@i                    cstackBANK0  003D
main@low                  cstackBANK0  003F
main@revc                 cstackBANK0  003A
main@smsg                 cstackBANK0  003C
reset_vec                 reset_vec    0000
saved_w                   (abs)        007E
stackhi                   (abs)        0000
stacklo                   (abs)        0000
start                     init         0012
start_initialization      cinit        0015
ttemp                     (abs)        007E
ttemp0                    (abs)        007E
ttemp1                    (abs)        0081
ttemp2                    (abs)        0084
ttemp3                    (abs)        0087
ttemp4                    (abs)        007F
wtemp                     (abs)        007E
wtemp0                    (abs)        007E
wtemp1                    (abs)        0080
wtemp2                    (abs)        0082
wtemp3                    (abs)        0084
wtemp4                    (abs)        0086
wtemp5                    (abs)        0088
wtemp6                    (abs)        007F


FUNCTION INFORMATION:

 *************** function _main *****************
 Defined at:
		line 161 in file "do_am.c"
 Parameters:    Size  Location     Type
		None
 Auto vars:     Size  Location     Type
  byte            1   32[BANK0 ] PTR struct .
		 -> msg(23), 
  i               1   29[BANK0 ] char 
  count           1   27[BANK0 ] char 
  low             1   31[BANK0 ] unsigned char 
  count           1   30[BANK0 ] unsigned char 
  smsg            1   28[BANK0 ] PTR unsigned char 
		 -> msg(23), 
  revc            1   26[BANK0 ] unsigned char 
 Return value:  Size  Location     Type
                  1    wreg      void 
 Registers used:
		wreg, fsr0l, fsr0h, status,2, status,0, btemp+1, pclath, cstack
 Tracked objects:
		On entry : 
		On exit  : 
		Unchanged: 
 Data sizes:     COMMON   BANK0   BANK1   BANK3   BANK2
      Params:         0       0       0       0       0
      Locals:         0       7       0       0       0
      Temps:          0       3       0       0       0
      Totals:         0      10       0       0       0
Total ram usage:       10 bytes
 Hardware stack levels required when called:    4
 This function calls:
		_ADCInit
		_IOInit
		_LCDByte
		_LCDGotoXY
		_LCDInit
		_LCDWriteInt
		_LCDWriteString
		_MenuInit
		_crc_verify
 This function is called by:
		Startup code after reset
 This function uses a non-reentrant model


 *************** function _crc_verify *****************
 Defined at:
		line 56 in file "msg.h"
 Parameters:    Size  Location     Type
  pmsg            1    wreg     PTR struct .
		 -> msg(23), 
 Auto vars:     Size  Location     Type
  pmsg            1    7[BANK0 ] PTR struct .
		 -> msg(23), 
 Return value:  Size  Location     Type
                  1    wreg      unsigned char 
 Registers used:
		wreg, fsr0l, fsr0h, status,2, status,0, pclath, cstack
 Tracked objects:
		On entry : 
		On exit  : 
		Unchanged: 
 Data sizes:     COMMON   BANK0   BANK1   BANK3   BANK2
      Params:         0       0       0       0       0
      Locals:         0       1       0       0       0
      Temps:          2       0       0       0       0
      Totals:         2       1       0       0       0
Total ram usage:        3 bytes
 Hardware stack levels used:    1
 Hardware stack levels required when called:    2
 This function calls:
		_crc_calculate
 This function is called by:
		_main
 This function uses a non-reentrant model


 *************** function _crc_calculate *****************
 Defined at:
		line 40 in file "msg.h"
 Parameters:    Size  Location     Type
  pmsg            1    wreg     PTR struct .
		 -> msg(23), 
 Auto vars:     Size  Location     Type
  pmsg            1    6[BANK0 ] PTR struct .
		 -> msg(23), 
  i               1    5[BANK0 ] unsigned char 
  crc             2    3[BANK0 ] unsigned int 
 Return value:  Size  Location     Type
                  2    4[COMMON] unsigned int 
 Registers used:
		wreg, fsr0l, fsr0h, status,2, status,0
 Tracked objects:
		On entry : 
		On exit  : 
		Unchanged: 
 Data sizes:     COMMON   BANK0   BANK1   BANK3   BANK2
      Params:         2       0       0       0       0
      Locals:         0       4       0       0       0
      Temps:          0       3       0       0       0
      Totals:         2       7       0       0       0
Total ram usage:        9 bytes
 Hardware stack levels used:    1
 Hardware stack levels required when called:    1
 This function calls:
		Nothing
 This function is called by:
		_crc_verify
		_compose
 This function uses a non-reentrant model


 *************** function _MenuInit *****************
 Defined at:
		line 7 in file "menu.c"
 Parameters:    Size  Location     Type
		None
 Auto vars:     Size  Location     Type
		None
 Return value:  Size  Location     Type
                  1    wreg      void 
 Registers used:
		wreg, fsr0l, fsr0h, status,2, status,0, pclath, cstack
 Tracked objects:
		On entry : 
		On exit  : 
		Unchanged: 
 Data sizes:     COMMON   BANK0   BANK1   BANK3   BANK2
      Params:         0       0       0       0       0
      Locals:         0       0       0       0       0
      Temps:          0       1       0       0       0
      Totals:         0       1       0       0       0
Total ram usage:        1 bytes
 Hardware stack levels used:    1
 Hardware stack levels required when called:    3
 This function calls:
		_LoadMenuItem
 This function is called by:
		_main
 This function uses a non-reentrant model


 *************** function _LoadMenuItem *****************
 Defined at:
		line 36 in file "menu.c"
 Parameters:    Size  Location     Type
  item            1    wreg     unsigned char 
 Auto vars:     Size  Location     Type
  item            1    0[BANK0 ] unsigned char 
 Return value:  Size  Location     Type
                  1    wreg      unsigned char 
 Registers used:
		wreg, fsr0l, fsr0h, status,2, status,0, pclath, cstack
 Tracked objects:
		On entry : 
		On exit  : 
		Unchanged: 
 Data sizes:     COMMON   BANK0   BANK1   BANK3   BANK2
      Params:         0       0       0       0       0
      Locals:         0       1       0       0       0
      Temps:          2       0       0       0       0
      Totals:         2       1       0       0       0
Total ram usage:        3 bytes
 Hardware stack levels used:    1
 Hardware stack levels required when called:    2
 This function calls:
		_eeprom_read
 This function is called by:
		_MenuInit
 This function uses a non-reentrant model


 *************** function _eeprom_read *****************
 Defined at:
		line 6 in file "C:\Program Files (x86)\Microchip\xc8\v1.37\sources\pic\eeread.c"
 Parameters:    Size  Location     Type
  addr            1    wreg     unsigned char 
 Auto vars:     Size  Location     Type
  addr            1    5[COMMON] unsigned char 
 Return value:  Size  Location     Type
                  1    wreg      unsigned char 
 Registers used:
		wreg, status,2, status,0
 Tracked objects:
		On entry : 
		On exit  : 
		Unchanged: 
 Data sizes:     COMMON   BANK0   BANK1   BANK3   BANK2
      Params:         0       0       0       0       0
      Locals:         1       0       0       0       0
      Temps:          1       0       0       0       0
      Totals:         2       0       0       0       0
Total ram usage:        2 bytes
 Hardware stack levels used:    1
 Hardware stack levels required when called:    1
 This function calls:
		Nothing
 This function is called by:
		_LoadMenuItem
 This function uses a non-reentrant model


 *************** function _LCDWriteString *****************
 Defined at:
		line 283 in file "lcd_hd44780_pic16.c"
 Parameters:    Size  Location     Type
  msg             1    wreg     PTR const unsigned char 
		 -> STR_7(1), STR_6(5), STR_5(5), STR_4(5), 
		 -> STR_3(5), STR_2(5), STR_1(1), 
 Auto vars:     Size  Location     Type
  msg             1   11[BANK0 ] PTR const unsigned char 
		 -> STR_7(1), STR_6(5), STR_5(5), STR_4(5), 
		 -> STR_3(5), STR_2(5), STR_1(1), 
  cc              1   10[BANK0 ] char 
  count           1    9[BANK0 ] char 
 Return value:  Size  Location     Type
                  1    wreg      char 
 Registers used:
		wreg, fsr0l, fsr0h, status,2, status,0, pclath, cstack
 Tracked objects:
		On entry : 
		On exit  : 
		Unchanged: 
 Data sizes:     COMMON   BANK0   BANK1   BANK3   BANK2
      Params:         0       0       0       0       0
      Locals:         0       3       0       0       0
      Temps:          1       0       0       0       0
      Totals:         1       3       0       0       0
Total ram usage:        4 bytes
 Hardware stack levels used:    1
 Hardware stack levels required when called:    3
 This function calls:
		_LCDByte
 This function is called by:
		_main
		_ShowMenu
		_ClearMenu
 This function uses a non-reentrant model


 *************** function _LCDWriteInt *****************
 Defined at:
		line 328 in file "lcd_hd44780_pic16.c"
 Parameters:    Size  Location     Type
  val             2    9[BANK0 ] int 
  field_length    1   11[BANK0 ] char 
 Auto vars:     Size  Location     Type
  str             5   14[BANK0 ] unsigned char [5]
  i               2   21[BANK0 ] int 
  j               2   19[BANK0 ] int 
 Return value:  Size  Location     Type
                  1    wreg      char 
 Registers used:
		wreg, fsr0l, fsr0h, status,2, status,0, btemp+1, pclath, cstack
 Tracked objects:
		On entry : 
		On exit  : 
		Unchanged: 
 Data sizes:     COMMON   BANK0   BANK1   BANK3   BANK2
      Params:         0       3       0       0       0
      Locals:         0       9       0       0       0
      Temps:          0       2       0       0       0
      Totals:         0      14       0       0       0
Total ram usage:       14 bytes
 Hardware stack levels used:    1
 Hardware stack levels required when called:    3
 This function calls:
		_LCDByte
		___awdiv
		___awmod
 This function is called by:
		_main
		_ShowMenu
 This function uses a non-reentrant model


 *************** function ___awmod *****************
 Defined at:
		line 6 in file "C:\Program Files (x86)\Microchip\xc8\v1.37\sources\common\awmod.c"
 Parameters:    Size  Location     Type
  divisor         2    4[COMMON] int 
  dividend        2    6[COMMON] int 
 Auto vars:     Size  Location     Type
  sign            1    2[BANK0 ] unsigned char 
  counter         1    1[BANK0 ] unsigned char 
 Return value:  Size  Location     Type
                  2    4[COMMON] int 
 Registers used:
		wreg, status,2, status,0
 Tracked objects:
		On entry : 
		On exit  : 
		Unchanged: 
 Data sizes:     COMMON   BANK0   BANK1   BANK3   BANK2
      Params:         4       0       0       0       0
      Locals:         0       2       0       0       0
      Temps:          0       1       0       0       0
      Totals:         4       3       0       0       0
Total ram usage:        7 bytes
 Hardware stack levels used:    1
 Hardware stack levels required when called:    1
 This function calls:
		Nothing
 This function is called by:
		_LCDWriteInt
 This function uses a non-reentrant model


 *************** function ___awdiv *****************
 Defined at:
		line 6 in file "C:\Program Files (x86)\Microchip\xc8\v1.37\sources\common\awdiv.c"
 Parameters:    Size  Location     Type
  divisor         2    4[COMMON] int 
  dividend        2    6[COMMON] int 
 Auto vars:     Size  Location     Type
  quotient        2    3[BANK0 ] int 
  sign            1    2[BANK0 ] unsigned char 
  counter         1    1[BANK0 ] unsigned char 
 Return value:  Size  Location     Type
                  2    4[COMMON] int 
 Registers used:
		wreg, status,2, status,0
 Tracked objects:
		On entry : 
		On exit  : 
		Unchanged: 
 Data sizes:     COMMON   BANK0   BANK1   BANK3   BANK2
      Params:         4       0       0       0       0
      Locals:         0       4       0       0       0
      Temps:          0       1       0       0       0
      Totals:         4       5       0       0       0
Total ram usage:        9 bytes
 Hardware stack levels used:    1
 Hardware stack levels required when called:    1
 This function calls:
		Nothing
 This function is called by:
		_LCDWriteInt
 This function uses a non-reentrant model


 *************** function _LCDInit *****************
 Defined at:
		line 211 in file "lcd_hd44780_pic16.c"
 Parameters:    Size  Location     Type
  style           1    wreg     unsigned char 
 Auto vars:     Size  Location     Type
  style           1   11[BANK0 ] unsigned char 
  __i             1   12[BANK0 ] unsigned char 
 Return value:  Size  Location     Type
                  1    wreg      void 
 Registers used:
		wreg, fsr0l, fsr0h, status,2, status,0, pclath, cstack
 Tracked objects:
		On entry : 
		On exit  : 
		Unchanged: 
 Data sizes:     COMMON   BANK0   BANK1   BANK3   BANK2
      Params:         0       0       0       0       0
      Locals:         0       2       0       0       0
      Temps:          0       2       0       0       0
      Totals:         0       4       0       0       0
Total ram usage:        4 bytes
 Hardware stack levels used:    1
 Hardware stack levels required when called:    3
 This function calls:
		_LCDBusyLoop
		_LCDByte
 This function is called by:
		_main
 This function uses a non-reentrant model


 *************** function _LCDGotoXY *****************
 Defined at:
		line 367 in file "lcd_hd44780_pic16.c"
 Parameters:    Size  Location     Type
  x               1    wreg     unsigned char 
  y               1    9[BANK0 ] unsigned char 
 Auto vars:     Size  Location     Type
  x               1   10[BANK0 ] unsigned char 
 Return value:  Size  Location     Type
                  1    wreg      void 
 Registers used:
		wreg, fsr0l, fsr0h, status,2, status,0, pclath, cstack
 Tracked objects:
		On entry : 
		On exit  : 
		Unchanged: 
 Data sizes:     COMMON   BANK0   BANK1   BANK3   BANK2
      Params:         0       1       0       0       0
      Locals:         0       1       0       0       0
      Temps:          1       0       0       0       0
      Totals:         1       2       0       0       0
Total ram usage:        3 bytes
 Hardware stack levels used:    1
 Hardware stack levels required when called:    3
 This function calls:
		_LCDByte
 This function is called by:
		_main
		_ShowMenu
		_ClearMenu
 This function uses a non-reentrant model


 *************** function _LCDByte *****************
 Defined at:
		line 80 in file "lcd_hd44780_pic16.c"
 Parameters:    Size  Location     Type
  c               1    wreg     unsigned char 
  isdata          1    6[COMMON] unsigned char 
 Auto vars:     Size  Location     Type
  c               1    7[BANK0 ] unsigned char 
  temp            1    8[BANK0 ] unsigned char 
  ln              1    6[BANK0 ] unsigned char 
  hn              1    5[BANK0 ] unsigned char 
 Return value:  Size  Location     Type
                  1    wreg      void 
 Registers used:
		wreg, status,2, status,0, pclath, cstack
 Tracked objects:
		On entry : 
		On exit  : 
		Unchanged: 
 Data sizes:     COMMON   BANK0   BANK1   BANK3   BANK2
      Params:         1       0       0       0       0
      Locals:         0       4       0       0       0
      Temps:          0       2       0       0       0
      Totals:         1       6       0       0       0
Total ram usage:        7 bytes
 Hardware stack levels used:    1
 Hardware stack levels required when called:    2
 This function calls:
		_LCDBusyLoop
 This function is called by:
		_main
		_LCDInit
		_LCDWriteString
		_LCDWriteInt
		_LCDGotoXY
		_LCDSetStyle
		_ShowMenu
		_ClearMenu
 This function uses a non-reentrant model


 *************** function _LCDBusyLoop *****************
 Defined at:
		line 135 in file "lcd_hd44780_pic16.c"
 Parameters:    Size  Location     Type
		None
 Auto vars:     Size  Location     Type
  status          1    2[BANK0 ] unsigned char 
  temp            1    1[BANK0 ] unsigned char 
  busy            1    0[BANK0 ] unsigned char 
 Return value:  Size  Location     Type
                  1    wreg      void 
 Registers used:
		wreg, status,2, status,0
 Tracked objects:
		On entry : 
		On exit  : 
		Unchanged: 
 Data sizes:     COMMON   BANK0   BANK1   BANK3   BANK2
      Params:         0       0       0       0       0
      Locals:         0       3       0       0       0
      Temps:          2       0       0       0       0
      Totals:         2       3       0       0       0
Total ram usage:        5 bytes
 Hardware stack levels used:    1
 Hardware stack levels required when called:    1
 This function calls:
		Nothing
 This function is called by:
		_LCDByte
		_LCDInit
 This function uses a non-reentrant model


 *************** function _IOInit *****************
 Defined at:
		line 114 in file "do_am.c"
 Parameters:    Size  Location     Type
		None
 Auto vars:     Size  Location     Type
		None
 Return value:  Size  Location     Type
                  1    wreg      void 
 Registers used:
		None
 Tracked objects:
		On entry : 
		On exit  : 
		Unchanged: 
 Data sizes:     COMMON   BANK0   BANK1   BANK3   BANK2
      Params:         0       0       0       0       0
      Locals:         0       0       0       0       0
      Temps:          0       0       0       0       0
      Totals:         0       0       0       0       0
Total ram usage:        0 bytes
 Hardware stack levels used:    1
 Hardware stack levels required when called:    1
 This function calls:
		Nothing
 This function is called by:
		_main
 This function uses a non-reentrant model


 *************** function _ADCInit *****************
 Defined at:
		line 7 in file "adc_pic16.c"
 Parameters:    Size  Location     Type
		None
 Auto vars:     Size  Location     Type
		None
 Return value:  Size  Location     Type
                  1    wreg      void 
 Registers used:
		wreg, status,2, status,0
 Tracked objects:
		On entry : 
		On exit  : 
		Unchanged: 
 Data sizes:     COMMON   BANK0   BANK1   BANK3   BANK2
      Params:         0       0       0       0       0
      Locals:         0       0       0       0       0
      Temps:          0       0       0       0       0
      Totals:         0       0       0       0       0
Total ram usage:        0 bytes
 Hardware stack levels used:    1
 Hardware stack levels required when called:    1
 This function calls:
		Nothing
 This function is called by:
		_main
 This function uses a non-reentrant model


 *************** function _ISR *****************
 Defined at:
		line 158 in file "do_am.c"
 Parameters:    Size  Location     Type
		None
 Auto vars:     Size  Location     Type
		None
 Return value:  Size  Location     Type
                  1    wreg      void 
 Registers used:
		None
 Tracked objects:
		On entry : 
		On exit  : 
		Unchanged: 
 Data sizes:     COMMON   BANK0   BANK1   BANK3   BANK2
      Params:         0       0       0       0       0
      Locals:         0       0       0       0       0
      Temps:          4       0       0       0       0
      Totals:         4       0       0       0       0
Total ram usage:        4 bytes
 Hardware stack levels used:    1
 This function calls:
		Nothing
 This function is called by:
		Interrupt level 1
 This function uses a non-reentrant model



MODULE INFORMATION

Module		Function		Class		Link	Load	Size
msg.h
		_crc_verify    		CODE           	051F	0000	30
		_crc_calculate 		CODE           	01B9	0000	111

msg.h estimated size: 141

C:\Program Files (x86)\Microchip\xc8\v1.37\sources\pic\eeread.c
		_eeprom_read   		CODE           	053C	0000	28

C:\Program Files (x86)\Microchip\xc8\v1.37\sources\pic\eeread.c estimated size: 28

C:\Program Files (x86)\Microchip\xc8\v1.37\sources\common\awdiv.c
		___awdiv       		CODE           	034E	0000	92

C:\Program Files (x86)\Microchip\xc8\v1.37\sources\common\awdiv.c estimated size: 92

shared
		__stringtab    		STRING         	0500	0000	7
		__initialization		CODE           	0015	0000	33

shared estimated size: 40

lcd_hd44780_pic16.c
		_LCDByte       		CODE           	03A9	0000	88
		_LCDWriteInt   		CODE           	011A	0000	160
		_LCDInit       		CODE           	028F	0000	101
		_LCDWriteString		CODE           	02F3	0000	92
		_LCDGotoXY     		CODE           	04D1	0000	39
		_LCDBusyLoop   		CODE           	0227	0000	105

lcd_hd44780_pic16.c estimated size: 585

menu.c
		_MenuInit      		CODE           	0493	0000	63
		_LoadMenuItem  		CODE           	056B	0000	20

menu.c estimated size: 83

do_am.c
		_IOInit        		CODE           	044D	0000	71
		_ISR           		CODE           	059D	0000	12
		_main          		CODE           	0039	0000	226

do_am.c estimated size: 309

C:\Program Files (x86)\Microchip\xc8\v1.37\sources\common\awmod.c
		___awmod       		CODE           	0400	0000	78

C:\Program Files (x86)\Microchip\xc8\v1.37\sources\common\awmod.c estimated size: 78

adc_pic16.c
		_ADCInit       		CODE           	0557	0000	21

adc_pic16.c estimated size: 21

