Microchip MPLAB XC8 Compiler V1.37 ()

Linker command line:

-W-3 --edf=C:\Program Files (x86)\Microchip\xc8\v1.37\dat\en_msgs.txt -cs \
  -h+dist/default/production\RF_ver1_client_16f866.X.production.sym \
  --cmf=dist/default/production\RF_ver1_client_16f866.X.production.cmf -z \
  -Q16F886 -oC:\Users\Admin\AppData\Local\Temp\s1k4.2 \
  -Mdist/default/production/RF_ver1_client_16f866.X.production.map -E1 \
  -ver=XC8 -ASTACK=0110h-016fh -pstack=STACK -ACODE=00h-07FFhx4 \
  -ASTRCODE=00h-01FFFh -ASTRING=00h-0FFhx32 -ACONST=00h-0FFhx32 \
  -AENTRY=00h-0FFhx32 -ACOMMON=070h-07Fh -ABANK0=020h-06Fh \
  -ABANK1=0A0h-0EFh -ABANK2=0110h-016Fh -ABANK3=0190h-01EFh \
  -ARAM=020h-06Fh,0A0h-0EFh,0110h-016Fh,0190h-01EFh \
  -AABS1=020h-07Fh,0A0h-0EFh,0110h-016Fh,0190h-01EFh -ASFR0=00h-01Fh \
  -ASFR1=080h-09Fh -ASFR2=0100h-010Fh -ASFR3=0180h-018Fh \
  -preset_vec=00h,intentry=04h,init,end_init -ppowerup=CODE -pcinit=CODE \
  -pfunctab=CODE -ACONFIG=02007h-02008h -pconfig=CONFIG -DCONFIG=2 \
  -AIDLOC=02000h-02003h -pidloc=IDLOC -DIDLOC=2 -AEEDATA=00h-0FFh/02100h \
  -peeprom_data=EEDATA -DEEDATA=2 -DCODE=2 -DSTRCODE=2 -DSTRING=2 -DCONST=2 \
  -DENTRY=2 -k C:\Users\Admin\AppData\Local\Temp\s1k4.obj \
  dist/default/production\RF_ver1_client_16f866.X.production.obj 

Object code version is 3.11

Machine type is 16F886



                Name                               Link     Load   Length Selector   Space Scale
C:\Users\Admin\AppData\Local\Temp\s1k4.obj
                end_init                             12       12        3        8       0
                reset_vec                             0        0        3        0       0
                config                             2007     2007        2     400E       0
dist/default/production\RF_ver1_client_16f866.X.production.obj
                cinit                                15       15       1C        8       0
                intentry                              4        4        E        8       0
                text31                              C56      C56        B     18AC       0
                text30                              CF5      CF5       14     19EA       0
                text29                              6E9      6E9       68      D02       0
                text28                              EF0      EF0       57     1DE0       0
                text27                              D3B      D3B       26     1A76       0
                text26                              751      751       62      D02       0
                text25                              DB3      DB3       31     1B66       0
                text24                              D20      D20       1B     1A40       0
                text23                              CCF      CCF       13     199E       0
                text22                              C7B      C7B       10     18F6       0
                text21                              E56      E56       46     1CAC       0
                text20                              681      681       68      D02       0
                text19                              C4C      C4C        A     1898       0
                text18                              C61      C61        D     18C2       0
                text17                              E9C      E9C       54     1D38       0
                text16                              C6E      C6E        D     18DC       0
                text15                              F47      F47       5B     1E8E       0
                text14                              7B3      7B3       4D      D02       0
                text13                              4E7      4E7       A1        8       0
                text12                              FA2      FA2       5E     1F44       0
                text11                              D89      D89       2A     1B12       0
                text10                              CBD      CBD       12     197A       0
                text9                               CE2      CE2       13     19C4       0
                text8                               D09      D09       17     1A12       0
                text7                               E18      E18       3E     1C30       0
                text6                               DE4      DE4       34     1BC8       0
                text5                               359      359       D7        8       0
                text4                               588      588       7E        8       0
                text3                               430      430       B7        8       0
                text2                               D61      D61       28     1AC2       0
                text1                               C9B      C9B       11     1936       0
                maintext                             31       31      328        8       0
                cstackBANK0                          20       20       50       20       1
                cstackCOMMON                         70       70        6       70       1
                cstackBANK1                          C0       C0       17       A0       1
                cstackBANK3                         190      190       23      190       1
                inittext                            CAC      CAC       11     1958       0
                clrtext                             C44      C44        8     1888       0
                dataBANK1                            D7       D7       10       A0       1
                bssBANK1                             A0       A0       20       A0       1
                bssCOMMON                            76       76        4       70       1
                strings                             606      606       7B      C0C       0
                idataBANK1                          C8B      C8B       10     1916       0

TOTAL           Name                               Link     Load   Length     Space
        CLASS   STACK          

        CLASS   CODE           
                end_init                             12       12        3         0
                cinit                                15       15       1C         0
                intentry                              4        4        E         0
                reset_vec                             0        0        3         0
                text31                              C56      C56        B         0
                text30                              CF5      CF5       14         0
                text29                              6E9      6E9       68         0
                text28                              EF0      EF0       57         0
                text27                              D3B      D3B       26         0
                text26                              751      751       62         0
                text25                              DB3      DB3       31         0
                text24                              D20      D20       1B         0
                text23                              CCF      CCF       13         0
                text22                              C7B      C7B       10         0
                text21                              E56      E56       46         0
                text20                              681      681       68         0
                text19                              C4C      C4C        A         0
                text18                              C61      C61        D         0
                text17                              E9C      E9C       54         0
                text16                              C6E      C6E        D         0
                text15                              F47      F47       5B         0
                text14                              7B3      7B3       4D         0
                text13                              4E7      4E7       A1         0
                text12                              FA2      FA2       5E         0
                text11                              D89      D89       2A         0
                text10                              CBD      CBD       12         0
                text9                               CE2      CE2       13         0
                text8                               D09      D09       17         0
                text7                               E18      E18       3E         0
                text6                               DE4      DE4       34         0
                text5                               359      359       D7         0
                text4                               588      588       7E         0
                text3                               430      430       B7         0
                text2                               D61      D61       28         0
                text1                               C9B      C9B       11         0
                maintext                             31       31      328         0
                inittext                            CAC      CAC       11         0
                clrtext                             C44      C44        8         0
                idataBANK1                          C8B      C8B       10         0

        CLASS   STRCODE        

        CLASS   STRING         
                strings                             606      606       7B         0

        CLASS   CONST          

        CLASS   ENTRY          

        CLASS   COMMON         
                cstackCOMMON                         70       70        6         1
                bssCOMMON                            76       76        4         1

        CLASS   BANK0          
                cstackBANK0                          20       20       50         1

        CLASS   BANK1          
                cstackBANK1                          C0       C0       17         1
                dataBANK1                            D7       D7       10         1
                bssBANK1                             A0       A0       20         1

        CLASS   BANK2          

        CLASS   BANK3          
                cstackBANK3                         190      190       23         1

        CLASS   RAM            

        CLASS   ABS1           
                abs_s1                               7E       7E        2         1

        CLASS   SFR0           

        CLASS   SFR1           

        CLASS   SFR2           

        CLASS   SFR3           

        CLASS   CONFIG         
                config                             2007     2007        2         0

        CLASS   IDLOC          

        CLASS   EEDATA         



SEGMENTS        Name                           Load    Length   Top    Selector   Space  Class     Delta

                reset_vec                      000000  000003  000003         0       0  CODE        2
                intentry                       000004  000602  000606         8       0  CODE        2
                cstackBANK0                    000020  000050  000070        20       1  BANK0       1
                cstackCOMMON                   000070  00000A  00007A        70       1  COMMON      1
                bssBANK1                       0000A0  000047  0000E7        A0       1  BANK1       1
                cstackBANK3                    000190  000023  0001B3       190       1  BANK3       1
                strings                        000606  00007B  000681       C0C       0  STRING      2
                text20                         000681  00017F  000800       D02       0  CODE        2
                clrtext                        000C44  000008  000C4C      1888       0  CODE        2
                text19                         000C4C  00000A  000C56      1898       0  CODE        2
                text31                         000C56  00000B  000C61      18AC       0  CODE        2
                text18                         000C61  00000D  000C6E      18C2       0  CODE        2
                text16                         000C6E  00000D  000C7B      18DC       0  CODE        2
                text22                         000C7B  000010  000C8B      18F6       0  CODE        2
                idataBANK1                     000C8B  000010  000C9B      1916       0  CODE        2
                text1                          000C9B  000011  000CAC      1936       0  CODE        2
                inittext                       000CAC  000011  000CBD      1958       0  CODE        2
                text10                         000CBD  000012  000CCF      197A       0  CODE        2
                text23                         000CCF  000013  000CE2      199E       0  CODE        2
                text9                          000CE2  000013  000CF5      19C4       0  CODE        2
                text30                         000CF5  000014  000D09      19EA       0  CODE        2
                text8                          000D09  000017  000D20      1A12       0  CODE        2
                text24                         000D20  00001B  000D3B      1A40       0  CODE        2
                text27                         000D3B  000026  000D61      1A76       0  CODE        2
                text2                          000D61  000028  000D89      1AC2       0  CODE        2
                text11                         000D89  00002A  000DB3      1B12       0  CODE        2
                text25                         000DB3  000031  000DE4      1B66       0  CODE        2
                text6                          000DE4  000034  000E18      1BC8       0  CODE        2
                text7                          000E18  00003E  000E56      1C30       0  CODE        2
                text21                         000E56  000046  000E9C      1CAC       0  CODE        2
                text17                         000E9C  000054  000EF0      1D38       0  CODE        2
                text28                         000EF0  000057  000F47      1DE0       0  CODE        2
                text15                         000F47  00005B  000FA2      1E8E       0  CODE        2
                text12                         000FA2  00005E  001000      1F44       0  CODE        2
                config                         002007  000002  002009      400E       0  CONFIG      2


UNUSED ADDRESS RANGES

        Name                Unused          Largest block    Delta
        BANK1            00E7-00EF              9           1
        BANK2            0110-016F             60           1
        BANK3            01B3-01EF             3D           1
        CODE             0003-0003              1           2
                         0800-0C43            444
                         1000-1FFF            800
        COMMON           007A-007D              4           1
        CONST            0003-0003              1           2
                         0800-0C43            100
                         1000-1FFF            100
        EEDATA           2100-21FF            100           2
        ENTRY            0003-0003              1           2
                         0800-0C43            100
                         1000-1FFF            100
        IDLOC            2000-2003              4           2
        RAM              00E7-00EF              9           1
                         0110-016F             60
                         01B3-01EF             3D
        SFR0             0000-001F             20           1
        SFR1             0080-009F             20           1
        SFR2             0100-010F             10           1
        SFR3             0180-018F             10           1
        STACK            0110-016F             60           1
        STRCODE          0003-0003              1           2
                         0800-0C43            444
                         1000-1FFF           1000
        STRING           0003-0003              1           2
                         0800-0C43            100
                         1000-1FFF            100

                                  Symbol Table

?___awdiv                        cstackBANK0  0020
?___awmod                        cstackBANK0  0020
?___lwdiv                        cstackBANK0  0020
?___lwmod                        cstackBANK0  0027
?_sprintf                        cstackBANK0  002C
ClearMenu@count                  cstackBANK0  0030
ClearMenu@i                      cstackBANK0  0031
LCDBusyLoop@busy                 cstackBANK0  0020
LCDBusyLoop@status               cstackBANK0  0022
LCDBusyLoop@temp                 cstackBANK0  0021
LCDByte@c                        cstackBANK0  0028
LCDByte@hn                       cstackBANK0  0026
LCDByte@isdata                   cstackBANK0  0023
LCDByte@ln                       cstackBANK0  0027
LCDByte@temp                     cstackBANK0  0029
LCDGotoXY@x                      cstackBANK0  002C
LCDGotoXY@y                      cstackBANK0  002A
LCDInit@__i                      cstackBANK0  002D
LCDInit@style                    cstackBANK0  002C
LCDSetStyle@style                cstackBANK0  002A
LCDWriteInt@F1646                dataBANK1    00DF
LCDWriteInt@field_length         cstackBANK0  002C
LCDWriteInt@i                    cstackBANK0  0036
LCDWriteInt@j                    cstackBANK0  0034
LCDWriteInt@str                  cstackBANK0  002F
LCDWriteInt@val                  cstackBANK0  002A
LCDWriteString@cc                cstackBANK0  002E
LCDWriteString@count             cstackBANK0  002D
LCDWriteString@msg               cstackBANK0  002A
LoadMenuItem@item                cstackBANK0  0022
SaveMenuItem@item                cstackBANK0  0023
ShowMenu@count                   cstackBANK0  003C
ShowMenu@i                       cstackBANK0  003D
_ADCInit                         text30       0CF5
_ADCON0bits                      (abs)        001F
_ADCON1bits                      (abs)        009F
_ADRESH                          (abs)        001E
_ADRESL                          (abs)        009E
_ANSELHbits                      (abs)        0189
_ANSELbits                       (abs)        0188
_CARRY                           (abs)        0018
_ClearMenu                       text25       0DB3
_ConnInit                        text22       0C7B
_EEADR                           (abs)        010D
_EECON1                          (abs)        018C
_EECON2                          (abs)        018D
_EEDATA                          (abs)        010C
_GIE                             (abs)        005F
_IOInit                          text21       0E56
_ISR                             text31       0C56
_LCDBusyLoop                     text29       06E9
_LCDByte                         text28       0EF0
_LCDGotoXY                       text27       0D3B
_LCDInit                         text20       0681
_LCDSetStyle                     text19       0C4C
_LCDWriteInt                     text13       04E7
_LCDWriteString                  text26       0751
_LoadMenuItem                    text23       0CCF
_MenuDown                        text18       0C61
_MenuInit                        text17       0E9C
_MenuUp                          text16       0C6E
_PORTC                           (abs)        0007
_RA0                             (abs)        0028
_RA1                             (abs)        0029
_RA2                             (abs)        002A
_RA3                             (abs)        002B
_RA6                             (abs)        002E
_RA7                             (abs)        002F
_RB4                             (abs)        0034
_RB5                             (abs)        0035
_RB6                             (abs)        0036
_RB7                             (abs)        0037
_RC1                             (abs)        0039
_RC2                             (abs)        003A
_RC3                             (abs)        003B
_RD                              (abs)        0C60
_SaveMenuItem                    text10       0CBD
_ShowMenu                        text12       0FA2
_TRISAbits                       (abs)        0085
_TRISBbits                       (abs)        0086
_TRISC                           (abs)        0087
_TRISCbits                       (abs)        0087
_ValueDec                        text9        0CE2
_ValueInc                        text8        0D09
_WR                              (abs)        0C61
_WREN                            (abs)        0C62
__CFG_BOR4V$BOR21V               (abs)        0000
__CFG_BOREN$ON                   (abs)        0000
__CFG_CP$ON                      (abs)        0000
__CFG_CPD$ON                     (abs)        0000
__CFG_FCMEN$ON                   (abs)        0000
__CFG_FOSC$INTRC_NOCLKOUT        (abs)        0000
__CFG_IESO$ON                    (abs)        0000
__CFG_LVP$ON                     (abs)        0000
__CFG_MCLRE$ON                   (abs)        0000
__CFG_PWRTE$OFF                  (abs)        0000
__CFG_WDTE$ON                    (abs)        0000
__CFG_WRT$OFF                    (abs)        0000
__Habs1                          abs1         0000
__Hbank0                         bank0        0000
__Hbank1                         bank1        0000
__Hbank2                         bank2        0000
__Hbank3                         bank3        0000
__HbssBANK1                      bssBANK1     0000
__HbssCOMMON                     bssCOMMON    0000
__Hcinit                         cinit        0031
__Hclrtext                       clrtext      0000
__Hcode                          code         0000
__Hcommon                        common       0000
__Hconfig                        config       2009
__HcstackBANK0                   cstackBANK0  0000
__HcstackBANK1                   cstackBANK1  0000
__HcstackBANK3                   cstackBANK3  0000
__HcstackCOMMON                  cstackCOMMON 0000
__HdataBANK1                     dataBANK1    0000
__Heeprom_data                   eeprom_data  0000
__Hend_init                      end_init     0015
__Hfunctab                       functab      0000
__HidataBANK1                    idataBANK1   0000
__Hidloc                         idloc        0000
__Hinit                          init         0012
__Hinittext                      inittext     0000
__Hintentry                      intentry     0012
__Hmaintext                      maintext     0000
__Hpowerup                       powerup      0000
__Hram                           ram          0000
__Hreset_vec                     reset_vec    0003
__Hsfr0                          sfr0         0000
__Hsfr1                          sfr1         0000
__Hsfr2                          sfr2         0000
__Hsfr3                          sfr3         0000
__Hspace_0                       (abs)        2009
__Hspace_1                       (abs)        01B3
__Hspace_2                       (abs)        0000
__Hspace_3                       (abs)        0000
__Hstack                         stack        0000
__Hstrings                       strings      0000
__Htext                          text         0000
__Labs1                          abs1         0000
__Lbank0                         bank0        0000
__Lbank1                         bank1        0000
__Lbank2                         bank2        0000
__Lbank3                         bank3        0000
__LbssBANK1                      bssBANK1     0000
__LbssCOMMON                     bssCOMMON    0000
__Lcinit                         cinit        0015
__Lclrtext                       clrtext      0000
__Lcode                          code         0000
__Lcommon                        common       0000
__Lconfig                        config       2007
__LcstackBANK0                   cstackBANK0  0000
__LcstackBANK1                   cstackBANK1  0000
__LcstackBANK3                   cstackBANK3  0000
__LcstackCOMMON                  cstackCOMMON 0000
__LdataBANK1                     dataBANK1    0000
__Leeprom_data                   eeprom_data  0000
__Lend_init                      end_init     0012
__Lfunctab                       functab      0000
__LidataBANK1                    idataBANK1   0000
__Lidloc                         idloc        0000
__Linit                          init         0012
__Linittext                      inittext     0000
__Lintentry                      intentry     0004
__Lmaintext                      maintext     0000
__Lpowerup                       powerup      0000
__Lram                           ram          0000
__Lreset_vec                     reset_vec    0000
__Lsfr0                          sfr0         0000
__Lsfr1                          sfr1         0000
__Lsfr2                          sfr2         0000
__Lsfr3                          sfr3         0000
__Lspace_0                       (abs)        0000
__Lspace_1                       (abs)        0000
__Lspace_2                       (abs)        0000
__Lspace_3                       (abs)        0000
__Lstack                         stack        0000
__Lstrings                       strings      0000
__Ltext                          text         0000
__S0                             (abs)        2009
__S1                             (abs)        01B3
__S2                             (abs)        0000
__S3                             (abs)        0000
___awdiv                         text15       0F47
___awdiv@counter                 cstackBANK0  0024
___awdiv@dividend                cstackBANK0  0022
___awdiv@divisor                 cstackBANK0  0020
___awdiv@quotient                cstackBANK0  0026
___awdiv@sign                    cstackBANK0  0025
___awmod                         text14       07B3
___awmod@counter                 cstackBANK0  0024
___awmod@dividend                cstackBANK0  0022
___awmod@divisor                 cstackBANK0  0020
___awmod@sign                    cstackBANK0  0025
___cgram                         dataBANK1    00D7
___int_sp                        stack        0000
___latbits                       (abs)        0002
___lwdiv                         text7        0E18
___lwdiv@counter                 cstackBANK0  0024
___lwdiv@dividend                cstackBANK0  0022
___lwdiv@divisor                 cstackBANK0  0020
___lwdiv@quotient                cstackBANK0  0025
___lwmod                         text6        0DE4
___lwmod@counter                 cstackBANK0  002B
___lwmod@dividend                cstackBANK0  0029
___lwmod@divisor                 cstackBANK0  0027
___sp                            stack        0000
__end_of_ADCInit                 text30       0D09
__end_of_ClearMenu               text25       0DE4
__end_of_ConnInit                text22       0C8B
__end_of_IOInit                  text21       0E9C
__end_of_ISR                     text31       0C61
__end_of_LCDBusyLoop             text29       0751
__end_of_LCDByte                 text28       0F47
__end_of_LCDGotoXY               text27       0D61
__end_of_LCDInit                 text20       06E9
__end_of_LCDSetStyle             text19       0C56
__end_of_LCDWriteInt             text13       0588
__end_of_LCDWriteString          text26       07B3
__end_of_LoadMenuItem            text23       0CE2
__end_of_MenuDown                text18       0C6E
__end_of_MenuInit                text17       0EF0
__end_of_MenuUp                  text16       0C7B
__end_of_SaveMenuItem            text10       0CCF
__end_of_ShowMenu                text12       1000
__end_of_ValueDec                text9        0CF5
__end_of_ValueInc                text8        0D20
__end_of___awdiv                 text15       0FA2
__end_of___awmod                 text14       0800
__end_of___lwdiv                 text7        0E56
__end_of___lwmod                 text6        0E18
__end_of__initialization         cinit        002D
__end_of__stringtab              strings      0616
__end_of_dpowers                 strings      0620
__end_of_dum_conn                text4        0606
__end_of_dum_msg                 text3        04E7
__end_of_eeprom_read             text24       0D3B
__end_of_eeprom_write            text11       0DB3
__end_of_extract_REG_ID_RQT_CMD  text1        0CAC
__end_of_main                    maintext     0359
__end_of_memcpy                  text2        0D89
__end_of_sprintf                 text5        0430
__initialization                 cinit        0015
__pbssBANK1                      bssBANK1     00A0
__pbssCOMMON                     bssCOMMON    0076
__pcstackBANK0                   cstackBANK0  0020
__pcstackBANK1                   cstackBANK1  00C0
__pcstackBANK3                   cstackBANK3  0190
__pcstackCOMMON                  cstackCOMMON 0070
__pdataBANK1                     dataBANK1    00D7
__pidataBANK1                    idataBANK1   0C8B
__pintentry                      intentry     0004
__pmaintext                      maintext     0031
__pstrings                       strings      0606
__ptext1                         text1        0C9B
__ptext10                        text10       0CBD
__ptext11                        text11       0D89
__ptext12                        text12       0FA2
__ptext13                        text13       04E7
__ptext14                        text14       07B3
__ptext15                        text15       0F47
__ptext16                        text16       0C6E
__ptext17                        text17       0E9C
__ptext18                        text18       0C61
__ptext19                        text19       0C4C
__ptext2                         text2        0D61
__ptext20                        text20       0681
__ptext21                        text21       0E56
__ptext22                        text22       0C7B
__ptext23                        text23       0CCF
__ptext24                        text24       0D20
__ptext25                        text25       0DB3
__ptext26                        text26       0751
__ptext27                        text27       0D3B
__ptext28                        text28       0EF0
__ptext29                        text29       06E9
__ptext3                         text3        0430
__ptext30                        text30       0CF5
__ptext31                        text31       0C56
__ptext4                         text4        0588
__ptext5                         text5        0359
__ptext6                         text6        0DE4
__ptext7                         text7        0E18
__ptext8                         text8        0D09
__ptext9                         text9        0CE2
__size_of_ADCInit                (abs)        0000
__size_of_ClearMenu              (abs)        0000
__size_of_ConnInit               (abs)        0000
__size_of_IOInit                 (abs)        0000
__size_of_ISR                    (abs)        0000
__size_of_LCDBusyLoop            (abs)        0000
__size_of_LCDByte                (abs)        0000
__size_of_LCDGotoXY              (abs)        0000
__size_of_LCDInit                (abs)        0000
__size_of_LCDSetStyle            (abs)        0000
__size_of_LCDWriteInt            (abs)        0000
__size_of_LCDWriteString         (abs)        0000
__size_of_LoadMenuItem           (abs)        0000
__size_of_MenuDown               (abs)        0000
__size_of_MenuInit               (abs)        0000
__size_of_MenuUp                 (abs)        0000
__size_of_SaveMenuItem           (abs)        0000
__size_of_ShowMenu               (abs)        0000
__size_of_ValueDec               (abs)        0000
__size_of_ValueInc               (abs)        0000
__size_of___awdiv                (abs)        0000
__size_of___awmod                (abs)        0000
__size_of___lwdiv                (abs)        0000
__size_of___lwmod                (abs)        0000
__size_of_dum_conn               (abs)        0000
__size_of_dum_msg                (abs)        0000
__size_of_eeprom_read            (abs)        0000
__size_of_eeprom_write           (abs)        0000
__size_of_extract_REG_ID_RQT_CMD (abs)        0000
__size_of_main                   (abs)        0000
__size_of_memcpy                 (abs)        0000
__size_of_sprintf                (abs)        0000
__stringbase                     strings      0615
__stringtab                      strings      0606
_dpowers                         strings      0616
_dum_conn                        text4        0588
_dum_msg                         text3        0430
_eeprom_read                     text24       0D20
_eeprom_write                    text11       0D89
_extract_REG_ID_RQT_CMD          text1        0C9B
_g_menu                          bssBANK1     00A0
_main                            maintext     0031
_memcpy                          text2        0D61
_mode                            dataBANK1    00E4
_msg                             bssBANK1     00A9
_pmsg                            dataBANK1    00E5
_server_conn                     bssCOMMON    0076
_sprintf                         text5        0359
_submode                         dataBANK1    00E6
btemp                            (abs)        007E
clear_ram0                       clrtext      0C44
dum_conn@count                   cstackBANK0  006D
dum_conn@i                       cstackBANK0  006E
dum_conn@pconn                   cstackBANK0  006F
dum_conn@s                       cstackBANK0  004D
dum_msg@count                    cstackBANK3  01B0
dum_msg@i                        cstackBANK3  01B1
dum_msg@pmsg                     cstackBANK3  01B2
dum_msg@s                        cstackBANK3  0190
eeprom_read@addr                 cstackCOMMON 0075
eeprom_write@addr                cstackBANK0  0020
eeprom_write@value               cstackCOMMON 0074
end_of_initialization            cinit        002D
extract_REG_ID_RQT_CMD@pmsg      cstackBANK0  0027
extract_REG_ID_RQT_CMD@prqt      cstackCOMMON 0075
init_fetch0                      inittext     0CAC
init_ram0                        inittext     0CB0
interrupt_function               intentry     0004
intlevel0                        functab      0000
intlevel1                        functab      0000
intlevel2                        functab      0000
intlevel3                        functab      0000
intlevel4                        functab      0000
intlevel5                        functab      0000
ltemp                            (abs)        007E
ltemp0                           (abs)        007E
ltemp1                           (abs)        0082
ltemp2                           (abs)        0086
ltemp3                           (abs)        0080
main@byte                        cstackBANK1  00D5
main@byte_526                    cstackBANK1  00D6
main@count                       cstackBANK1  00D3
main@count_541                   cstackBANK1  00C5
main@count_544                   cstackBANK1  00C6
main@count_547                   cstackBANK1  00C7
main@count_550                   cstackBANK1  00C8
main@count_553                   cstackBANK1  00C9
main@count_556                   cstackBANK1  00CA
main@i                           cstackBANK1  00CC
main@i_546                       cstackBANK1  00CD
main@i_549                       cstackBANK1  00CE
main@i_552                       cstackBANK1  00CF
main@i_555                       cstackBANK1  00D0
main@i_558                       cstackBANK1  00D1
main@low                         cstackBANK1  00D4
main@revc                        cstackBANK1  00C3
main@rqt                         cstackBANK1  00CB
main@rsp                         cstackBANK1  00C4
main@smsg                        cstackBANK1  00D2
memcpy@d                         cstackBANK0  0023
memcpy@d1                        cstackBANK0  0025
memcpy@n                         cstackBANK0  0021
memcpy@s                         cstackBANK0  0024
memcpy@s1                        cstackBANK0  0020
reset_vec                        reset_vec    0000
saved_w                          (abs)        007E
sprintf@ap                       cstackBANK0  003E
sprintf@c                        cstackBANK0  0043
sprintf@f                        cstackBANK0  002E
sprintf@flag                     cstackBANK0  003F
sprintf@prec                     cstackBANK0  0040
sprintf@sp                       cstackBANK0  002C
sprintf@val                      cstackBANK0  0041
stackhi                          (abs)        0000
stacklo                          (abs)        0000
start                            init         0012
start_initialization             cinit        0015
ttemp                            (abs)        007E
ttemp0                           (abs)        007E
ttemp1                           (abs)        0081
ttemp2                           (abs)        0084
ttemp3                           (abs)        0087
ttemp4                           (abs)        007F
wtemp                            (abs)        007E
wtemp0                           (abs)        007E
wtemp1                           (abs)        0080
wtemp2                           (abs)        0082
wtemp3                           (abs)        0084
wtemp4                           (abs)        0086
wtemp5                           (abs)        0088
wtemp6                           (abs)        007F


FUNCTION INFORMATION:

 *************** function _main *****************
 Defined at:
		line 172 in file "do_am.c"
 Parameters:    Size  Location     Type
		None
 Auto vars:     Size  Location     Type
  i               1   15[BANK1 ] char 
  i               1   14[BANK1 ] char 
  count           1    8[BANK1 ] char 
  count           1    7[BANK1 ] char 
  i               1   13[BANK1 ] char 
  i               1   12[BANK1 ] char 
  byte            1   22[BANK1 ] PTR struct .
		 -> msg(23), 
  i               1   17[BANK1 ] char 
  i               1   16[BANK1 ] char 
  count           1    6[BANK1 ] char 
  count           1    5[BANK1 ] char 
  count           1   10[BANK1 ] char 
  count           1    9[BANK1 ] char 
  byte            1   21[BANK1 ] PTR struct .
		 -> msg(23), 
  low             1   20[BANK1 ] unsigned char 
  count           1   19[BANK1 ] unsigned char 
  smsg            1   18[BANK1 ] PTR unsigned char 
		 -> msg(23), 
  rqt             1   11[BANK1 ] struct .
  rsp             1    4[BANK1 ] struct .
  revc            1    3[BANK1 ] unsigned char 
 Return value:  Size  Location     Type
                  1    wreg      void 
 Registers used:
		wreg, fsr0l, fsr0h, status,2, status,0, btemp+1, pclath, cstack
 Tracked objects:
		On entry : 
		On exit  : 
		Unchanged: 
 Data sizes:     COMMON   BANK0   BANK1   BANK3   BANK2
      Params:         0       0       0       0       0
      Locals:         0       0      20       0       0
      Temps:          0       0       3       0       0
      Totals:         0       0      23       0       0
Total ram usage:       23 bytes
 Hardware stack levels required when called:    5
 This function calls:
		_ADCInit
		_ClearMenu
		_ConnInit
		_IOInit
		_LCDByte
		_LCDGotoXY
		_LCDInit
		_LCDSetStyle
		_LCDWriteString
		_MenuDown
		_MenuInit
		_MenuUp
		_ShowMenu
		_ValueDec
		_ValueInc
		_dum_conn
		_dum_msg
		_extract_REG_ID_RQT_CMD
 This function is called by:
		Startup code after reset
 This function uses a non-reentrant model


 *************** function _extract_REG_ID_RQT_CMD *****************
 Defined at:
		line 48 in file "reg_id.h"
 Parameters:    Size  Location     Type
  pmsg            1    wreg     PTR const struct .
		 -> msg(23), 
  prqt            1    5[COMMON] PTR struct .
		 -> main@rqt(1), 
 Auto vars:     Size  Location     Type
  pmsg            1    7[BANK0 ] PTR const struct .
		 -> msg(23), 
 Return value:  Size  Location     Type
                  1    wreg      void 
 Registers used:
		wreg, fsr0l, fsr0h, status,2, status,0, pclath, cstack
 Tracked objects:
		On entry : 
		On exit  : 
		Unchanged: 
 Data sizes:     COMMON   BANK0   BANK1   BANK3   BANK2
      Params:         1       0       0       0       0
      Locals:         0       1       0       0       0
      Temps:          0       1       0       0       0
      Totals:         1       2       0       0       0
Total ram usage:        3 bytes
 Hardware stack levels used:    1
 Hardware stack levels required when called:    2
 This function calls:
		_memcpy
 This function is called by:
		_main
 This function uses a non-reentrant model


 *************** function _memcpy *****************
 Defined at:
		line 11 in file "C:\Program Files (x86)\Microchip\xc8\v1.37\sources\common\memcpy.c"
 Parameters:    Size  Location     Type
  d1              1    wreg     PTR void 
		 -> main@rqt(1), 
  s1              1    0[BANK0 ] PTR const void 
		 -> msg.data(16), msg(23), 
  n               2    1[BANK0 ] unsigned int 
 Auto vars:     Size  Location     Type
  d1              1    5[BANK0 ] PTR void 
		 -> main@rqt(1), 
  s               1    4[BANK0 ] PTR const unsigned char 
		 -> msg.data(16), msg(23), 
  d               1    3[BANK0 ] PTR unsigned char 
		 -> main@rqt(1), 
 Return value:  Size  Location     Type
                  1    wreg      PTR void 
 Registers used:
		wreg, fsr0l, fsr0h, status,2, status,0
 Tracked objects:
		On entry : 
		On exit  : 
		Unchanged: 
 Data sizes:     COMMON   BANK0   BANK1   BANK3   BANK2
      Params:         0       3       0       0       0
      Locals:         0       3       0       0       0
      Temps:          1       0       0       0       0
      Totals:         1       6       0       0       0
Total ram usage:        7 bytes
 Hardware stack levels used:    1
 Hardware stack levels required when called:    1
 This function calls:
		Nothing
 This function is called by:
		_extract_REG_ID_RQT_CMD
		_compose
		_extract_REG_ID_RSP_CMD
 This function uses a non-reentrant model


 *************** function _dum_msg *****************
 Defined at:
		line 72 in file "msg.h"
 Parameters:    Size  Location     Type
  pmsg            1    wreg     PTR struct .
		 -> msg(23), 
 Auto vars:     Size  Location     Type
  pmsg            1   34[BANK3 ] PTR struct .
		 -> msg(23), 
  i               1   33[BANK3 ] char 
  count           1   32[BANK3 ] char 
  s              32    0[BANK3 ] unsigned char [32]
 Return value:  Size  Location     Type
                  1    wreg      void 
 Registers used:
		wreg, fsr0l, fsr0h, status,2, status,0, btemp+1, pclath, cstack
 Tracked objects:
		On entry : 
		On exit  : 
		Unchanged: 
 Data sizes:     COMMON   BANK0   BANK1   BANK3   BANK2
      Params:         0       0       0       0       0
      Locals:         0       0       0      35       0
      Temps:          0      11       0       0       0
      Totals:         0      11       0      35       0
Total ram usage:       46 bytes
 Hardware stack levels used:    1
 Hardware stack levels required when called:    4
 This function calls:
		_LCDByte
		_LCDGotoXY
		_LCDWriteString
		_sprintf
 This function is called by:
		_main
 This function uses a non-reentrant model


 *************** function _dum_conn *****************
 Defined at:
		line 34 in file "connection.h"
 Parameters:    Size  Location     Type
  pconn           1    wreg     PTR struct .
		 -> server_conn(4), 
 Auto vars:     Size  Location     Type
  pconn           1   79[BANK0 ] PTR struct .
		 -> server_conn(4), 
  i               1   78[BANK0 ] char 
  count           1   77[BANK0 ] char 
  s              32   45[BANK0 ] unsigned char [32]
 Return value:  Size  Location     Type
                  1    wreg      void 
 Registers used:
		wreg, fsr0l, fsr0h, status,2, status,0, btemp+1, pclath, cstack
 Tracked objects:
		On entry : 
		On exit  : 
		Unchanged: 
 Data sizes:     COMMON   BANK0   BANK1   BANK3   BANK2
      Params:         0       0       0       0       0
      Locals:         0      35       0       0       0
      Temps:          0       9       0       0       0
      Totals:         0      44       0       0       0
Total ram usage:       44 bytes
 Hardware stack levels used:    1
 Hardware stack levels required when called:    4
 This function calls:
		_LCDByte
		_LCDGotoXY
		_LCDWriteString
		_sprintf
 This function is called by:
		_main
 This function uses a non-reentrant model


 *************** function _sprintf *****************
 Defined at:
		line 492 in file "C:\Program Files (x86)\Microchip\xc8\v1.37\sources\common\doprnt.c"
 Parameters:    Size  Location     Type
  sp              2   12[BANK0 ] PTR unsigned char 
		 -> dum_conn@s(32), dum_msg@s(32), 
  f               1   14[BANK0 ] PTR const unsigned char 
		 -> STR_3(14), STR_1(20), 
 Auto vars:     Size  Location     Type
  tmpval          4    0        struct .
  val             2   33[BANK0 ] unsigned int 
  cp              2    0        PTR const unsigned char 
  len             2    0        unsigned int 
  c               1   35[BANK0 ] char 
  prec            1   32[BANK0 ] char 
  flag            1   31[BANK0 ] unsigned char 
  ap              1   30[BANK0 ] PTR void [1]
		 -> ?_sprintf(2), 
 Return value:  Size  Location     Type
                  2   12[BANK0 ] int 
 Registers used:
		wreg, fsr0l, fsr0h, status,2, status,0, btemp+1, pclath, cstack
 Tracked objects:
		On entry : 
		On exit  : 
		Unchanged: 
 Data sizes:     COMMON   BANK0   BANK1   BANK3   BANK2
      Params:         0      15       0       0       0
      Locals:         0       6       0       0       0
      Temps:          0       3       0       0       0
      Totals:         0      24       0       0       0
Total ram usage:       24 bytes
 Hardware stack levels used:    1
 Hardware stack levels required when called:    2
 This function calls:
		___lwdiv
		___lwmod
 This function is called by:
		_dum_msg
		_dum_conn
 This function uses a non-reentrant model


 *************** function ___lwmod *****************
 Defined at:
		line 6 in file "C:\Program Files (x86)\Microchip\xc8\v1.37\sources\common\lwmod.c"
 Parameters:    Size  Location     Type
  divisor         2    7[BANK0 ] unsigned int 
  dividend        2    9[BANK0 ] unsigned int 
 Auto vars:     Size  Location     Type
  counter         1   11[BANK0 ] unsigned char 
 Return value:  Size  Location     Type
                  2    7[BANK0 ] unsigned int 
 Registers used:
		wreg, status,2, status,0
 Tracked objects:
		On entry : 
		On exit  : 
		Unchanged: 
 Data sizes:     COMMON   BANK0   BANK1   BANK3   BANK2
      Params:         0       4       0       0       0
      Locals:         0       1       0       0       0
      Temps:          1       0       0       0       0
      Totals:         1       5       0       0       0
Total ram usage:        6 bytes
 Hardware stack levels used:    1
 Hardware stack levels required when called:    1
 This function calls:
		Nothing
 This function is called by:
		_sprintf
 This function uses a non-reentrant model


 *************** function ___lwdiv *****************
 Defined at:
		line 6 in file "C:\Program Files (x86)\Microchip\xc8\v1.37\sources\common\lwdiv.c"
 Parameters:    Size  Location     Type
  divisor         2    0[BANK0 ] unsigned int 
  dividend        2    2[BANK0 ] unsigned int 
 Auto vars:     Size  Location     Type
  quotient        2    5[BANK0 ] unsigned int 
  counter         1    4[BANK0 ] unsigned char 
 Return value:  Size  Location     Type
                  2    0[BANK0 ] unsigned int 
 Registers used:
		wreg, status,2, status,0
 Tracked objects:
		On entry : 
		On exit  : 
		Unchanged: 
 Data sizes:     COMMON   BANK0   BANK1   BANK3   BANK2
      Params:         0       4       0       0       0
      Locals:         0       3       0       0       0
      Temps:          1       0       0       0       0
      Totals:         1       7       0       0       0
Total ram usage:        8 bytes
 Hardware stack levels used:    1
 Hardware stack levels required when called:    1
 This function calls:
		Nothing
 This function is called by:
		_sprintf
 This function uses a non-reentrant model


 *************** function _ValueInc *****************
 Defined at:
		line 62 in file "menu.c"
 Parameters:    Size  Location     Type
		None
 Auto vars:     Size  Location     Type
		None
 Return value:  Size  Location     Type
                  1    wreg      void 
 Registers used:
		wreg, fsr0l, fsr0h, status,2, status,0, pclath, cstack
 Tracked objects:
		On entry : 
		On exit  : 
		Unchanged: 
 Data sizes:     COMMON   BANK0   BANK1   BANK3   BANK2
      Params:         0       0       0       0       0
      Locals:         0       0       0       0       0
      Temps:          0       2       0       0       0
      Totals:         0       2       0       0       0
Total ram usage:        2 bytes
 Hardware stack levels used:    1
 Hardware stack levels required when called:    3
 This function calls:
		_SaveMenuItem
 This function is called by:
		_main
 This function uses a non-reentrant model


 *************** function _ValueDec *****************
 Defined at:
		line 67 in file "menu.c"
 Parameters:    Size  Location     Type
		None
 Auto vars:     Size  Location     Type
		None
 Return value:  Size  Location     Type
                  2   83[None  ] int 
 Registers used:
		wreg, fsr0l, fsr0h, status,2, status,0, pclath, cstack
 Tracked objects:
		On entry : 
		On exit  : 
		Unchanged: 
 Data sizes:     COMMON   BANK0   BANK1   BANK3   BANK2
      Params:         0       0       0       0       0
      Locals:         0       0       0       0       0
      Temps:          0       1       0       0       0
      Totals:         0       1       0       0       0
Total ram usage:        1 bytes
 Hardware stack levels used:    1
 Hardware stack levels required when called:    3
 This function calls:
		_SaveMenuItem
 This function is called by:
		_main
 This function uses a non-reentrant model


 *************** function _SaveMenuItem *****************
 Defined at:
		line 32 in file "menu.c"
 Parameters:    Size  Location     Type
  item            1    wreg     unsigned char 
 Auto vars:     Size  Location     Type
  item            1    3[BANK0 ] unsigned char 
 Return value:  Size  Location     Type
                  1    wreg      void 
 Registers used:
		wreg, fsr0l, fsr0h, status,2, status,0, pclath, cstack
 Tracked objects:
		On entry : 
		On exit  : 
		Unchanged: 
 Data sizes:     COMMON   BANK0   BANK1   BANK3   BANK2
      Params:         0       0       0       0       0
      Locals:         0       1       0       0       0
      Temps:          0       2       0       0       0
      Totals:         0       3       0       0       0
Total ram usage:        3 bytes
 Hardware stack levels used:    1
 Hardware stack levels required when called:    2
 This function calls:
		_eeprom_write
 This function is called by:
		_ValueInc
		_ValueDec
 This function uses a non-reentrant model


 *************** function _eeprom_write *****************
 Defined at:
		line 6 in file "C:\Program Files (x86)\Microchip\xc8\v1.37\sources\pic\eewrite.c"
 Parameters:    Size  Location     Type
  addr            1    wreg     unsigned char 
  value           1    4[COMMON] unsigned char 
 Auto vars:     Size  Location     Type
  addr            1    0[BANK0 ] unsigned char 
 Return value:  Size  Location     Type
                  1    wreg      void 
 Registers used:
		wreg, status,2, status,0
 Tracked objects:
		On entry : 
		On exit  : 
		Unchanged: 
 Data sizes:     COMMON   BANK0   BANK1   BANK3   BANK2
      Params:         1       0       0       0       0
      Locals:         0       1       0       0       0
      Temps:          1       0       0       0       0
      Totals:         2       1       0       0       0
Total ram usage:        3 bytes
 Hardware stack levels used:    1
 Hardware stack levels required when called:    1
 This function calls:
		Nothing
 This function is called by:
		_SaveMenuItem
 This function uses a non-reentrant model


 *************** function _ShowMenu *****************
 Defined at:
		line 23 in file "menu.c"
 Parameters:    Size  Location     Type
		None
 Auto vars:     Size  Location     Type
  i               1   29[BANK0 ] char 
  count           1   28[BANK0 ] char 
 Return value:  Size  Location     Type
                  1    wreg      void 
 Registers used:
		wreg, fsr0l, fsr0h, status,2, status,0, btemp+1, pclath, cstack
 Tracked objects:
		On entry : 
		On exit  : 
		Unchanged: 
 Data sizes:     COMMON   BANK0   BANK1   BANK3   BANK2
      Params:         0       0       0       0       0
      Locals:         0       2       0       0       0
      Temps:          0       4       0       0       0
      Totals:         0       6       0       0       0
Total ram usage:        6 bytes
 Hardware stack levels used:    1
 Hardware stack levels required when called:    4
 This function calls:
		_LCDByte
		_LCDGotoXY
		_LCDWriteInt
		_LCDWriteString
 This function is called by:
		_main
 This function uses a non-reentrant model


 *************** function _LCDWriteInt *****************
 Defined at:
		line 328 in file "lcd_hd44780_pic16.c"
 Parameters:    Size  Location     Type
  val             2   10[BANK0 ] int 
  field_length    1   12[BANK0 ] char 
 Auto vars:     Size  Location     Type
  str             5   15[BANK0 ] unsigned char [5]
  i               2   22[BANK0 ] int 
  j               2   20[BANK0 ] int 
 Return value:  Size  Location     Type
                  1    wreg      char 
 Registers used:
		wreg, fsr0l, fsr0h, status,2, status,0, btemp+1, pclath, cstack
 Tracked objects:
		On entry : 
		On exit  : 
		Unchanged: 
 Data sizes:     COMMON   BANK0   BANK1   BANK3   BANK2
      Params:         0       3       0       0       0
      Locals:         0       9       0       0       0
      Temps:          0       2       0       0       0
      Totals:         0      14       0       0       0
Total ram usage:       14 bytes
 Hardware stack levels used:    1
 Hardware stack levels required when called:    3
 This function calls:
		_LCDByte
		___awdiv
		___awmod
 This function is called by:
		_ShowMenu
 This function uses a non-reentrant model


 *************** function ___awmod *****************
 Defined at:
		line 6 in file "C:\Program Files (x86)\Microchip\xc8\v1.37\sources\common\awmod.c"
 Parameters:    Size  Location     Type
  divisor         2    0[BANK0 ] int 
  dividend        2    2[BANK0 ] int 
 Auto vars:     Size  Location     Type
  sign            1    5[BANK0 ] unsigned char 
  counter         1    4[BANK0 ] unsigned char 
 Return value:  Size  Location     Type
                  2    0[BANK0 ] int 
 Registers used:
		wreg, status,2, status,0
 Tracked objects:
		On entry : 
		On exit  : 
		Unchanged: 
 Data sizes:     COMMON   BANK0   BANK1   BANK3   BANK2
      Params:         0       4       0       0       0
      Locals:         0       2       0       0       0
      Temps:          1       0       0       0       0
      Totals:         1       6       0       0       0
Total ram usage:        7 bytes
 Hardware stack levels used:    1
 Hardware stack levels required when called:    1
 This function calls:
		Nothing
 This function is called by:
		_LCDWriteInt
 This function uses a non-reentrant model


 *************** function ___awdiv *****************
 Defined at:
		line 6 in file "C:\Program Files (x86)\Microchip\xc8\v1.37\sources\common\awdiv.c"
 Parameters:    Size  Location     Type
  divisor         2    0[BANK0 ] int 
  dividend        2    2[BANK0 ] int 
 Auto vars:     Size  Location     Type
  quotient        2    6[BANK0 ] int 
  sign            1    5[BANK0 ] unsigned char 
  counter         1    4[BANK0 ] unsigned char 
 Return value:  Size  Location     Type
                  2    0[BANK0 ] int 
 Registers used:
		wreg, status,2, status,0
 Tracked objects:
		On entry : 
		On exit  : 
		Unchanged: 
 Data sizes:     COMMON   BANK0   BANK1   BANK3   BANK2
      Params:         0       4       0       0       0
      Locals:         0       4       0       0       0
      Temps:          1       0       0       0       0
      Totals:         1       8       0       0       0
Total ram usage:        9 bytes
 Hardware stack levels used:    1
 Hardware stack levels required when called:    1
 This function calls:
		Nothing
 This function is called by:
		_LCDWriteInt
 This function uses a non-reentrant model


 *************** function _MenuUp *****************
 Defined at:
		line 40 in file "menu.c"
 Parameters:    Size  Location     Type
		None
 Auto vars:     Size  Location     Type
		None
 Return value:  Size  Location     Type
                  1    wreg      void 
 Registers used:
		wreg, status,2, status,0
 Tracked objects:
		On entry : 
		On exit  : 
		Unchanged: 
 Data sizes:     COMMON   BANK0   BANK1   BANK3   BANK2
      Params:         0       0       0       0       0
      Locals:         0       0       0       0       0
      Temps:          1       0       0       0       0
      Totals:         1       0       0       0       0
Total ram usage:        1 bytes
 Hardware stack levels used:    1
 Hardware stack levels required when called:    1
 This function calls:
		Nothing
 This function is called by:
		_main
 This function uses a non-reentrant model


 *************** function _MenuInit *****************
 Defined at:
		line 7 in file "menu.c"
 Parameters:    Size  Location     Type
		None
 Auto vars:     Size  Location     Type
		None
 Return value:  Size  Location     Type
                  1    wreg      void 
 Registers used:
		wreg, fsr0l, fsr0h, status,2, status,0, pclath, cstack
 Tracked objects:
		On entry : 
		On exit  : 
		Unchanged: 
 Data sizes:     COMMON   BANK0   BANK1   BANK3   BANK2
      Params:         0       0       0       0       0
      Locals:         0       0       0       0       0
      Temps:          0       1       0       0       0
      Totals:         0       1       0       0       0
Total ram usage:        1 bytes
 Hardware stack levels used:    1
 Hardware stack levels required when called:    3
 This function calls:
		_LoadMenuItem
 This function is called by:
		_main
 This function uses a non-reentrant model


 *************** function _MenuDown *****************
 Defined at:
		line 51 in file "menu.c"
 Parameters:    Size  Location     Type
		None
 Auto vars:     Size  Location     Type
		None
 Return value:  Size  Location     Type
                  1    wreg      void 
 Registers used:
		wreg, status,2, status,0
 Tracked objects:
		On entry : 
		On exit  : 
		Unchanged: 
 Data sizes:     COMMON   BANK0   BANK1   BANK3   BANK2
      Params:         0       0       0       0       0
      Locals:         0       0       0       0       0
      Temps:          1       0       0       0       0
      Totals:         1       0       0       0       0
Total ram usage:        1 bytes
 Hardware stack levels used:    1
 Hardware stack levels required when called:    1
 This function calls:
		Nothing
 This function is called by:
		_main
 This function uses a non-reentrant model


 *************** function _LCDSetStyle *****************
 Defined at:
		line 207 in file "lcd_hd44780_pic16.c"
 Parameters:    Size  Location     Type
  style           1    wreg     unsigned char 
 Auto vars:     Size  Location     Type
  style           1   10[BANK0 ] unsigned char 
 Return value:  Size  Location     Type
                  1    wreg      void 
 Registers used:
		wreg, status,2, status,0, pclath, cstack
 Tracked objects:
		On entry : 
		On exit  : 
		Unchanged: 
 Data sizes:     COMMON   BANK0   BANK1   BANK3   BANK2
      Params:         0       0       0       0       0
      Locals:         0       1       0       0       0
      Temps:          0       0       0       0       0
      Totals:         0       1       0       0       0
Total ram usage:        1 bytes
 Hardware stack levels used:    1
 Hardware stack levels required when called:    3
 This function calls:
		_LCDByte
 This function is called by:
		_main
 This function uses a non-reentrant model


 *************** function _LCDInit *****************
 Defined at:
		line 211 in file "lcd_hd44780_pic16.c"
 Parameters:    Size  Location     Type
  style           1    wreg     unsigned char 
 Auto vars:     Size  Location     Type
  style           1   12[BANK0 ] unsigned char 
  __i             1   13[BANK0 ] unsigned char 
 Return value:  Size  Location     Type
                  1    wreg      void 
 Registers used:
		wreg, fsr0l, fsr0h, status,2, status,0, pclath, cstack
 Tracked objects:
		On entry : 
		On exit  : 
		Unchanged: 
 Data sizes:     COMMON   BANK0   BANK1   BANK3   BANK2
      Params:         0       0       0       0       0
      Locals:         0       2       0       0       0
      Temps:          0       2       0       0       0
      Totals:         0       4       0       0       0
Total ram usage:        4 bytes
 Hardware stack levels used:    1
 Hardware stack levels required when called:    3
 This function calls:
		_LCDBusyLoop
		_LCDByte
 This function is called by:
		_main
 This function uses a non-reentrant model


 *************** function _IOInit *****************
 Defined at:
		line 125 in file "do_am.c"
 Parameters:    Size  Location     Type
		None
 Auto vars:     Size  Location     Type
		None
 Return value:  Size  Location     Type
                  1    wreg      void 
 Registers used:
		None
 Tracked objects:
		On entry : 
		On exit  : 
		Unchanged: 
 Data sizes:     COMMON   BANK0   BANK1   BANK3   BANK2
      Params:         0       0       0       0       0
      Locals:         0       0       0       0       0
      Temps:          0       0       0       0       0
      Totals:         0       0       0       0       0
Total ram usage:        0 bytes
 Hardware stack levels used:    1
 Hardware stack levels required when called:    1
 This function calls:
		Nothing
 This function is called by:
		_main
 This function uses a non-reentrant model


 *************** function _ConnInit *****************
 Defined at:
		line 117 in file "do_am.c"
 Parameters:    Size  Location     Type
		None
 Auto vars:     Size  Location     Type
		None
 Return value:  Size  Location     Type
                  1    wreg      void 
 Registers used:
		wreg, fsr0l, fsr0h, status,2, status,0, pclath, cstack
 Tracked objects:
		On entry : 
		On exit  : 
		Unchanged: 
 Data sizes:     COMMON   BANK0   BANK1   BANK3   BANK2
      Params:         0       0       0       0       0
      Locals:         0       0       0       0       0
      Temps:          0       1       0       0       0
      Totals:         0       1       0       0       0
Total ram usage:        1 bytes
 Hardware stack levels used:    1
 Hardware stack levels required when called:    3
 This function calls:
		_LoadMenuItem
 This function is called by:
		_main
 This function uses a non-reentrant model


 *************** function _LoadMenuItem *****************
 Defined at:
		line 36 in file "menu.c"
 Parameters:    Size  Location     Type
  item            1    wreg     unsigned char 
 Auto vars:     Size  Location     Type
  item            1    2[BANK0 ] unsigned char 
 Return value:  Size  Location     Type
                  1    wreg      unsigned char 
 Registers used:
		wreg, fsr0l, fsr0h, status,2, status,0, pclath, cstack
 Tracked objects:
		On entry : 
		On exit  : 
		Unchanged: 
 Data sizes:     COMMON   BANK0   BANK1   BANK3   BANK2
      Params:         0       0       0       0       0
      Locals:         0       1       0       0       0
      Temps:          0       2       0       0       0
      Totals:         0       3       0       0       0
Total ram usage:        3 bytes
 Hardware stack levels used:    1
 Hardware stack levels required when called:    2
 This function calls:
		_eeprom_read
 This function is called by:
		_ConnInit
		_MenuInit
 This function uses a non-reentrant model


 *************** function _eeprom_read *****************
 Defined at:
		line 6 in file "C:\Program Files (x86)\Microchip\xc8\v1.37\sources\pic\eeread.c"
 Parameters:    Size  Location     Type
  addr            1    wreg     unsigned char 
 Auto vars:     Size  Location     Type
  addr            1    5[COMMON] unsigned char 
 Return value:  Size  Location     Type
                  1    wreg      unsigned char 
 Registers used:
		wreg, status,2, status,0
 Tracked objects:
		On entry : 
		On exit  : 
		Unchanged: 
 Data sizes:     COMMON   BANK0   BANK1   BANK3   BANK2
      Params:         0       0       0       0       0
      Locals:         1       0       0       0       0
      Temps:          1       0       0       0       0
      Totals:         2       0       0       0       0
Total ram usage:        2 bytes
 Hardware stack levels used:    1
 Hardware stack levels required when called:    1
 This function calls:
		Nothing
 This function is called by:
		_LoadMenuItem
 This function uses a non-reentrant model


 *************** function _ClearMenu *****************
 Defined at:
		line 28 in file "menu.c"
 Parameters:    Size  Location     Type
		None
 Auto vars:     Size  Location     Type
  i               1   17[BANK0 ] char 
  count           1   16[BANK0 ] char 
 Return value:  Size  Location     Type
                  1    wreg      void 
 Registers used:
		wreg, fsr0l, fsr0h, status,2, status,0, btemp+1, pclath, cstack
 Tracked objects:
		On entry : 
		On exit  : 
		Unchanged: 
 Data sizes:     COMMON   BANK0   BANK1   BANK3   BANK2
      Params:         0       0       0       0       0
      Locals:         0       2       0       0       0
      Temps:          0       1       0       0       0
      Totals:         0       3       0       0       0
Total ram usage:        3 bytes
 Hardware stack levels used:    1
 Hardware stack levels required when called:    4
 This function calls:
		_LCDByte
		_LCDGotoXY
		_LCDWriteString
 This function is called by:
		_main
 This function uses a non-reentrant model


 *************** function _LCDWriteString *****************
 Defined at:
		line 283 in file "lcd_hd44780_pic16.c"
 Parameters:    Size  Location     Type
  msg             2   10[BANK0 ] PTR const unsigned char 
		 -> STR_15(1), STR_14(5), STR_13(5), STR_12(5), 
		 -> STR_11(5), STR_10(5), STR_9(3), STR_8(12), 
		 -> STR_7(13), STR_6(10), STR_5(10), STR_4(1), 
		 -> dum_conn@s(32), STR_2(1), dum_msg@s(32), 
 Auto vars:     Size  Location     Type
  cc              1   14[BANK0 ] char 
  count           1   13[BANK0 ] char 
 Return value:  Size  Location     Type
                  1    wreg      char 
 Registers used:
		wreg, fsr0l, fsr0h, status,2, status,0, btemp+1, pclath, cstack
 Tracked objects:
		On entry : 
		On exit  : 
		Unchanged: 
 Data sizes:     COMMON   BANK0   BANK1   BANK3   BANK2
      Params:         0       2       0       0       0
      Locals:         0       2       0       0       0
      Temps:          0       1       0       0       0
      Totals:         0       5       0       0       0
Total ram usage:        5 bytes
 Hardware stack levels used:    1
 Hardware stack levels required when called:    3
 This function calls:
		_LCDByte
 This function is called by:
		_dum_msg
		_dum_conn
		_main
		_ShowMenu
		_ClearMenu
 This function uses a non-reentrant model


 *************** function _LCDGotoXY *****************
 Defined at:
		line 367 in file "lcd_hd44780_pic16.c"
 Parameters:    Size  Location     Type
  x               1    wreg     unsigned char 
  y               1   10[BANK0 ] unsigned char 
 Auto vars:     Size  Location     Type
  x               1   12[BANK0 ] unsigned char 
 Return value:  Size  Location     Type
                  1    wreg      void 
 Registers used:
		wreg, fsr0l, fsr0h, status,2, status,0, pclath, cstack
 Tracked objects:
		On entry : 
		On exit  : 
		Unchanged: 
 Data sizes:     COMMON   BANK0   BANK1   BANK3   BANK2
      Params:         0       1       0       0       0
      Locals:         0       1       0       0       0
      Temps:          0       1       0       0       0
      Totals:         0       3       0       0       0
Total ram usage:        3 bytes
 Hardware stack levels used:    1
 Hardware stack levels required when called:    3
 This function calls:
		_LCDByte
 This function is called by:
		_dum_msg
		_dum_conn
		_main
		_ShowMenu
		_ClearMenu
 This function uses a non-reentrant model


 *************** function _LCDByte *****************
 Defined at:
		line 80 in file "lcd_hd44780_pic16.c"
 Parameters:    Size  Location     Type
  c               1    wreg     unsigned char 
  isdata          1    3[BANK0 ] unsigned char 
 Auto vars:     Size  Location     Type
  c               1    8[BANK0 ] unsigned char 
  temp            1    9[BANK0 ] unsigned char 
  ln              1    7[BANK0 ] unsigned char 
  hn              1    6[BANK0 ] unsigned char 
 Return value:  Size  Location     Type
                  1    wreg      void 
 Registers used:
		wreg, status,2, status,0, pclath, cstack
 Tracked objects:
		On entry : 
		On exit  : 
		Unchanged: 
 Data sizes:     COMMON   BANK0   BANK1   BANK3   BANK2
      Params:         0       1       0       0       0
      Locals:         0       4       0       0       0
      Temps:          0       2       0       0       0
      Totals:         0       7       0       0       0
Total ram usage:        7 bytes
 Hardware stack levels used:    1
 Hardware stack levels required when called:    2
 This function calls:
		_LCDBusyLoop
 This function is called by:
		_dum_msg
		_dum_conn
		_main
		_LCDSetStyle
		_LCDInit
		_LCDWriteString
		_LCDWriteInt
		_LCDGotoXY
		_ShowMenu
		_ClearMenu
 This function uses a non-reentrant model


 *************** function _LCDBusyLoop *****************
 Defined at:
		line 135 in file "lcd_hd44780_pic16.c"
 Parameters:    Size  Location     Type
		None
 Auto vars:     Size  Location     Type
  status          1    2[BANK0 ] unsigned char 
  temp            1    1[BANK0 ] unsigned char 
  busy            1    0[BANK0 ] unsigned char 
 Return value:  Size  Location     Type
                  1    wreg      void 
 Registers used:
		wreg, status,2, status,0
 Tracked objects:
		On entry : 
		On exit  : 
		Unchanged: 
 Data sizes:     COMMON   BANK0   BANK1   BANK3   BANK2
      Params:         0       0       0       0       0
      Locals:         0       3       0       0       0
      Temps:          2       0       0       0       0
      Totals:         2       3       0       0       0
Total ram usage:        5 bytes
 Hardware stack levels used:    1
 Hardware stack levels required when called:    1
 This function calls:
		Nothing
 This function is called by:
		_LCDByte
		_LCDInit
 This function uses a non-reentrant model


 *************** function _ADCInit *****************
 Defined at:
		line 7 in file "adc_pic16.c"
 Parameters:    Size  Location     Type
		None
 Auto vars:     Size  Location     Type
		None
 Return value:  Size  Location     Type
                  1    wreg      void 
 Registers used:
		wreg, status,2, status,0
 Tracked objects:
		On entry : 
		On exit  : 
		Unchanged: 
 Data sizes:     COMMON   BANK0   BANK1   BANK3   BANK2
      Params:         0       0       0       0       0
      Locals:         0       0       0       0       0
      Temps:          0       0       0       0       0
      Totals:         0       0       0       0       0
Total ram usage:        0 bytes
 Hardware stack levels used:    1
 Hardware stack levels required when called:    1
 This function calls:
		Nothing
 This function is called by:
		_main
 This function uses a non-reentrant model


 *************** function _ISR *****************
 Defined at:
		line 169 in file "do_am.c"
 Parameters:    Size  Location     Type
		None
 Auto vars:     Size  Location     Type
		None
 Return value:  Size  Location     Type
                  1    wreg      void 
 Registers used:
		None
 Tracked objects:
		On entry : 
		On exit  : 
		Unchanged: 
 Data sizes:     COMMON   BANK0   BANK1   BANK3   BANK2
      Params:         0       0       0       0       0
      Locals:         0       0       0       0       0
      Temps:          4       0       0       0       0
      Totals:         4       0       0       0       0
Total ram usage:        4 bytes
 Hardware stack levels used:    1
 This function calls:
		Nothing
 This function is called by:
		Interrupt level 1
 This function uses a non-reentrant model



MODULE INFORMATION

Module		Function		Class		Link	Load	Size
msg.h
		_dum_msg       		CODE           	0430	0000	184

msg.h estimated size: 184

C:\Program Files (x86)\Microchip\xc8\v1.37\sources\common\doprnt.c
		_sprintf       		CODE           	0359	0000	216

C:\Program Files (x86)\Microchip\xc8\v1.37\sources\common\doprnt.c estimated size: 216

C:\Program Files (x86)\Microchip\xc8\v1.37\sources\pic\eeread.c
		_eeprom_read   		CODE           	0D20	0000	28

C:\Program Files (x86)\Microchip\xc8\v1.37\sources\pic\eeread.c estimated size: 28

reg_id.h
		_extract_REG_ID_RQT_CMD		CODE           	0C9B	0000	18

reg_id.h estimated size: 18

C:\Program Files (x86)\Microchip\xc8\v1.37\sources\common\lwdiv.c
		___lwdiv       		CODE           	0E18	0000	63

C:\Program Files (x86)\Microchip\xc8\v1.37\sources\common\lwdiv.c estimated size: 63

C:\Program Files (x86)\Microchip\xc8\v1.37\sources\common\awdiv.c
		___awdiv       		CODE           	0F47	0000	92

C:\Program Files (x86)\Microchip\xc8\v1.37\sources\common\awdiv.c estimated size: 92

C:\Program Files (x86)\Microchip\xc8\v1.37\sources\common\memcpy.c
		_memcpy        		CODE           	0D61	0000	41

C:\Program Files (x86)\Microchip\xc8\v1.37\sources\common\memcpy.c estimated size: 41

C:\Program Files (x86)\Microchip\xc8\v1.37\sources\pic\eewrite.c
		_eeprom_write  		CODE           	0D89	0000	43

C:\Program Files (x86)\Microchip\xc8\v1.37\sources\pic\eewrite.c estimated size: 43

shared
		__stringtab    		STRING         	0606	0000	17
		_dpowers       		STRING         	0616	0000	11
		__initialization		CODE           	0015	0000	25

shared estimated size: 53

lcd_hd44780_pic16.c
		_LCDByte       		CODE           	0EF0	0000	88
		_LCDWriteInt   		CODE           	04E7	0000	162
		_LCDInit       		CODE           	0681	0000	105
		_LCDWriteString		CODE           	0751	0000	99
		_LCDGotoXY     		CODE           	0D3B	0000	39
		_LCDSetStyle   		CODE           	0C4C	0000	11
		_LCDBusyLoop   		CODE           	06E9	0000	105

lcd_hd44780_pic16.c estimated size: 609

menu.c
		_MenuUp        		CODE           	0C6E	0000	14
		_ValueDec      		CODE           	0CE2	0000	20
		_ClearMenu     		CODE           	0DB3	0000	50
		_MenuInit      		CODE           	0E9C	0000	85
		_SaveMenuItem  		CODE           	0CBD	0000	19
		_MenuDown      		CODE           	0C61	0000	14
		_LoadMenuItem  		CODE           	0CCF	0000	20
		_ShowMenu      		CODE           	0FA2	0000	95
		_ValueInc      		CODE           	0D09	0000	24

menu.c estimated size: 341

connection.h
		_dum_conn      		CODE           	0588	0000	127

connection.h estimated size: 127

do_am.c
		_IOInit        		CODE           	0E56	0000	71
		_ISR           		CODE           	0C56	0000	12
		_main          		CODE           	0031	0000	809
		_ConnInit      		CODE           	0C7B	0000	17

do_am.c estimated size: 909

C:\Program Files (x86)\Microchip\xc8\v1.37\sources\common\lwmod.c
		___lwmod       		CODE           	0DE4	0000	53

C:\Program Files (x86)\Microchip\xc8\v1.37\sources\common\lwmod.c estimated size: 53

C:\Program Files (x86)\Microchip\xc8\v1.37\sources\common\awmod.c
		___awmod       		CODE           	07B3	0000	78

C:\Program Files (x86)\Microchip\xc8\v1.37\sources\common\awmod.c estimated size: 78

adc_pic16.c
		_ADCInit       		CODE           	0CF5	0000	21

adc_pic16.c estimated size: 21

