Microchip MPLAB XC8 Compiler V1.37 ()

Linker command line:

-W-3 --edf=C:\Program Files (x86)\Microchip\xc8\v1.37\dat\en_msgs.txt -cs \
  -h+dist/default/production\RF_ver1_server_16f866.X.production.sym \
  --cmf=dist/default/production\RF_ver1_server_16f866.X.production.cmf -z \
  -Q16F886 -oC:\Users\Admin\AppData\Local\Temp\s2lg.2 \
  -Mdist/default/production/RF_ver1_server_16f866.X.production.map -E1 \
  -ver=XC8 -ASTACK=0110h-016fh -pstack=STACK -ACODE=00h-07FFhx4 \
  -ASTRCODE=00h-01FFFh -ASTRING=00h-0FFhx32 -ACONST=00h-0FFhx32 \
  -AENTRY=00h-0FFhx32 -ACOMMON=070h-07Fh -ABANK0=020h-06Fh \
  -ABANK1=0A0h-0EFh -ABANK2=0110h-016Fh -ABANK3=0190h-01EFh \
  -ARAM=020h-06Fh,0A0h-0EFh,0110h-016Fh,0190h-01EFh \
  -AABS1=020h-07Fh,0A0h-0EFh,0110h-016Fh,0190h-01EFh -ASFR0=00h-01Fh \
  -ASFR1=080h-09Fh -ASFR2=0100h-010Fh -ASFR3=0180h-018Fh \
  -preset_vec=00h,intentry=04h,init,end_init -ppowerup=CODE -pcinit=CODE \
  -pfunctab=CODE -ACONFIG=02007h-02008h -pconfig=CONFIG -DCONFIG=2 \
  -AIDLOC=02000h-02003h -pidloc=IDLOC -DIDLOC=2 -AEEDATA=00h-0FFh/02100h \
  -peeprom_data=EEDATA -DEEDATA=2 -DCODE=2 -DSTRCODE=2 -DSTRING=2 -DCONST=2 \
  -DENTRY=2 -k C:\Users\Admin\AppData\Local\Temp\s2lg.obj \
  dist/default/production\RF_ver1_server_16f866.X.production.obj 

Object code version is 3.11

Machine type is 16F886



                Name                               Link     Load   Length Selector   Space Scale
C:\Users\Admin\AppData\Local\Temp\s2lg.obj
                end_init                             12       12        3        8       0
                reset_vec                             0        0        3        0       0
                config                             2007     2007        2     400E       0
dist/default/production\RF_ver1_server_16f866.X.production.obj
                cinit                                15       15       20        8       0
                intentry                              4        4        E        8       0
                text25                              F41      F41        B     1E82       0
                text24                              FC6      FC6       14     1F8C       0
                text23                              3DA      3DA       66        8       0
                text22                              55A      55A       57        8       0
                text21                              FDA      FDA       26     1FB4       0
                text20                              4FF      4FF       5B        8       0
                text19                              78F      78F       2C      CA8       0
                text18                              6A1      6A1       46      CA8       0
                text17                              440      440       64        8       0
                text16                              F37      F37        A     1E6E       0
                text15                              F4C      F4C        D     1E98       0
                text14                              7E1      7E1       1B      CA8       0
                text13                              F66      F66        F     1ECC       0
                text12                              725      725       3E      CA8       0
                text11                              F59      F59        D     1EB2       0
                text10                              4A4      4A4       5B        8       0
                text9                               654      654       4D      CA8       0
                text8                               33B      33B       9F        8       0
                text7                               5B1      5B1       55        8       0
                text6                               7BB      7BB       26      CA8       0
                text5                               F84      F84       10     1F08       0
                text4                               F75      F75        F     1EEA       0
                text3                               FA4      FA4       11     1F48       0
                text2                               763      763       2C      CA8       0
                text1                               6E7      6E7       3E      CA8       0
                maintext                             35       35      306        8       0
                cstackBANK0                          20       20       33       20       1
                cstackCOMMON                         70       70        A       70       1
                inittext                            FB5      FB5       11     1F6A       0
                clrtext                             F2F      F2F        8     1E5E       0
                bssBANK1                             A0       A0       15       A0       1
                dataBANK0                            53       53       10       20       1
                bssBANK0                             63       63        9       20       1
                strings                             606      606       4E      C0C       0
                idataBANK0                          F94      F94       10     1F28       0

TOTAL           Name                               Link     Load   Length     Space
        CLASS   STACK          

        CLASS   CODE           
                end_init                             12       12        3         0
                cinit                                15       15       20         0
                intentry                              4        4        E         0
                reset_vec                             0        0        3         0
                text25                              F41      F41        B         0
                text24                              FC6      FC6       14         0
                text23                              3DA      3DA       66         0
                text22                              55A      55A       57         0
                text21                              FDA      FDA       26         0
                text20                              4FF      4FF       5B         0
                text19                              78F      78F       2C         0
                text18                              6A1      6A1       46         0
                text17                              440      440       64         0
                text16                              F37      F37        A         0
                text15                              F4C      F4C        D         0
                text14                              7E1      7E1       1B         0
                text13                              F66      F66        F         0
                text12                              725      725       3E         0
                text11                              F59      F59        D         0
                text10                              4A4      4A4       5B         0
                text9                               654      654       4D         0
                text8                               33B      33B       9F         0
                text7                               5B1      5B1       55         0
                text6                               7BB      7BB       26         0
                text5                               F84      F84       10         0
                text4                               F75      F75        F         0
                text3                               FA4      FA4       11         0
                text2                               763      763       2C         0
                text1                               6E7      6E7       3E         0
                maintext                             35       35      306         0
                inittext                            FB5      FB5       11         0
                clrtext                             F2F      F2F        8         0
                idataBANK0                          F94      F94       10         0

        CLASS   STRCODE        

        CLASS   STRING         
                strings                             606      606       4E         0

        CLASS   CONST          

        CLASS   ENTRY          

        CLASS   COMMON         
                cstackCOMMON                         70       70        A         1

        CLASS   BANK0          
                cstackBANK0                          20       20       33         1
                dataBANK0                            53       53       10         1
                bssBANK0                             63       63        9         1

        CLASS   BANK1          
                bssBANK1                             A0       A0       15         1

        CLASS   BANK2          

        CLASS   BANK3          

        CLASS   RAM            

        CLASS   ABS1           
                abs_s1                               7E       7E        2         1

        CLASS   SFR0           

        CLASS   SFR1           

        CLASS   SFR2           

        CLASS   SFR3           

        CLASS   CONFIG         
                config                             2007     2007        2         0

        CLASS   IDLOC          

        CLASS   EEDATA         



SEGMENTS        Name                           Load    Length   Top    Selector   Space  Class     Delta

                reset_vec                      000000  000003  000003         0       0  CODE        2
                intentry                       000004  000602  000606         8       0  CODE        2
                cstackBANK0                    000020  00004C  00006C        20       1  BANK0       1
                cstackCOMMON                   000070  00000A  00007A        70       1  COMMON      1
                bssBANK1                       0000A0  000015  0000B5        A0       1  BANK1       1
                strings                        000606  00004E  000654       C0C       0  STRING      2
                text9                          000654  0001A8  0007FC       CA8       0  CODE        2
                clrtext                        000F2F  000008  000F37      1E5E       0  CODE        2
                text16                         000F37  00000A  000F41      1E6E       0  CODE        2
                text25                         000F41  00000B  000F4C      1E82       0  CODE        2
                text15                         000F4C  00000D  000F59      1E98       0  CODE        2
                text11                         000F59  00000D  000F66      1EB2       0  CODE        2
                text13                         000F66  00000F  000F75      1ECC       0  CODE        2
                text4                          000F75  00000F  000F84      1EEA       0  CODE        2
                text5                          000F84  000010  000F94      1F08       0  CODE        2
                idataBANK0                     000F94  000010  000FA4      1F28       0  CODE        2
                text3                          000FA4  000011  000FB5      1F48       0  CODE        2
                inittext                       000FB5  000011  000FC6      1F6A       0  CODE        2
                text24                         000FC6  000014  000FDA      1F8C       0  CODE        2
                text21                         000FDA  000026  001000      1FB4       0  CODE        2
                config                         002007  000002  002009      400E       0  CONFIG      2


UNUSED ADDRESS RANGES

        Name                Unused          Largest block    Delta
        BANK0            006C-006F              4           1
        BANK1            00B5-00EF             3B           1
        BANK2            0110-016F             60           1
        BANK3            0190-01EF             60           1
        CODE             0003-0003              1           2
                         07FC-0F2E              4
                         1000-1FFF            800
        COMMON           007A-007D              4           1
        CONST            0003-0003              1           2
                         07FC-0F2E            100
                         1000-1FFF            100
        EEDATA           2100-21FF            100           2
        ENTRY            0003-0003              1           2
                         07FC-0F2E            100
                         1000-1FFF            100
        IDLOC            2000-2003              4           2
        RAM              006C-006F              4           1
                         00B5-00EF             3B
                         0110-016F             60
                         0190-01EF             60
        SFR0             0000-001F             20           1
        SFR1             0080-009F             20           1
        SFR2             0100-010F             10           1
        SFR3             0180-018F             10           1
        STACK            0110-016F             60           1
        STRCODE          0003-0003              1           2
                         07FC-0F2E            733
                         1000-1FFF           1000
        STRING           0003-0003              1           2
                         07FC-0F2E            100
                         1000-1FFF            100

                                  Symbol Table

?___awdiv                 cstackCOMMON 0074
?___awmod                 cstackCOMMON 0074
ClearMenu@count           cstackBANK0  002B
ClearMenu@i               cstackBANK0  002C
LCDBusyLoop@busy          cstackCOMMON 0076
LCDBusyLoop@status        cstackCOMMON 0078
LCDBusyLoop@temp          cstackCOMMON 0077
LCDByte@c                 cstackBANK0  0024
LCDByte@hn                cstackBANK0  0022
LCDByte@isdata            cstackCOMMON 0079
LCDByte@ln                cstackBANK0  0023
LCDByte@temp              cstackBANK0  0025
LCDGotoXY@x               cstackBANK0  0028
LCDGotoXY@y               cstackBANK0  0026
LCDInit@__i               cstackBANK0  0029
LCDInit@style             cstackBANK0  0028
LCDSetStyle@style         cstackBANK0  0026
LCDWriteInt@F1646         dataBANK0    005B
LCDWriteInt@field_length  cstackBANK0  0028
LCDWriteInt@i             cstackBANK0  0032
LCDWriteInt@j             cstackBANK0  0030
LCDWriteInt@str           cstackBANK0  002B
LCDWriteInt@val           cstackBANK0  0026
LCDWriteString@cc         cstackBANK0  0028
LCDWriteString@count      cstackBANK0  0027
LCDWriteString@msg        cstackBANK0  0029
LoadMenuItem@item         cstackCOMMON 0078
SaveMenuItem@item         cstackCOMMON 0079
ShowMenu@count            cstackBANK0  0038
ShowMenu@i                cstackBANK0  0039
_ADCInit                  text24       0FC6
_ADCON0bits               (abs)        001F
_ADCON1bits               (abs)        009F
_ADRESH                   (abs)        001E
_ADRESL                   (abs)        009E
_ANSELHbits               (abs)        0189
_ANSELbits                (abs)        0188
_CARRY                    (abs)        0018
_ClearMenu                text19       078F
_EEADR                    (abs)        010D
_EECON1                   (abs)        018C
_EECON2                   (abs)        018D
_EEDATA                   (abs)        010C
_GIE                      (abs)        005F
_IOInit                   text18       06A1
_ISR                      text25       0F41
_LCDBusyLoop              text23       03DA
_LCDByte                  text22       055A
_LCDGotoXY                text21       0FDA
_LCDInit                  text17       0440
_LCDSetStyle              text16       0F37
_LCDWriteInt              text8        033B
_LCDWriteString           text20       04FF
_LoadMenuItem             text13       0F66
_MenuDown                 text15       0F4C
_MenuInit                 text12       0725
_MenuUp                   text11       0F59
_PORTC                    (abs)        0007
_RA6                      (abs)        002E
_RA7                      (abs)        002F
_RB0                      (abs)        0030
_RB1                      (abs)        0031
_RB2                      (abs)        0032
_RB3                      (abs)        0033
_RB4                      (abs)        0034
_RB5                      (abs)        0035
_RB6                      (abs)        0036
_RB7                      (abs)        0037
_RC1                      (abs)        0039
_RC2                      (abs)        003A
_RC3                      (abs)        003B
_RD                       (abs)        0C60
_SaveMenuItem             text5        0F84
_ShowMenu                 text7        05B1
_TRISAbits                (abs)        0085
_TRISBbits                (abs)        0086
_TRISC                    (abs)        0087
_TRISCbits                (abs)        0087
_ValueDec                 text4        0F75
_ValueInc                 text3        0FA4
_WR                       (abs)        0C61
_WREN                     (abs)        0C62
__CFG_BOR4V$BOR21V        (abs)        0000
__CFG_BOREN$ON            (abs)        0000
__CFG_CP$ON               (abs)        0000
__CFG_CPD$ON              (abs)        0000
__CFG_FCMEN$ON            (abs)        0000
__CFG_FOSC$INTRC_NOCLKOUT (abs)        0000
__CFG_IESO$ON             (abs)        0000
__CFG_LVP$ON              (abs)        0000
__CFG_MCLRE$ON            (abs)        0000
__CFG_PWRTE$OFF           (abs)        0000
__CFG_WDTE$ON             (abs)        0000
__CFG_WRT$OFF             (abs)        0000
__Habs1                   abs1         0000
__Hbank0                  bank0        0000
__Hbank1                  bank1        0000
__Hbank2                  bank2        0000
__Hbank3                  bank3        0000
__HbssBANK0               bssBANK0     0000
__HbssBANK1               bssBANK1     0000
__Hcinit                  cinit        0035
__Hclrtext                clrtext      0000
__Hcode                   code         0000
__Hcommon                 common       0000
__Hconfig                 config       2009
__HcstackBANK0            cstackBANK0  0000
__HcstackCOMMON           cstackCOMMON 0000
__HdataBANK0              dataBANK0    0000
__Heeprom_data            eeprom_data  0000
__Hend_init               end_init     0015
__Hfunctab                functab      0000
__HidataBANK0             idataBANK0   0000
__Hidloc                  idloc        0000
__Hinit                   init         0012
__Hinittext               inittext     0000
__Hintentry               intentry     0012
__Hmaintext               maintext     0000
__Hpowerup                powerup      0000
__Hram                    ram          0000
__Hreset_vec              reset_vec    0003
__Hsfr0                   sfr0         0000
__Hsfr1                   sfr1         0000
__Hsfr2                   sfr2         0000
__Hsfr3                   sfr3         0000
__Hspace_0                (abs)        2009
__Hspace_1                (abs)        00B5
__Hspace_2                (abs)        0000
__Hspace_3                (abs)        0000
__Hstack                  stack        0000
__Hstrings                strings      0000
__Htext                   text         0000
__Labs1                   abs1         0000
__Lbank0                  bank0        0000
__Lbank1                  bank1        0000
__Lbank2                  bank2        0000
__Lbank3                  bank3        0000
__LbssBANK0               bssBANK0     0000
__LbssBANK1               bssBANK1     0000
__Lcinit                  cinit        0015
__Lclrtext                clrtext      0000
__Lcode                   code         0000
__Lcommon                 common       0000
__Lconfig                 config       2007
__LcstackBANK0            cstackBANK0  0000
__LcstackCOMMON           cstackCOMMON 0000
__LdataBANK0              dataBANK0    0000
__Leeprom_data            eeprom_data  0000
__Lend_init               end_init     0012
__Lfunctab                functab      0000
__LidataBANK0             idataBANK0   0000
__Lidloc                  idloc        0000
__Linit                   init         0012
__Linittext               inittext     0000
__Lintentry               intentry     0004
__Lmaintext               maintext     0000
__Lpowerup                powerup      0000
__Lram                    ram          0000
__Lreset_vec              reset_vec    0000
__Lsfr0                   sfr0         0000
__Lsfr1                   sfr1         0000
__Lsfr2                   sfr2         0000
__Lsfr3                   sfr3         0000
__Lspace_0                (abs)        0000
__Lspace_1                (abs)        0000
__Lspace_2                (abs)        0000
__Lspace_3                (abs)        0000
__Lstack                  stack        0000
__Lstrings                strings      0000
__Ltext                   text         0000
__S0                      (abs)        2009
__S1                      (abs)        00B5
__S2                      (abs)        0000
__S3                      (abs)        0000
___awdiv                  text10       04A4
___awdiv@counter          cstackBANK0  0020
___awdiv@dividend         cstackCOMMON 0076
___awdiv@divisor          cstackCOMMON 0074
___awdiv@quotient         cstackBANK0  0022
___awdiv@sign             cstackBANK0  0021
___awmod                  text9        0654
___awmod@counter          cstackBANK0  0020
___awmod@dividend         cstackCOMMON 0076
___awmod@divisor          cstackCOMMON 0074
___awmod@sign             cstackBANK0  0021
___cgram                  dataBANK0    0053
___int_sp                 stack        0000
___latbits                (abs)        0002
___sp                     stack        0000
__end_of_ADCInit          text24       0FDA
__end_of_ClearMenu        text19       07BB
__end_of_IOInit           text18       06E7
__end_of_ISR              text25       0F4C
__end_of_LCDBusyLoop      text23       0440
__end_of_LCDByte          text22       05B1
__end_of_LCDGotoXY        text21       1000
__end_of_LCDInit          text17       04A4
__end_of_LCDSetStyle      text16       0F41
__end_of_LCDWriteInt      text8        03DA
__end_of_LCDWriteString   text20       055A
__end_of_LoadMenuItem     text13       0F75
__end_of_MenuDown         text15       0F59
__end_of_MenuInit         text12       0763
__end_of_MenuUp           text11       0F66
__end_of_SaveMenuItem     text5        0F94
__end_of_ShowMenu         text7        0606
__end_of_ValueDec         text4        0F84
__end_of_ValueInc         text3        0FB5
__end_of___awdiv          text10       04FF
__end_of___awmod          text9        06A1
__end_of__initialization  cinit        0031
__end_of__stringtab       strings      060C
__end_of_compose          text1        0725
__end_of_eeprom_read      text14       07FC
__end_of_eeprom_write     text6        07E1
__end_of_main             maintext     033B
__end_of_memcpy           text2        078F
__initialization          cinit        0015
__pbssBANK0               bssBANK0     0063
__pbssBANK1               bssBANK1     00A0
__pcstackBANK0            cstackBANK0  0020
__pcstackCOMMON           cstackCOMMON 0070
__pdataBANK0              dataBANK0    0053
__pidataBANK0             idataBANK0   0F94
__pintentry               intentry     0004
__pmaintext               maintext     0035
__pstrings                strings      0606
__ptext1                  text1        06E7
__ptext10                 text10       04A4
__ptext11                 text11       0F59
__ptext12                 text12       0725
__ptext13                 text13       0F66
__ptext14                 text14       07E1
__ptext15                 text15       0F4C
__ptext16                 text16       0F37
__ptext17                 text17       0440
__ptext18                 text18       06A1
__ptext19                 text19       078F
__ptext2                  text2        0763
__ptext20                 text20       04FF
__ptext21                 text21       0FDA
__ptext22                 text22       055A
__ptext23                 text23       03DA
__ptext24                 text24       0FC6
__ptext25                 text25       0F41
__ptext3                  text3        0FA4
__ptext4                  text4        0F75
__ptext5                  text5        0F84
__ptext6                  text6        07BB
__ptext7                  text7        05B1
__ptext8                  text8        033B
__ptext9                  text9        0654
__size_of_ADCInit         (abs)        0000
__size_of_ClearMenu       (abs)        0000
__size_of_IOInit          (abs)        0000
__size_of_ISR             (abs)        0000
__size_of_LCDBusyLoop     (abs)        0000
__size_of_LCDByte         (abs)        0000
__size_of_LCDGotoXY       (abs)        0000
__size_of_LCDInit         (abs)        0000
__size_of_LCDSetStyle     (abs)        0000
__size_of_LCDWriteInt     (abs)        0000
__size_of_LCDWriteString  (abs)        0000
__size_of_LoadMenuItem    (abs)        0000
__size_of_MenuDown        (abs)        0000
__size_of_MenuInit        (abs)        0000
__size_of_MenuUp          (abs)        0000
__size_of_SaveMenuItem    (abs)        0000
__size_of_ShowMenu        (abs)        0000
__size_of_ValueDec        (abs)        0000
__size_of_ValueInc        (abs)        0000
__size_of___awdiv         (abs)        0000
__size_of___awmod         (abs)        0000
__size_of_compose         (abs)        0000
__size_of_eeprom_read     (abs)        0000
__size_of_eeprom_write    (abs)        0000
__size_of_main            (abs)        0000
__size_of_memcpy          (abs)        0000
__stringbase              strings      060B
__stringtab               strings      0606
_compose                  text1        06E7
_eeprom_read              text14       07E1
_eeprom_write             text6        07BB
_g_menu                   bssBANK0     0063
_main                     maintext     0035
_memcpy                   text2        0763
_mode                     dataBANK0    0060
_msg                      bssBANK1     00A0
_pmsg                     dataBANK0    0061
_submode                  dataBANK0    0062
btemp                     (abs)        007E
clear_ram0                clrtext      0F2F
compose@cmd               cstackBANK0  0026
compose@data              cstackBANK0  0027
compose@datalen           cstackBANK0  0028
compose@from              cstackBANK0  0023
compose@len               cstackBANK0  0029
compose@msgid             cstackBANK0  0025
compose@pmsg              cstackBANK0  002B
compose@to                cstackBANK0  0024
eeprom_read@addr          cstackCOMMON 0075
eeprom_write@addr         cstackCOMMON 0076
eeprom_write@value        cstackCOMMON 0074
end_of_initialization     cinit        0031
init_fetch0               inittext     0FB5
init_ram0                 inittext     0FB9
interrupt_function        intentry     0004
intlevel0                 functab      0000
intlevel1                 functab      0000
intlevel2                 functab      0000
intlevel3                 functab      0000
intlevel4                 functab      0000
intlevel5                 functab      0000
ltemp                     (abs)        007E
ltemp0                    (abs)        007E
ltemp1                    (abs)        0082
ltemp2                    (abs)        0086
ltemp3                    (abs)        0080
main@byte                 cstackBANK0  0051
main@byte_385             cstackBANK0  0052
main@count                cstackBANK0  0040
main@count_400            cstackBANK0  0041
main@count_404            cstackBANK0  0042
main@count_407            cstackBANK0  0043
main@count_410            cstackBANK0  0044
main@count_413            cstackBANK0  0045
main@count_416            cstackBANK0  0046
main@count_419            cstackBANK0  0047
main@i                    cstackBANK0  0050
main@i_402                cstackBANK0  0049
main@i_406                cstackBANK0  004A
main@i_409                cstackBANK0  004B
main@i_412                cstackBANK0  004C
main@i_415                cstackBANK0  004D
main@i_418                cstackBANK0  004E
main@i_421                cstackBANK0  004F
main@s                    cstackBANK0  0048
memcpy@d                  cstackBANK0  0021
memcpy@d1                 cstackBANK0  0020
memcpy@n                  cstackCOMMON 0075
memcpy@s                  cstackBANK0  0022
memcpy@s1                 cstackCOMMON 0074
reset_vec                 reset_vec    0000
saved_w                   (abs)        007E
stackhi                   (abs)        0000
stacklo                   (abs)        0000
start                     init         0012
start_initialization      cinit        0015
ttemp                     (abs)        007E
ttemp0                    (abs)        007E
ttemp1                    (abs)        0081
ttemp2                    (abs)        0084
ttemp3                    (abs)        0087
ttemp4                    (abs)        007F
wtemp                     (abs)        007E
wtemp0                    (abs)        007E
wtemp1                    (abs)        0080
wtemp2                    (abs)        0082
wtemp3                    (abs)        0084
wtemp4                    (abs)        0086
wtemp5                    (abs)        0088
wtemp6                    (abs)        007F


FUNCTION INFORMATION:

 *************** function _main *****************
 Defined at:
		line 180 in file "do_am.c"
 Parameters:    Size  Location     Type
		None
 Auto vars:     Size  Location     Type
  byte            1   50[BANK0 ] PTR struct .
		 -> msg(21), 
  byte            1   49[BANK0 ] PTR struct .
		 -> msg(21), 
  i               1   45[BANK0 ] char 
  i               1   44[BANK0 ] char 
  count           1   37[BANK0 ] char 
  count           1   36[BANK0 ] char 
  i               1   43[BANK0 ] char 
  i               1   42[BANK0 ] char 
  i               1   47[BANK0 ] char 
  i               1   46[BANK0 ] char 
  count           1   35[BANK0 ] char 
  count           1   34[BANK0 ] char 
  count           1   39[BANK0 ] char 
  count           1   38[BANK0 ] char 
  i               1   41[BANK0 ] char 
  i               1   48[BANK0 ] unsigned char 
  count           1   33[BANK0 ] char 
  s               1   40[BANK0 ] PTR unsigned char 
		 -> msg(21), 
  count           1   32[BANK0 ] unsigned char 
 Return value:  Size  Location     Type
                  1    wreg      void 
 Registers used:
		wreg, fsr0l, fsr0h, status,2, status,0, btemp+1, pclath, cstack
 Tracked objects:
		On entry : 
		On exit  : 
		Unchanged: 
 Data sizes:     COMMON   BANK0   BANK1   BANK3   BANK2
      Params:         0       0       0       0       0
      Locals:         0      19       0       0       0
      Temps:          0       6       0       0       0
      Totals:         0      25       0       0       0
Total ram usage:       25 bytes
 Hardware stack levels required when called:    5
 This function calls:
		_ADCInit
		_ClearMenu
		_IOInit
		_LCDByte
		_LCDGotoXY
		_LCDInit
		_LCDSetStyle
		_LCDWriteInt
		_LCDWriteString
		_MenuDown
		_MenuInit
		_MenuUp
		_ShowMenu
		_ValueDec
		_ValueInc
		_compose
 This function is called by:
		Startup code after reset
 This function uses a non-reentrant model


 *************** function _compose *****************
 Defined at:
		line 35 in file "msg.h"
 Parameters:    Size  Location     Type
  pmsg            1    wreg     PTR struct .
		 -> msg(21), 
  from            1    3[BANK0 ] unsigned char 
  to              1    4[BANK0 ] unsigned char 
  msgid           1    5[BANK0 ] unsigned char 
  cmd             1    6[BANK0 ] unsigned char 
  data            1    7[BANK0 ] PTR unsigned char 
		 -> STR_1(4), 
  datalen         1    8[BANK0 ] unsigned char 
 Auto vars:     Size  Location     Type
  pmsg            1   11[BANK0 ] PTR struct .
		 -> msg(21), 
  len             2    9[BANK0 ] unsigned int 
 Return value:  Size  Location     Type
                  1    wreg      void 
 Registers used:
		wreg, fsr0l, fsr0h, status,2, status,0, pclath, cstack
 Tracked objects:
		On entry : 
		On exit  : 
		Unchanged: 
 Data sizes:     COMMON   BANK0   BANK1   BANK3   BANK2
      Params:         0       6       0       0       0
      Locals:         0       3       0       0       0
      Temps:          2       0       0       0       0
      Totals:         2       9       0       0       0
Total ram usage:       11 bytes
 Hardware stack levels used:    1
 Hardware stack levels required when called:    3
 This function calls:
		_memcpy
 This function is called by:
		_main
 This function uses a non-reentrant model


 *************** function _memcpy *****************
 Defined at:
		line 11 in file "C:\Program Files (x86)\Microchip\xc8\v1.37\sources\common\memcpy.c"
 Parameters:    Size  Location     Type
  d1              1    wreg     PTR void 
		 -> msg(21), 
  s1              1    4[COMMON] PTR const void 
		 -> STR_1(4), 
  n               2    5[COMMON] unsigned int 
 Auto vars:     Size  Location     Type
  d1              1    0[BANK0 ] PTR void 
		 -> msg(21), 
  s               1    2[BANK0 ] PTR const unsigned char 
		 -> STR_1(4), 
  d               1    1[BANK0 ] PTR unsigned char 
		 -> msg(21), 
 Return value:  Size  Location     Type
                  1    wreg      PTR void 
 Registers used:
		wreg, fsr0l, fsr0h, status,2, status,0, pclath
 Tracked objects:
		On entry : 
		On exit  : 
		Unchanged: 
 Data sizes:     COMMON   BANK0   BANK1   BANK3   BANK2
      Params:         3       0       0       0       0
      Locals:         0       3       0       0       0
      Temps:          1       0       0       0       0
      Totals:         4       3       0       0       0
Total ram usage:        7 bytes
 Hardware stack levels used:    2
 Hardware stack levels required when called:    1
 This function calls:
		Nothing
 This function is called by:
		_compose
 This function uses a non-reentrant model


 *************** function _ValueInc *****************
 Defined at:
		line 62 in file "menu.c"
 Parameters:    Size  Location     Type
		None
 Auto vars:     Size  Location     Type
		None
 Return value:  Size  Location     Type
                  1    wreg      void 
 Registers used:
		wreg, fsr0l, fsr0h, status,2, status,0, pclath, cstack
 Tracked objects:
		On entry : 
		On exit  : 
		Unchanged: 
 Data sizes:     COMMON   BANK0   BANK1   BANK3   BANK2
      Params:         0       0       0       0       0
      Locals:         0       0       0       0       0
      Temps:          0       2       0       0       0
      Totals:         0       2       0       0       0
Total ram usage:        2 bytes
 Hardware stack levels used:    1
 Hardware stack levels required when called:    3
 This function calls:
		_SaveMenuItem
 This function is called by:
		_main
 This function uses a non-reentrant model


 *************** function _ValueDec *****************
 Defined at:
		line 67 in file "menu.c"
 Parameters:    Size  Location     Type
		None
 Auto vars:     Size  Location     Type
		None
 Return value:  Size  Location     Type
                  2   81[None  ] int 
 Registers used:
		wreg, fsr0l, fsr0h, status,2, status,0, pclath, cstack
 Tracked objects:
		On entry : 
		On exit  : 
		Unchanged: 
 Data sizes:     COMMON   BANK0   BANK1   BANK3   BANK2
      Params:         0       0       0       0       0
      Locals:         0       0       0       0       0
      Temps:          0       1       0       0       0
      Totals:         0       1       0       0       0
Total ram usage:        1 bytes
 Hardware stack levels used:    1
 Hardware stack levels required when called:    3
 This function calls:
		_SaveMenuItem
 This function is called by:
		_main
 This function uses a non-reentrant model


 *************** function _SaveMenuItem *****************
 Defined at:
		line 32 in file "menu.c"
 Parameters:    Size  Location     Type
  item            1    wreg     unsigned char 
 Auto vars:     Size  Location     Type
  item            1    9[COMMON] unsigned char 
 Return value:  Size  Location     Type
                  1    wreg      void 
 Registers used:
		wreg, fsr0l, fsr0h, status,2, status,0, pclath, cstack
 Tracked objects:
		On entry : 
		On exit  : 
		Unchanged: 
 Data sizes:     COMMON   BANK0   BANK1   BANK3   BANK2
      Params:         0       0       0       0       0
      Locals:         1       0       0       0       0
      Temps:          2       0       0       0       0
      Totals:         3       0       0       0       0
Total ram usage:        3 bytes
 Hardware stack levels used:    1
 Hardware stack levels required when called:    2
 This function calls:
		_eeprom_write
 This function is called by:
		_ValueInc
		_ValueDec
 This function uses a non-reentrant model


 *************** function _eeprom_write *****************
 Defined at:
		line 6 in file "C:\Program Files (x86)\Microchip\xc8\v1.37\sources\pic\eewrite.c"
 Parameters:    Size  Location     Type
  addr            1    wreg     unsigned char 
  value           1    4[COMMON] unsigned char 
 Auto vars:     Size  Location     Type
  addr            1    6[COMMON] unsigned char 
 Return value:  Size  Location     Type
                  1    wreg      void 
 Registers used:
		wreg, status,2, status,0
 Tracked objects:
		On entry : 
		On exit  : 
		Unchanged: 
 Data sizes:     COMMON   BANK0   BANK1   BANK3   BANK2
      Params:         1       0       0       0       0
      Locals:         1       0       0       0       0
      Temps:          1       0       0       0       0
      Totals:         3       0       0       0       0
Total ram usage:        3 bytes
 Hardware stack levels used:    1
 Hardware stack levels required when called:    1
 This function calls:
		Nothing
 This function is called by:
		_SaveMenuItem
 This function uses a non-reentrant model


 *************** function _ShowMenu *****************
 Defined at:
		line 23 in file "menu.c"
 Parameters:    Size  Location     Type
		None
 Auto vars:     Size  Location     Type
  i               1   25[BANK0 ] char 
  count           1   24[BANK0 ] char 
 Return value:  Size  Location     Type
                  1    wreg      void 
 Registers used:
		wreg, fsr0l, fsr0h, status,2, status,0, btemp+1, pclath, cstack
 Tracked objects:
		On entry : 
		On exit  : 
		Unchanged: 
 Data sizes:     COMMON   BANK0   BANK1   BANK3   BANK2
      Params:         0       0       0       0       0
      Locals:         0       2       0       0       0
      Temps:          0       4       0       0       0
      Totals:         0       6       0       0       0
Total ram usage:        6 bytes
 Hardware stack levels used:    1
 Hardware stack levels required when called:    4
 This function calls:
		_LCDByte
		_LCDGotoXY
		_LCDWriteInt
		_LCDWriteString
 This function is called by:
		_main
 This function uses a non-reentrant model


 *************** function _LCDWriteInt *****************
 Defined at:
		line 328 in file "lcd_hd44780_pic16.c"
 Parameters:    Size  Location     Type
  val             2    6[BANK0 ] int 
  field_length    1    8[BANK0 ] char 
 Auto vars:     Size  Location     Type
  str             5   11[BANK0 ] unsigned char [5]
  i               2   18[BANK0 ] int 
  j               2   16[BANK0 ] int 
 Return value:  Size  Location     Type
                  1    wreg      char 
 Registers used:
		wreg, fsr0l, fsr0h, status,2, status,0, btemp+1, pclath, cstack
 Tracked objects:
		On entry : 
		On exit  : 
		Unchanged: 
 Data sizes:     COMMON   BANK0   BANK1   BANK3   BANK2
      Params:         0       3       0       0       0
      Locals:         0       9       0       0       0
      Temps:          0       2       0       0       0
      Totals:         0      14       0       0       0
Total ram usage:       14 bytes
 Hardware stack levels used:    1
 Hardware stack levels required when called:    3
 This function calls:
		_LCDByte
		___awdiv
		___awmod
 This function is called by:
		_main
		_ShowMenu
 This function uses a non-reentrant model


 *************** function ___awmod *****************
 Defined at:
		line 6 in file "C:\Program Files (x86)\Microchip\xc8\v1.37\sources\common\awmod.c"
 Parameters:    Size  Location     Type
  divisor         2    4[COMMON] int 
  dividend        2    6[COMMON] int 
 Auto vars:     Size  Location     Type
  sign            1    1[BANK0 ] unsigned char 
  counter         1    0[BANK0 ] unsigned char 
 Return value:  Size  Location     Type
                  2    4[COMMON] int 
 Registers used:
		wreg, status,2, status,0
 Tracked objects:
		On entry : 
		On exit  : 
		Unchanged: 
 Data sizes:     COMMON   BANK0   BANK1   BANK3   BANK2
      Params:         4       0       0       0       0
      Locals:         0       2       0       0       0
      Temps:          1       0       0       0       0
      Totals:         5       2       0       0       0
Total ram usage:        7 bytes
 Hardware stack levels used:    1
 Hardware stack levels required when called:    1
 This function calls:
		Nothing
 This function is called by:
		_LCDWriteInt
 This function uses a non-reentrant model


 *************** function ___awdiv *****************
 Defined at:
		line 6 in file "C:\Program Files (x86)\Microchip\xc8\v1.37\sources\common\awdiv.c"
 Parameters:    Size  Location     Type
  divisor         2    4[COMMON] int 
  dividend        2    6[COMMON] int 
 Auto vars:     Size  Location     Type
  quotient        2    2[BANK0 ] int 
  sign            1    1[BANK0 ] unsigned char 
  counter         1    0[BANK0 ] unsigned char 
 Return value:  Size  Location     Type
                  2    4[COMMON] int 
 Registers used:
		wreg, status,2, status,0
 Tracked objects:
		On entry : 
		On exit  : 
		Unchanged: 
 Data sizes:     COMMON   BANK0   BANK1   BANK3   BANK2
      Params:         4       0       0       0       0
      Locals:         0       4       0       0       0
      Temps:          1       0       0       0       0
      Totals:         5       4       0       0       0
Total ram usage:        9 bytes
 Hardware stack levels used:    1
 Hardware stack levels required when called:    1
 This function calls:
		Nothing
 This function is called by:
		_LCDWriteInt
 This function uses a non-reentrant model


 *************** function _MenuUp *****************
 Defined at:
		line 40 in file "menu.c"
 Parameters:    Size  Location     Type
		None
 Auto vars:     Size  Location     Type
		None
 Return value:  Size  Location     Type
                  1    wreg      void 
 Registers used:
		wreg, status,2, status,0
 Tracked objects:
		On entry : 
		On exit  : 
		Unchanged: 
 Data sizes:     COMMON   BANK0   BANK1   BANK3   BANK2
      Params:         0       0       0       0       0
      Locals:         0       0       0       0       0
      Temps:          1       0       0       0       0
      Totals:         1       0       0       0       0
Total ram usage:        1 bytes
 Hardware stack levels used:    1
 Hardware stack levels required when called:    1
 This function calls:
		Nothing
 This function is called by:
		_main
 This function uses a non-reentrant model


 *************** function _MenuInit *****************
 Defined at:
		line 7 in file "menu.c"
 Parameters:    Size  Location     Type
		None
 Auto vars:     Size  Location     Type
		None
 Return value:  Size  Location     Type
                  1    wreg      void 
 Registers used:
		wreg, fsr0l, fsr0h, status,2, status,0, pclath, cstack
 Tracked objects:
		On entry : 
		On exit  : 
		Unchanged: 
 Data sizes:     COMMON   BANK0   BANK1   BANK3   BANK2
      Params:         0       0       0       0       0
      Locals:         0       0       0       0       0
      Temps:          1       0       0       0       0
      Totals:         1       0       0       0       0
Total ram usage:        1 bytes
 Hardware stack levels used:    1
 Hardware stack levels required when called:    3
 This function calls:
		_LoadMenuItem
 This function is called by:
		_main
 This function uses a non-reentrant model


 *************** function _LoadMenuItem *****************
 Defined at:
		line 36 in file "menu.c"
 Parameters:    Size  Location     Type
  item            1    wreg     unsigned char 
 Auto vars:     Size  Location     Type
  item            1    8[COMMON] unsigned char 
 Return value:  Size  Location     Type
                  1    wreg      unsigned char 
 Registers used:
		wreg, fsr0l, fsr0h, status,2, status,0, pclath, cstack
 Tracked objects:
		On entry : 
		On exit  : 
		Unchanged: 
 Data sizes:     COMMON   BANK0   BANK1   BANK3   BANK2
      Params:         0       0       0       0       0
      Locals:         1       0       0       0       0
      Temps:          2       0       0       0       0
      Totals:         3       0       0       0       0
Total ram usage:        3 bytes
 Hardware stack levels used:    1
 Hardware stack levels required when called:    2
 This function calls:
		_eeprom_read
 This function is called by:
		_MenuInit
 This function uses a non-reentrant model


 *************** function _eeprom_read *****************
 Defined at:
		line 6 in file "C:\Program Files (x86)\Microchip\xc8\v1.37\sources\pic\eeread.c"
 Parameters:    Size  Location     Type
  addr            1    wreg     unsigned char 
 Auto vars:     Size  Location     Type
  addr            1    5[COMMON] unsigned char 
 Return value:  Size  Location     Type
                  1    wreg      unsigned char 
 Registers used:
		wreg, status,2, status,0
 Tracked objects:
		On entry : 
		On exit  : 
		Unchanged: 
 Data sizes:     COMMON   BANK0   BANK1   BANK3   BANK2
      Params:         0       0       0       0       0
      Locals:         1       0       0       0       0
      Temps:          1       0       0       0       0
      Totals:         2       0       0       0       0
Total ram usage:        2 bytes
 Hardware stack levels used:    1
 Hardware stack levels required when called:    1
 This function calls:
		Nothing
 This function is called by:
		_LoadMenuItem
 This function uses a non-reentrant model


 *************** function _MenuDown *****************
 Defined at:
		line 51 in file "menu.c"
 Parameters:    Size  Location     Type
		None
 Auto vars:     Size  Location     Type
		None
 Return value:  Size  Location     Type
                  1    wreg      void 
 Registers used:
		wreg, status,2, status,0
 Tracked objects:
		On entry : 
		On exit  : 
		Unchanged: 
 Data sizes:     COMMON   BANK0   BANK1   BANK3   BANK2
      Params:         0       0       0       0       0
      Locals:         0       0       0       0       0
      Temps:          1       0       0       0       0
      Totals:         1       0       0       0       0
Total ram usage:        1 bytes
 Hardware stack levels used:    1
 Hardware stack levels required when called:    1
 This function calls:
		Nothing
 This function is called by:
		_main
 This function uses a non-reentrant model


 *************** function _LCDSetStyle *****************
 Defined at:
		line 207 in file "lcd_hd44780_pic16.c"
 Parameters:    Size  Location     Type
  style           1    wreg     unsigned char 
 Auto vars:     Size  Location     Type
  style           1    6[BANK0 ] unsigned char 
 Return value:  Size  Location     Type
                  1    wreg      void 
 Registers used:
		wreg, status,2, status,0, pclath, cstack
 Tracked objects:
		On entry : 
		On exit  : 
		Unchanged: 
 Data sizes:     COMMON   BANK0   BANK1   BANK3   BANK2
      Params:         0       0       0       0       0
      Locals:         0       1       0       0       0
      Temps:          0       0       0       0       0
      Totals:         0       1       0       0       0
Total ram usage:        1 bytes
 Hardware stack levels used:    1
 Hardware stack levels required when called:    3
 This function calls:
		_LCDByte
 This function is called by:
		_main
 This function uses a non-reentrant model


 *************** function _LCDInit *****************
 Defined at:
		line 211 in file "lcd_hd44780_pic16.c"
 Parameters:    Size  Location     Type
  style           1    wreg     unsigned char 
 Auto vars:     Size  Location     Type
  style           1    8[BANK0 ] unsigned char 
  __i             1    9[BANK0 ] unsigned char 
 Return value:  Size  Location     Type
                  1    wreg      void 
 Registers used:
		wreg, fsr0l, fsr0h, status,2, status,0, pclath, cstack
 Tracked objects:
		On entry : 
		On exit  : 
		Unchanged: 
 Data sizes:     COMMON   BANK0   BANK1   BANK3   BANK2
      Params:         0       0       0       0       0
      Locals:         0       2       0       0       0
      Temps:          0       2       0       0       0
      Totals:         0       4       0       0       0
Total ram usage:        4 bytes
 Hardware stack levels used:    1
 Hardware stack levels required when called:    3
 This function calls:
		_LCDBusyLoop
		_LCDByte
 This function is called by:
		_main
 This function uses a non-reentrant model


 *************** function _IOInit *****************
 Defined at:
		line 114 in file "do_am.c"
 Parameters:    Size  Location     Type
		None
 Auto vars:     Size  Location     Type
		None
 Return value:  Size  Location     Type
                  1    wreg      void 
 Registers used:
		None
 Tracked objects:
		On entry : 
		On exit  : 
		Unchanged: 
 Data sizes:     COMMON   BANK0   BANK1   BANK3   BANK2
      Params:         0       0       0       0       0
      Locals:         0       0       0       0       0
      Temps:          0       0       0       0       0
      Totals:         0       0       0       0       0
Total ram usage:        0 bytes
 Hardware stack levels used:    1
 Hardware stack levels required when called:    1
 This function calls:
		Nothing
 This function is called by:
		_main
 This function uses a non-reentrant model


 *************** function _ClearMenu *****************
 Defined at:
		line 28 in file "menu.c"
 Parameters:    Size  Location     Type
		None
 Auto vars:     Size  Location     Type
  i               1   12[BANK0 ] char 
  count           1   11[BANK0 ] char 
 Return value:  Size  Location     Type
                  1    wreg      void 
 Registers used:
		wreg, fsr0l, fsr0h, status,2, status,0, pclath, cstack
 Tracked objects:
		On entry : 
		On exit  : 
		Unchanged: 
 Data sizes:     COMMON   BANK0   BANK1   BANK3   BANK2
      Params:         0       0       0       0       0
      Locals:         0       2       0       0       0
      Temps:          0       1       0       0       0
      Totals:         0       3       0       0       0
Total ram usage:        3 bytes
 Hardware stack levels used:    1
 Hardware stack levels required when called:    4
 This function calls:
		_LCDByte
		_LCDGotoXY
		_LCDWriteString
 This function is called by:
		_main
 This function uses a non-reentrant model


 *************** function _LCDWriteString *****************
 Defined at:
		line 283 in file "lcd_hd44780_pic16.c"
 Parameters:    Size  Location     Type
  msg             1    wreg     PTR const unsigned char 
		 -> STR_14(1), STR_13(5), STR_12(5), STR_11(5), 
		 -> STR_10(5), STR_9(5), STR_8(3), STR_7(12), 
		 -> STR_6(13), STR_5(10), STR_4(10), STR_3(5), 
		 -> STR_2(1), 
 Auto vars:     Size  Location     Type
  msg             1    9[BANK0 ] PTR const unsigned char 
		 -> STR_14(1), STR_13(5), STR_12(5), STR_11(5), 
		 -> STR_10(5), STR_9(5), STR_8(3), STR_7(12), 
		 -> STR_6(13), STR_5(10), STR_4(10), STR_3(5), 
		 -> STR_2(1), 
  cc              1    8[BANK0 ] char 
  count           1    7[BANK0 ] char 
 Return value:  Size  Location     Type
                  1    wreg      char 
 Registers used:
		wreg, fsr0l, fsr0h, status,2, status,0, pclath, cstack
 Tracked objects:
		On entry : 
		On exit  : 
		Unchanged: 
 Data sizes:     COMMON   BANK0   BANK1   BANK3   BANK2
      Params:         0       0       0       0       0
      Locals:         0       3       0       0       0
      Temps:          0       1       0       0       0
      Totals:         0       4       0       0       0
Total ram usage:        4 bytes
 Hardware stack levels used:    1
 Hardware stack levels required when called:    3
 This function calls:
		_LCDByte
 This function is called by:
		_main
		_ShowMenu
		_ClearMenu
 This function uses a non-reentrant model


 *************** function _LCDGotoXY *****************
 Defined at:
		line 367 in file "lcd_hd44780_pic16.c"
 Parameters:    Size  Location     Type
  x               1    wreg     unsigned char 
  y               1    6[BANK0 ] unsigned char 
 Auto vars:     Size  Location     Type
  x               1    8[BANK0 ] unsigned char 
 Return value:  Size  Location     Type
                  1    wreg      void 
 Registers used:
		wreg, fsr0l, fsr0h, status,2, status,0, pclath, cstack
 Tracked objects:
		On entry : 
		On exit  : 
		Unchanged: 
 Data sizes:     COMMON   BANK0   BANK1   BANK3   BANK2
      Params:         0       1       0       0       0
      Locals:         0       1       0       0       0
      Temps:          0       1       0       0       0
      Totals:         0       3       0       0       0
Total ram usage:        3 bytes
 Hardware stack levels used:    1
 Hardware stack levels required when called:    3
 This function calls:
		_LCDByte
 This function is called by:
		_main
		_ShowMenu
		_ClearMenu
 This function uses a non-reentrant model


 *************** function _LCDByte *****************
 Defined at:
		line 80 in file "lcd_hd44780_pic16.c"
 Parameters:    Size  Location     Type
  c               1    wreg     unsigned char 
  isdata          1    9[COMMON] unsigned char 
 Auto vars:     Size  Location     Type
  c               1    4[BANK0 ] unsigned char 
  temp            1    5[BANK0 ] unsigned char 
  ln              1    3[BANK0 ] unsigned char 
  hn              1    2[BANK0 ] unsigned char 
 Return value:  Size  Location     Type
                  1    wreg      void 
 Registers used:
		wreg, status,2, status,0, pclath, cstack
 Tracked objects:
		On entry : 
		On exit  : 
		Unchanged: 
 Data sizes:     COMMON   BANK0   BANK1   BANK3   BANK2
      Params:         1       0       0       0       0
      Locals:         0       4       0       0       0
      Temps:          0       2       0       0       0
      Totals:         1       6       0       0       0
Total ram usage:        7 bytes
 Hardware stack levels used:    1
 Hardware stack levels required when called:    2
 This function calls:
		_LCDBusyLoop
 This function is called by:
		_main
		_LCDSetStyle
		_LCDInit
		_LCDWriteString
		_LCDWriteInt
		_LCDGotoXY
		_ShowMenu
		_ClearMenu
 This function uses a non-reentrant model


 *************** function _LCDBusyLoop *****************
 Defined at:
		line 135 in file "lcd_hd44780_pic16.c"
 Parameters:    Size  Location     Type
		None
 Auto vars:     Size  Location     Type
  status          1    8[COMMON] unsigned char 
  temp            1    7[COMMON] unsigned char 
  busy            1    6[COMMON] unsigned char 
 Return value:  Size  Location     Type
                  1    wreg      void 
 Registers used:
		wreg, status,2, status,0
 Tracked objects:
		On entry : 
		On exit  : 
		Unchanged: 
 Data sizes:     COMMON   BANK0   BANK1   BANK3   BANK2
      Params:         0       0       0       0       0
      Locals:         3       0       0       0       0
      Temps:          2       0       0       0       0
      Totals:         5       0       0       0       0
Total ram usage:        5 bytes
 Hardware stack levels used:    1
 Hardware stack levels required when called:    1
 This function calls:
		Nothing
 This function is called by:
		_LCDByte
		_LCDInit
 This function uses a non-reentrant model


 *************** function _ADCInit *****************
 Defined at:
		line 7 in file "adc_pic16.c"
 Parameters:    Size  Location     Type
		None
 Auto vars:     Size  Location     Type
		None
 Return value:  Size  Location     Type
                  1    wreg      void 
 Registers used:
		wreg, status,2, status,0
 Tracked objects:
		On entry : 
		On exit  : 
		Unchanged: 
 Data sizes:     COMMON   BANK0   BANK1   BANK3   BANK2
      Params:         0       0       0       0       0
      Locals:         0       0       0       0       0
      Temps:          0       0       0       0       0
      Totals:         0       0       0       0       0
Total ram usage:        0 bytes
 Hardware stack levels used:    1
 Hardware stack levels required when called:    1
 This function calls:
		Nothing
 This function is called by:
		_main
 This function uses a non-reentrant model


 *************** function _ISR *****************
 Defined at:
		line 177 in file "do_am.c"
 Parameters:    Size  Location     Type
		None
 Auto vars:     Size  Location     Type
		None
 Return value:  Size  Location     Type
                  1    wreg      void 
 Registers used:
		None
 Tracked objects:
		On entry : 
		On exit  : 
		Unchanged: 
 Data sizes:     COMMON   BANK0   BANK1   BANK3   BANK2
      Params:         0       0       0       0       0
      Locals:         0       0       0       0       0
      Temps:          4       0       0       0       0
      Totals:         4       0       0       0       0
Total ram usage:        4 bytes
 Hardware stack levels used:    1
 This function calls:
		Nothing
 This function is called by:
		Interrupt level 1
 This function uses a non-reentrant model



MODULE INFORMATION

Module		Function		Class		Link	Load	Size
msg.h
		_compose       		CODE           	06E7	0000	63

msg.h estimated size: 63

C:\Program Files (x86)\Microchip\xc8\v1.37\sources\pic\eeread.c
		_eeprom_read   		CODE           	07E1	0000	28

C:\Program Files (x86)\Microchip\xc8\v1.37\sources\pic\eeread.c estimated size: 28

C:\Program Files (x86)\Microchip\xc8\v1.37\sources\common\awdiv.c
		___awdiv       		CODE           	04A4	0000	92

C:\Program Files (x86)\Microchip\xc8\v1.37\sources\common\awdiv.c estimated size: 92

C:\Program Files (x86)\Microchip\xc8\v1.37\sources\common\memcpy.c
		_memcpy        		CODE           	0763	0000	45

C:\Program Files (x86)\Microchip\xc8\v1.37\sources\common\memcpy.c estimated size: 45

C:\Program Files (x86)\Microchip\xc8\v1.37\sources\pic\eewrite.c
		_eeprom_write  		CODE           	07BB	0000	39

C:\Program Files (x86)\Microchip\xc8\v1.37\sources\pic\eewrite.c estimated size: 39

shared
		__stringtab    		STRING         	0606	0000	7
		__initialization		CODE           	0015	0000	29

shared estimated size: 36

lcd_hd44780_pic16.c
		_LCDByte       		CODE           	055A	0000	88
		_LCDWriteInt   		CODE           	033B	0000	160
		_LCDInit       		CODE           	0440	0000	101
		_LCDWriteString		CODE           	04FF	0000	92
		_LCDGotoXY     		CODE           	0FDA	0000	39
		_LCDSetStyle   		CODE           	0F37	0000	11
		_LCDBusyLoop   		CODE           	03DA	0000	103

lcd_hd44780_pic16.c estimated size: 594

menu.c
		_MenuUp        		CODE           	0F59	0000	14
		_ValueDec      		CODE           	0F75	0000	16
		_ClearMenu     		CODE           	078F	0000	45
		_MenuInit      		CODE           	0725	0000	63
		_SaveMenuItem  		CODE           	0F84	0000	17
		_MenuDown      		CODE           	0F4C	0000	14
		_LoadMenuItem  		CODE           	0F66	0000	16
		_ShowMenu      		CODE           	05B1	0000	86
		_ValueInc      		CODE           	0FA4	0000	18

menu.c estimated size: 289

do_am.c
		_IOInit        		CODE           	06A1	0000	71
		_ISR           		CODE           	0F41	0000	12
		_main          		CODE           	0035	0000	775

do_am.c estimated size: 858

C:\Program Files (x86)\Microchip\xc8\v1.37\sources\common\awmod.c
		___awmod       		CODE           	0654	0000	78

C:\Program Files (x86)\Microchip\xc8\v1.37\sources\common\awmod.c estimated size: 78

adc_pic16.c
		_ADCInit       		CODE           	0FC6	0000	21

adc_pic16.c estimated size: 21

