Microchip MPLAB XC8 Compiler V1.37 ()

Linker command line:

-W-3 --edf=C:\Program Files (x86)\Microchip\xc8\v1.37\dat\en_msgs.txt -cs \
  -h+dist/default/production\RF_ver1_server_16f866.X.production.sym \
  --cmf=dist/default/production\RF_ver1_server_16f866.X.production.cmf -z \
  -Q16F886 -oC:\Users\Admin\AppData\Local\Temp\s18c.2 \
  -Mdist/default/production/RF_ver1_server_16f866.X.production.map -E1 \
  -ver=XC8 -ASTACK=0127h-016fh -pstack=STACK -ACODE=00h-07FFhx4 \
  -ASTRCODE=00h-01FFFh -ASTRING=00h-0FFhx32 -ACONST=00h-0FFhx32 \
  -AENTRY=00h-0FFhx32 -ACOMMON=070h-07Fh -ABANK0=020h-06Fh \
  -ABANK1=0A0h-0EFh -ABANK2=0110h-016Fh -ABANK3=0190h-01EFh \
  -ARAM=020h-06Fh,0A0h-0EFh,0110h-016Fh,0190h-01EFh \
  -AABS1=020h-07Fh,0A0h-0EFh,0110h-016Fh,0190h-01EFh -ASFR0=00h-01Fh \
  -ASFR1=080h-09Fh -ASFR2=0100h-010Fh -ASFR3=0180h-018Fh \
  -preset_vec=00h,intentry=04h,init,end_init -ppowerup=CODE -pcinit=CODE \
  -pfunctab=CODE -ACONFIG=02007h-02008h -pconfig=CONFIG -DCONFIG=2 \
  -AIDLOC=02000h-02003h -pidloc=IDLOC -DIDLOC=2 -AEEDATA=00h-0FFh/02100h \
  -peeprom_data=EEDATA -DEEDATA=2 -DCODE=2 -DSTRCODE=2 -DSTRING=2 -DCONST=2 \
  -DENTRY=2 -k C:\Users\Admin\AppData\Local\Temp\s18c.obj \
  dist/default/production\RF_ver1_server_16f866.X.production.obj 

Object code version is 3.11

Machine type is 16F886



                Name                               Link     Load   Length Selector   Space Scale
C:\Users\Admin\AppData\Local\Temp\s18c.obj
                end_init                             12       12        3        8       0
                reset_vec                             0        0        3        0       0
                config                             2007     2007        2     400E       0
dist/default/production\RF_ver1_server_16f866.X.production.obj
                cinit                                15       15       40        8       0
                intentry                              4        4        E        8       0
                text49                             17E0     17E0        A     2FC0       0
                text48                              733      733       75      D68       0
                text47                              AF9      AF9       35     15F2       0
                text46                              8BF      8BF       14     117E       0
                text45                              EC4      EC4       68     1D88       0
                text44                              7A8      7A8       57      D68       0
                text43                              9B4      9B4       26     1368       0
                text42                              E62      E62       62     1CC4       0
                text41                              A60      A60       31     14C0       0
                text40                              886      886       13     110C       0
                text39                              CF8      CF8       55     19F0       0
                text38                              BB8      BB8       4D     1770       0
                text37                              F2C      F2C       68     1E58       0
                text36                             17EA     17EA        A     2FD4       0
                text35                              841      841       11     1082       0
                text34                              96B      96B       24     12D6       0
                text33                              899      899       13     1132       0
                text32                              CA4      CA4       54     1948       0
                text31                              852      852       11     10A4       0
                text30                              D4D      D4D       5B     1A9A       0
                text29                              C05      C05       4D     180A       0
                text28                              4F4      4F4       A1        8       0
                text27                              E04      E04       5E     1C08       0
                text26                              A30      A30       30     1460       0
                text25                              874      874       12     10E8       0
                text24                              8AC      8AC       13     1158       0
                text23                              8D3      8D3       17     11A6       0
                text22                              595      595       9C        8       0
                text21                              949      949       22     1292       0
                text20                              9DA      9DA       2B     13B4       0
                text19                              C52      C52       52     18A4       0
                text18                              98F      98F       25     131E       0
                text17                              928      928       21     1250       0
                text16                              B2E      B2E       3E     165C       0
                text15                              A91      A91       34     1522       0
                text14                              41E      41E       D6        8       0
                text13                              DA8      DA8       5C     1B50       0
                text12                              821      821       10     1042       0
                text11                              831      831       10     1062       0
                text10                             17F4     17F4        C     2FE8       0
                text9                               803      803        F     1006       0
                text8                               2DB      2DB      143        8       0
                text7                               B6C      B6C       4C     16D8       0
                text6                               8EA      8EA       1F     11D4       0
                text5                               F94      F94       6C     1F28       0
                text4                               A05      A05       2B     140A       0
                text3                               909      909       1F     1212       0
                text2                               AC5      AC5       34     158A       0
                text1                               6B4      6B4       7F      D68       0
                maintext                             55       55      286        8       0
                cstackBANK0                          20       20       4A       20       1
                cstackCOMMON                         70       70        C       70       1
                cstackBANK1                          CB       CB       16       A0       1
                inittext                            863      863       11     10C6       0
                clrtext                            17D8     17D8        8     2FB0       0
                bssBANK2                            110      110       17      110       1
                bssBANK3                            190      190       5F      190       1
                dataBANK1                            E1       E1        F       A0       1
                bssBANK1                             A0       A0       2B       A0       1
                dataBANK0                            6A       6A        4       20       1
                bssBANK0                             6E       6E        2       20       1
                dataCOMMON                           7D       7D        1       70       1
                bssCOMMON                            7C       7C        1       70       1
                strings                             631      631       83      C62       0
                idataBANK1                          812      812        F     1024       0
                idataBANK0                         17D4     17D4        4     2FA8       0
                idataCOMMON                         7FF      7FF        1      D68       0

TOTAL           Name                               Link     Load   Length     Space
        CLASS   STACK          

        CLASS   CODE           
                end_init                             12       12        3         0
                cinit                                15       15       40         0
                intentry                              4        4        E         0
                reset_vec                             0        0        3         0
                text49                             17E0     17E0        A         0
                text48                              733      733       75         0
                text47                              AF9      AF9       35         0
                text46                              8BF      8BF       14         0
                text45                              EC4      EC4       68         0
                text44                              7A8      7A8       57         0
                text43                              9B4      9B4       26         0
                text42                              E62      E62       62         0
                text41                              A60      A60       31         0
                text40                              886      886       13         0
                text39                              CF8      CF8       55         0
                text38                              BB8      BB8       4D         0
                text37                              F2C      F2C       68         0
                text36                             17EA     17EA        A         0
                text35                              841      841       11         0
                text34                              96B      96B       24         0
                text33                              899      899       13         0
                text32                              CA4      CA4       54         0
                text31                              852      852       11         0
                text30                              D4D      D4D       5B         0
                text29                              C05      C05       4D         0
                text28                              4F4      4F4       A1         0
                text27                              E04      E04       5E         0
                text26                              A30      A30       30         0
                text25                              874      874       12         0
                text24                              8AC      8AC       13         0
                text23                              8D3      8D3       17         0
                text22                              595      595       9C         0
                text21                              949      949       22         0
                text20                              9DA      9DA       2B         0
                text19                              C52      C52       52         0
                text18                              98F      98F       25         0
                text17                              928      928       21         0
                text16                              B2E      B2E       3E         0
                text15                              A91      A91       34         0
                text14                              41E      41E       D6         0
                text13                              DA8      DA8       5C         0
                text12                              821      821       10         0
                text11                              831      831       10         0
                text10                             17F4     17F4        C         0
                text9                               803      803        F         0
                text8                               2DB      2DB      143         0
                text7                               B6C      B6C       4C         0
                text6                               8EA      8EA       1F         0
                text5                               F94      F94       6C         0
                text4                               A05      A05       2B         0
                text3                               909      909       1F         0
                text2                               AC5      AC5       34         0
                text1                               6B4      6B4       7F         0
                maintext                             55       55      286         0
                inittext                            863      863       11         0
                clrtext                            17D8     17D8        8         0
                idataBANK1                          812      812        F         0
                idataBANK0                         17D4     17D4        4         0
                idataCOMMON                         7FF      7FF        1         0

        CLASS   STRCODE        

        CLASS   STRING         
                strings                             631      631       83         0

        CLASS   CONST          

        CLASS   ENTRY          

        CLASS   COMMON         
                cstackCOMMON                         70       70        C         1
                dataCOMMON                           7D       7D        1         1
                bssCOMMON                            7C       7C        1         1

        CLASS   BANK0          
                cstackBANK0                          20       20       4A         1
                dataBANK0                            6A       6A        4         1
                bssBANK0                             6E       6E        2         1

        CLASS   BANK1          
                cstackBANK1                          CB       CB       16         1
                dataBANK1                            E1       E1        F         1
                bssBANK1                             A0       A0       2B         1

        CLASS   BANK2          
                bssBANK2                            110      110       17         1

        CLASS   BANK3          
                bssBANK3                            190      190       5F         1

        CLASS   RAM            

        CLASS   ABS1           
                abs_s1                               7E       7E        2         1

        CLASS   SFR0           

        CLASS   SFR1           

        CLASS   SFR2           

        CLASS   SFR3           

        CLASS   CONFIG         
                config                             2007     2007        2         0

        CLASS   IDLOC          

        CLASS   EEDATA         



SEGMENTS        Name                           Load    Length   Top    Selector   Space  Class     Delta

                reset_vec                      000000  000003  000003         0       0  CODE        2
                intentry                       000004  00062D  000631         8       0  CODE        2
                cstackBANK0                    000020  000050  000070        20       1  BANK0       1
                cstackCOMMON                   000070  00000E  00007E        70       1  COMMON      1
                bssBANK1                       0000A0  000050  0000F0        A0       1  BANK1       1
                bssBANK2                       000110  000017  000127       110       1  BANK2       1
                bssBANK3                       000190  00005F  0001EF       190       1  BANK3       1
                strings                        000631  000083  0006B4       C62       0  STRING      2
                text1                          0006B4  00014C  000800       D68       0  CODE        2
                text9                          000803  00000F  000812      1006       0  CODE        2
                idataBANK1                     000812  00000F  000821      1024       0  CODE        2
                text12                         000821  000010  000831      1042       0  CODE        2
                text11                         000831  000010  000841      1062       0  CODE        2
                text35                         000841  000011  000852      1082       0  CODE        2
                text31                         000852  000011  000863      10A4       0  CODE        2
                inittext                       000863  000011  000874      10C6       0  CODE        2
                text25                         000874  000012  000886      10E8       0  CODE        2
                text40                         000886  000013  000899      110C       0  CODE        2
                text33                         000899  000013  0008AC      1132       0  CODE        2
                text24                         0008AC  000013  0008BF      1158       0  CODE        2
                text46                         0008BF  000014  0008D3      117E       0  CODE        2
                text23                         0008D3  000017  0008EA      11A6       0  CODE        2
                text6                          0008EA  00001F  000909      11D4       0  CODE        2
                text3                          000909  00001F  000928      1212       0  CODE        2
                text17                         000928  000021  000949      1250       0  CODE        2
                text21                         000949  000022  00096B      1292       0  CODE        2
                text34                         00096B  000024  00098F      12D6       0  CODE        2
                text18                         00098F  000025  0009B4      131E       0  CODE        2
                text43                         0009B4  000026  0009DA      1368       0  CODE        2
                text20                         0009DA  00002B  000A05      13B4       0  CODE        2
                text4                          000A05  00002B  000A30      140A       0  CODE        2
                text26                         000A30  000030  000A60      1460       0  CODE        2
                text41                         000A60  000031  000A91      14C0       0  CODE        2
                text15                         000A91  000034  000AC5      1522       0  CODE        2
                text2                          000AC5  000034  000AF9      158A       0  CODE        2
                text47                         000AF9  000035  000B2E      15F2       0  CODE        2
                text16                         000B2E  00003E  000B6C      165C       0  CODE        2
                text7                          000B6C  00004C  000BB8      16D8       0  CODE        2
                text38                         000BB8  00004D  000C05      1770       0  CODE        2
                text29                         000C05  00004D  000C52      180A       0  CODE        2
                text19                         000C52  000052  000CA4      18A4       0  CODE        2
                text32                         000CA4  000054  000CF8      1948       0  CODE        2
                text39                         000CF8  000055  000D4D      19F0       0  CODE        2
                text30                         000D4D  00005B  000DA8      1A9A       0  CODE        2
                text13                         000DA8  00005C  000E04      1B50       0  CODE        2
                text27                         000E04  00005E  000E62      1C08       0  CODE        2
                text42                         000E62  000062  000EC4      1CC4       0  CODE        2
                text45                         000EC4  000068  000F2C      1D88       0  CODE        2
                text37                         000F2C  000068  000F94      1E58       0  CODE        2
                text5                          000F94  00006C  001000      1F28       0  CODE        2
                idataBANK0                     0017D4  000004  0017D8      2FA8       0  CODE        2
                clrtext                        0017D8  000008  0017E0      2FB0       0  CODE        2
                text49                         0017E0  00000A  0017EA      2FC0       0  CODE        2
                text36                         0017EA  00000A  0017F4      2FD4       0  CODE        2
                text10                         0017F4  00000C  001800      2FE8       0  CODE        2
                config                         002007  000002  002009      400E       0  CONFIG      2


UNUSED ADDRESS RANGES

        Name                Unused          Largest block    Delta
        BANK2            0127-016F             49           1
        BANK3            01EF-01EF              1           1
        CODE             0003-0003              1           2
                         0800-0802              3
                         1000-17D3            7D4
                         1800-1FFF            800
        CONST            0003-0003              1           2
                         0800-0802              3
                         1000-17D3            100
                         1800-1FFF            100
        EEDATA           2100-21FF            100           2
        ENTRY            0003-0003              1           2
                         0800-0802              3
                         1000-17D3            100
                         1800-1FFF            100
        IDLOC            2000-2003              4           2
        RAM              0127-016F             49           1
                         01EF-01EF              1
        SFR0             0000-001F             20           1
        SFR1             0080-009F             20           1
        SFR2             0100-010F             10           1
        SFR3             0180-018F             10           1
        STACK            0127-016F             49           1
        STRCODE          0003-0003              1           2
                         0800-0802              3
                         1000-17D3            7D4
                         1800-1FFF            800
        STRING           0003-0003              1           2
                         0800-0802              3
                         1000-17D3            100
                         1800-1FFF            100

                                  Symbol Table

?___awdiv                                  cstackBANK0  0020
?___awmod                                  cstackBANK0  0020
?___lwdiv                                  cstackBANK0  0020
?___lwmod                                  cstackBANK0  0028
?_crc_calculate                            cstackBANK0  0020
?_sprintf                                  cstackBANK0  002E
ClearMenu@count                            cstackBANK0  0032
ClearMenu@i                                cstackBANK0  0033
ConnInit@i                                 cstackBANK0  0026
ISR@byte                                   cstackCOMMON 007B
ISR@value                                  cstackCOMMON 007A
LCDBusyLoop@busy                           cstackBANK0  0022
LCDBusyLoop@status                         cstackBANK0  0024
LCDBusyLoop@temp                           cstackBANK0  0023
LCDByte@c                                  cstackBANK0  002A
LCDByte@hn                                 cstackBANK0  0028
LCDByte@isdata                             cstackBANK0  0025
LCDByte@ln                                 cstackBANK0  0029
LCDByte@temp                               cstackBANK0  002B
LCDGotoXY@x                                cstackBANK0  002E
LCDGotoXY@y                                cstackBANK0  002C
LCDInit@__i                                cstackBANK0  002F
LCDInit@style                              cstackBANK0  002E
LCDSetStyle@style                          cstackBANK0  002C
LCDWriteInt@F1650                          dataBANK1    00E9
LCDWriteInt@field_length                   cstackBANK0  002E
LCDWriteInt@i                              cstackBANK0  0038
LCDWriteInt@j                              cstackBANK0  0036
LCDWriteInt@str                            cstackBANK0  0031
LCDWriteInt@val                            cstackBANK0  002C
LCDWriteString@cc                          cstackBANK0  0030
LCDWriteString@count                       cstackBANK0  002F
LCDWriteString@msg                         cstackBANK0  002C
LoadMenuItem@item                          cstackBANK0  0024
SaveMenuItem@item                          cstackBANK0  0025
ShowMenu@count                             cstackBANK0  003E
ShowMenu@i                                 cstackBANK0  003F
_ADCInit                                   text46       08BF
_ADCON0bits                                (abs)        001F
_ADCON1bits                                (abs)        009F
_ADRESH                                    (abs)        001E
_ADRESL                                    (abs)        009E
_ANSELHbits                                (abs)        0189
_ANSELbits                                 (abs)        0188
_CARRY                                     (abs)        0018
_ClearMenu                                 text41       0A60
_ConnInit                                  text39       0CF8
_EEADR                                     (abs)        010D
_EECON1                                    (abs)        018C
_EECON2                                    (abs)        018D
_EEDATA                                    (abs)        010C
_GIE                                       (abs)        005F
_INTCONbits                                (abs)        000B
_IOInit                                    text38       0BB8
_ISR                                       text47       0AF9
_LCDBusyLoop                               text45       0EC4
_LCDByte                                   text44       07A8
_LCDGotoXY                                 text43       09B4
_LCDInit                                   text37       0F2C
_LCDSetStyle                               text36       17EA
_LCDWriteInt                               text28       04F4
_LCDWriteString                            text42       0E62
_LoadMenuItem                              text33       0899
_MenuDown                                  text35       0841
_MenuInit                                  text32       0CA4
_MenuUp                                    text31       0852
_OPTION_REGbits                            (abs)        0081
_PORTC                                     (abs)        0007
_RA0                                       (abs)        0028
_RA1                                       (abs)        0029
_RA2                                       (abs)        002A
_RA3                                       (abs)        002B
_RA4                                       (abs)        002C
_RA5                                       (abs)        002D
_RA6                                       (abs)        002E
_RA7                                       (abs)        002F
_RB1                                       (abs)        0031
_RB2                                       (abs)        0032
_RB4                                       (abs)        0034
_RB5                                       (abs)        0035
_RB6                                       (abs)        0036
_RB7                                       (abs)        0037
_RC1                                       (abs)        0039
_RC2                                       (abs)        003A
_RC3                                       (abs)        003B
_RD                                        (abs)        0C60
_SaveMenuItem                              text25       0874
_ShowMenu                                  text27       0E04
_TRISAbits                                 (abs)        0085
_TRISBbits                                 (abs)        0086
_TRISC                                     (abs)        0087
_TRISCbits                                 (abs)        0087
_ValueDec                                  text24       08AC
_ValueInc                                  text23       08D3
_WR                                        (abs)        0C61
_WREN                                      (abs)        0C62
__CFG_BOR4V$BOR21V                         (abs)        0000
__CFG_BOREN$ON                             (abs)        0000
__CFG_CP$ON                                (abs)        0000
__CFG_CPD$ON                               (abs)        0000
__CFG_FCMEN$ON                             (abs)        0000
__CFG_FOSC$INTRC_NOCLKOUT                  (abs)        0000
__CFG_IESO$ON                              (abs)        0000
__CFG_LVP$ON                               (abs)        0000
__CFG_MCLRE$ON                             (abs)        0000
__CFG_PWRTE$OFF                            (abs)        0000
__CFG_WDTE$ON                              (abs)        0000
__CFG_WRT$OFF                              (abs)        0000
__Habs1                                    abs1         0000
__Hbank0                                   bank0        0000
__Hbank1                                   bank1        0000
__Hbank2                                   bank2        0000
__Hbank3                                   bank3        0000
__HbssBANK0                                bssBANK0     0000
__HbssBANK1                                bssBANK1     0000
__HbssBANK2                                bssBANK2     0000
__HbssBANK3                                bssBANK3     0000
__HbssCOMMON                               bssCOMMON    0000
__Hcinit                                   cinit        0055
__Hclrtext                                 clrtext      0000
__Hcode                                    code         0000
__Hcommon                                  common       0000
__Hconfig                                  config       2009
__HcstackBANK0                             cstackBANK0  0000
__HcstackBANK1                             cstackBANK1  0000
__HcstackCOMMON                            cstackCOMMON 0000
__HdataBANK0                               dataBANK0    0000
__HdataBANK1                               dataBANK1    0000
__HdataCOMMON                              dataCOMMON   0000
__Heeprom_data                             eeprom_data  0000
__Hend_init                                end_init     0015
__Hfunctab                                 functab      0000
__HidataBANK0                              idataBANK0   0000
__HidataBANK1                              idataBANK1   0000
__HidataCOMMON                             idataCOMMON  0000
__Hidloc                                   idloc        0000
__Hinit                                    init         0012
__Hinittext                                inittext     0000
__Hintentry                                intentry     0012
__Hmaintext                                maintext     0000
__Hpowerup                                 powerup      0000
__Hram                                     ram          0000
__Hreset_vec                               reset_vec    0003
__Hsfr0                                    sfr0         0000
__Hsfr1                                    sfr1         0000
__Hsfr2                                    sfr2         0000
__Hsfr3                                    sfr3         0000
__Hspace_0                                 (abs)        2009
__Hspace_1                                 (abs)        01EF
__Hspace_2                                 (abs)        0000
__Hspace_3                                 (abs)        0000
__Hstack                                   stack        0000
__Hstrings                                 strings      0000
__Htext                                    text         0000
__Labs1                                    abs1         0000
__Lbank0                                   bank0        0000
__Lbank1                                   bank1        0000
__Lbank2                                   bank2        0000
__Lbank3                                   bank3        0000
__LbssBANK0                                bssBANK0     0000
__LbssBANK1                                bssBANK1     0000
__LbssBANK2                                bssBANK2     0000
__LbssBANK3                                bssBANK3     0000
__LbssCOMMON                               bssCOMMON    0000
__Lcinit                                   cinit        0015
__Lclrtext                                 clrtext      0000
__Lcode                                    code         0000
__Lcommon                                  common       0000
__Lconfig                                  config       2007
__LcstackBANK0                             cstackBANK0  0000
__LcstackBANK1                             cstackBANK1  0000
__LcstackCOMMON                            cstackCOMMON 0000
__LdataBANK0                               dataBANK0    0000
__LdataBANK1                               dataBANK1    0000
__LdataCOMMON                              dataCOMMON   0000
__Leeprom_data                             eeprom_data  0000
__Lend_init                                end_init     0012
__Lfunctab                                 functab      0000
__LidataBANK0                              idataBANK0   0000
__LidataBANK1                              idataBANK1   0000
__LidataCOMMON                             idataCOMMON  0000
__Lidloc                                   idloc        0000
__Linit                                    init         0012
__Linittext                                inittext     0000
__Lintentry                                intentry     0004
__Lmaintext                                maintext     0000
__Lpowerup                                 powerup      0000
__Lram                                     ram          0000
__Lreset_vec                               reset_vec    0000
__Lsfr0                                    sfr0         0000
__Lsfr1                                    sfr1         0000
__Lsfr2                                    sfr2         0000
__Lsfr3                                    sfr3         0000
__Lspace_0                                 (abs)        0000
__Lspace_1                                 (abs)        0000
__Lspace_2                                 (abs)        0000
__Lspace_3                                 (abs)        0000
__Lstack                                   stack        0000
__Lstrings                                 strings      0000
__Ltext                                    text         0000
__S0                                       (abs)        2009
__S1                                       (abs)        01EF
__S2                                       (abs)        0000
__S3                                       (abs)        0000
___awdiv                                   text30       0D4D
___awdiv@counter                           cstackBANK0  0025
___awdiv@dividend                          cstackBANK0  0022
___awdiv@divisor                           cstackBANK0  0020
___awdiv@quotient                          cstackBANK0  0027
___awdiv@sign                              cstackBANK0  0026
___awmod                                   text29       0C05
___awmod@counter                           cstackBANK0  0025
___awmod@dividend                          cstackBANK0  0022
___awmod@divisor                           cstackBANK0  0020
___awmod@sign                              cstackBANK0  0026
___bmul                                    text40       0886
___bmul@multiplicand                       cstackBANK0  0020
___bmul@multiplier                         cstackBANK0  0023
___bmul@product                            cstackBANK0  0022
___cgram                                   dataBANK1    00E1
___int_sp                                  stack        0000
___latbits                                 (abs)        0002
___lwdiv                                   text16       0B2E
___lwdiv@counter                           cstackBANK0  0027
___lwdiv@dividend                          cstackBANK0  0022
___lwdiv@divisor                           cstackBANK0  0020
___lwdiv@quotient                          cstackBANK0  0025
___lwmod                                   text15       0A91
___lwmod@counter                           cstackBANK0  002D
___lwmod@dividend                          cstackBANK0  002A
___lwmod@divisor                           cstackBANK0  0028
___sp                                      stack        0000
__end_of_ADCInit                           text46       08D3
__end_of_ClearMenu                         text41       0A91
__end_of_ConnInit                          text39       0D4D
__end_of_IOInit                            text38       0C05
__end_of_ISR                               text47       0B2E
__end_of_LCDBusyLoop                       text45       0F2C
__end_of_LCDByte                           text44       07FF
__end_of_LCDGotoXY                         text43       09DA
__end_of_LCDInit                           text37       0F94
__end_of_LCDSetStyle                       text36       17F4
__end_of_LCDWriteInt                       text28       0595
__end_of_LCDWriteString                    text42       0EC4
__end_of_LoadMenuItem                      text33       08AC
__end_of_MenuDown                          text35       0852
__end_of_MenuInit                          text32       0CF8
__end_of_MenuUp                            text31       0863
__end_of_SaveMenuItem                      text25       0886
__end_of_ShowMenu                          text27       0E62
__end_of_ValueDec                          text24       08BF
__end_of_ValueInc                          text23       08EA
__end_of___awdiv                           text30       0DA8
__end_of___awmod                           text29       0C52
__end_of___bmul                            text40       0899
__end_of___lwdiv                           text16       0B6C
__end_of___lwmod                           text15       0AC5
__end_of__initialization                   cinit        0051
__end_of__stringtab                        strings      0641
__end_of_compose                           text19       0CA4
__end_of_crc_calculate                     text22       0631
__end_of_crc_verify                        text21       096B
__end_of_create_HEART_BEAT_RQT_CMD         text17       0949
__end_of_create_cmd                        text18       09B4
__end_of_debug_1                           text13       0E04
__end_of_dpowers                           strings      064B
__end_of_eeprom_read                       text34       098F
__end_of_eeprom_write                      text26       0A60
__end_of_get_distance                      text12       0831
__end_of_get_minus_index                   text11       0841
__end_of_get_msg                           text7        0BB8
__end_of_get_msg_index                     text8        041E
__end_of_get_next_index                    text10       1800
__end_of_get_plus_index                    text9        0812
__end_of_is_right_addr                     text6        0909
__end_of_main                              maintext     02DB
__end_of_memcpy                            text20       0A05
__end_of_receive_input                     text48       07A8
__end_of_send_HEART_BEAT_RQT_CMD_and_wait  text1        0733
__end_of_send_byte                         text4        0A30
__end_of_send_half_byte                    text5        1000
__end_of_send_msg                          text2        0AF9
__end_of_send_string                       text3        0928
__end_of_sprintf                           text14       04F4
__end_of_start_mark                        strings      064F
__end_of_stop_mark                         strings      0653
__end_ofi1_get_next_index                  text49       17EA
__initialization                           cinit        0015
__pbssBANK0                                bssBANK0     006E
__pbssBANK1                                bssBANK1     00A0
__pbssBANK2                                bssBANK2     0110
__pbssBANK3                                bssBANK3     0190
__pbssCOMMON                               bssCOMMON    007C
__pcstackBANK0                             cstackBANK0  0020
__pcstackBANK1                             cstackBANK1  00CB
__pcstackCOMMON                            cstackCOMMON 0070
__pdataBANK0                               dataBANK0    006A
__pdataBANK1                               dataBANK1    00E1
__pdataCOMMON                              dataCOMMON   007D
__pidataBANK0                              idataBANK0   17D4
__pidataBANK1                              idataBANK1   0812
__pidataCOMMON                             idataCOMMON  07FF
__pintentry                                intentry     0004
__pmaintext                                maintext     0055
__pstrings                                 strings      0631
__ptext1                                   text1        06B4
__ptext10                                  text10       17F4
__ptext11                                  text11       0831
__ptext12                                  text12       0821
__ptext13                                  text13       0DA8
__ptext14                                  text14       041E
__ptext15                                  text15       0A91
__ptext16                                  text16       0B2E
__ptext17                                  text17       0928
__ptext18                                  text18       098F
__ptext19                                  text19       0C52
__ptext2                                   text2        0AC5
__ptext20                                  text20       09DA
__ptext21                                  text21       0949
__ptext22                                  text22       0595
__ptext23                                  text23       08D3
__ptext24                                  text24       08AC
__ptext25                                  text25       0874
__ptext26                                  text26       0A30
__ptext27                                  text27       0E04
__ptext28                                  text28       04F4
__ptext29                                  text29       0C05
__ptext3                                   text3        0909
__ptext30                                  text30       0D4D
__ptext31                                  text31       0852
__ptext32                                  text32       0CA4
__ptext33                                  text33       0899
__ptext34                                  text34       096B
__ptext35                                  text35       0841
__ptext36                                  text36       17EA
__ptext37                                  text37       0F2C
__ptext38                                  text38       0BB8
__ptext39                                  text39       0CF8
__ptext4                                   text4        0A05
__ptext40                                  text40       0886
__ptext41                                  text41       0A60
__ptext42                                  text42       0E62
__ptext43                                  text43       09B4
__ptext44                                  text44       07A8
__ptext45                                  text45       0EC4
__ptext46                                  text46       08BF
__ptext47                                  text47       0AF9
__ptext48                                  text48       0733
__ptext49                                  text49       17E0
__ptext5                                   text5        0F94
__ptext6                                   text6        08EA
__ptext7                                   text7        0B6C
__ptext8                                   text8        02DB
__ptext9                                   text9        0803
__size_of_ADCInit                          (abs)        0000
__size_of_ClearMenu                        (abs)        0000
__size_of_ConnInit                         (abs)        0000
__size_of_IOInit                           (abs)        0000
__size_of_ISR                              (abs)        0000
__size_of_LCDBusyLoop                      (abs)        0000
__size_of_LCDByte                          (abs)        0000
__size_of_LCDGotoXY                        (abs)        0000
__size_of_LCDInit                          (abs)        0000
__size_of_LCDSetStyle                      (abs)        0000
__size_of_LCDWriteInt                      (abs)        0000
__size_of_LCDWriteString                   (abs)        0000
__size_of_LoadMenuItem                     (abs)        0000
__size_of_MenuDown                         (abs)        0000
__size_of_MenuInit                         (abs)        0000
__size_of_MenuUp                           (abs)        0000
__size_of_SaveMenuItem                     (abs)        0000
__size_of_ShowMenu                         (abs)        0000
__size_of_ValueDec                         (abs)        0000
__size_of_ValueInc                         (abs)        0000
__size_of___awdiv                          (abs)        0000
__size_of___awmod                          (abs)        0000
__size_of___bmul                           (abs)        0000
__size_of___lwdiv                          (abs)        0000
__size_of___lwmod                          (abs)        0000
__size_of_compose                          (abs)        0000
__size_of_crc_calculate                    (abs)        0000
__size_of_crc_verify                       (abs)        0000
__size_of_create_HEART_BEAT_RQT_CMD        (abs)        0000
__size_of_create_cmd                       (abs)        0000
__size_of_debug_1                          (abs)        0000
__size_of_eeprom_read                      (abs)        0000
__size_of_eeprom_write                     (abs)        0000
__size_of_get_distance                     (abs)        0000
__size_of_get_minus_index                  (abs)        0000
__size_of_get_msg                          (abs)        0000
__size_of_get_msg_index                    (abs)        0000
__size_of_get_next_index                   (abs)        0000
__size_of_get_plus_index                   (abs)        0000
__size_of_is_right_addr                    (abs)        0000
__size_of_main                             (abs)        0000
__size_of_memcpy                           (abs)        0000
__size_of_receive_input                    (abs)        0000
__size_of_send_HEART_BEAT_RQT_CMD_and_wait (abs)        0000
__size_of_send_byte                        (abs)        0000
__size_of_send_half_byte                   (abs)        0000
__size_of_send_msg                         (abs)        0000
__size_of_send_string                      (abs)        0000
__size_of_sprintf                          (abs)        0000
__size_ofi1_get_next_index                 (abs)        0000
__stringbase                               strings      0640
__stringtab                                strings      0631
_buffer_rcv                                bssBANK3     01B8
_client_conn                               bssBANK3     0190
_compose                                   text19       0C52
_count_rcv                                 bssBANK0     006E
_crc_calculate                             text22       0595
_crc_verify                                text21       0949
_create_HEART_BEAT_RQT_CMD                 text17       0928
_create_cmd                                text18       098F
_debug_1                                   text13       0DA8
_dpowers                                   strings      0641
_eeprom_read                               text34       096B
_eeprom_write                              text26       0A30
_end_index_rcv                             bssCOMMON    007C
_g_menu                                    bssBANK1     00A0
_get_distance                              text12       0821
_get_minus_index                           text11       0831
_get_msg                                   text7        0B6C
_get_msg_index                             text8        02DB
_get_next_index                            text10       17F4
_get_plus_index                            text9        0803
_is_right_addr                             text6        08EA
_is_right_addr$549                         cstackBANK0  0022
_low_half_rcv                              dataCOMMON   007D
_low_rcv                                   dataBANK0    006A
_main                                      maintext     0055
_memcpy                                    text20       09DA
_mode                                      dataBANK1    00EE
_msg_rcv                                   bssBANK3     01D8
_pmsg_rcv                                  dataBANK0    006C
_pstr_rcv                                  dataBANK0    006D
_receive_input                             text48       0733
_sdebug                                    bssBANK1     00AB
_send_HEART_BEAT_RQT_CMD_and_wait          text1        06B4
_send_byte                                 text4        0A05
_send_half_byte                            text5        0F94
_send_msg                                  text2        0AC5
_send_string                               text3        0909
_sprintf                                   text14       041E
_start_index_rcv                           bssBANK0     006F
_start_mark                                strings      064B
_stop_mark                                 strings      064F
_submode                                   dataBANK1    00EF
btemp                                      (abs)        007E
clear_ram0                                 clrtext      17D8
compose@cmd                                cstackBANK0  002C
compose@data                               cstackBANK0  002D
compose@datalen                            cstackBANK0  002E
compose@from                               cstackBANK0  0029
compose@len                                cstackBANK0  0031
compose@msgid                              cstackBANK0  002B
compose@pmsg                               cstackBANK0  0033
compose@to                                 cstackBANK0  002A
crc_calculate@crc                          cstackBANK0  0026
crc_calculate@i                            cstackBANK0  0028
crc_calculate@pmsg                         cstackBANK0  0020
crc_verify@pmsg                            cstackBANK0  002B
create_HEART_BEAT_RQT_CMD@pconn            cstackBANK0  0046
create_HEART_BEAT_RQT_CMD@pmsg             cstackBANK0  0041
create_HEART_BEAT_RQT_CMD@prqt             cstackBANK0  0040
create_cmd@cmd_data                        cstackBANK0  0036
create_cmd@cmd_data_len                    cstackBANK0  0037
create_cmd@cmd_id                          cstackBANK0  0034
create_cmd@msg_id                          cstackBANK0  0035
create_cmd@pconn                           cstackBANK0  003F
create_cmd@pmsg                            cstackBANK0  0038
debug_1@count                              cstackBANK0  0049
debug_1@i                                  cstackBANK0  004A
debug_1@v1                                 cstackBANK0  0048
eeprom_read@addr                           cstackBANK0  0021
eeprom_write@addr                          cstackBANK0  0022
eeprom_write@value                         cstackBANK0  0020
end_of_initialization                      cinit        0051
get_distance@end_index                     cstackBANK0  0020
get_distance@start_index                   cstackBANK0  0021
get_minus_index@index                      cstackBANK0  0021
get_minus_index@sub                        cstackBANK0  0020
get_msg@end_index                          cstackBANK0  002E
get_msg@i                                  cstackBANK0  002B
get_msg@pmsg                               cstackBANK0  002C
get_msg@pstr                               cstackBANK0  002A
get_msg@start_index                        cstackBANK0  002D
get_msg@temp                               cstackBANK0  002F
get_msg_index@end_index                    cstackBANK0  0023
get_msg_index@i                            cstackBANK0  0027
get_msg_index@start_index                  cstackBANK0  0026
get_next_index@index                       cstackBANK0  0020
get_plus_index@add                         cstackBANK0  0020
get_plus_index@index                       cstackBANK0  0022
i1_get_next_index                          text49       17E0
i1get_next_index@index                     cstackCOMMON 0070
init_fetch0                                inittext     0863
init_ram0                                  inittext     0867
interrupt_function                         intentry     0004
intlevel0                                  functab      0000
intlevel1                                  functab      0000
intlevel2                                  functab      0000
intlevel3                                  functab      0000
intlevel4                                  functab      0000
intlevel5                                  functab      0000
is_right_addr@pconn                        cstackBANK0  0023
is_right_addr@pmsg                         cstackBANK0  0020
ltemp                                      (abs)        007E
ltemp0                                     (abs)        007E
ltemp1                                     (abs)        0082
ltemp2                                     (abs)        0086
ltemp3                                     (abs)        0080
main@count                                 cstackBANK1  00D5
main@count_756                             cstackBANK1  00D6
main@count_759                             cstackBANK1  00D7
main@count_762                             cstackBANK1  00D8
main@count_765                             cstackBANK1  00D9
main@count_768                             cstackBANK1  00DA
main@i                                     cstackBANK1  00DB
main@i_758                                 cstackBANK1  00DC
main@i_761                                 cstackBANK1  00DD
main@i_764                                 cstackBANK1  00DE
main@i_767                                 cstackBANK1  00DF
main@i_770                                 cstackBANK1  00E0
main@pconn                                 cstackBANK1  00D1
main@prqt                                  cstackBANK1  00CF
main@prsp                                  cstackBANK1  00D0
main@ret                                   cstackBANK1  00CB
main@revc                                  cstackBANK1  00CE
main@rqt                                   cstackBANK1  00D2
main@rqt_750                               cstackBANK1  00D4
main@rsp                                   cstackBANK1  00D3
main@sendc                                 cstackBANK1  00CD
main@value                                 cstackBANK1  00CC
memcpy@d                                   cstackBANK0  0027
memcpy@d1                                  cstackBANK0  0028
memcpy@n                                   cstackBANK0  0022
memcpy@s                                   cstackBANK0  0025
memcpy@s1                                  cstackBANK0  0020
receive_input@byte1                        cstackCOMMON 0073
receive_input@byte2                        cstackCOMMON 0074
receive_input@value                        cstackCOMMON 0072
reset_vec                                  reset_vec    0000
saved_w                                    (abs)        007E
send_HEART_BEAT_RQT_CMD_and_wait@msg       cstackBANK0  0050
send_HEART_BEAT_RQT_CMD_and_wait@pconn     cstackBANK0  004F
send_HEART_BEAT_RQT_CMD_and_wait@prqt      cstackBANK0  004B
send_byte@c                                cstackBANK0  0026
send_half_byte@byte                        cstackBANK0  0023
send_half_byte@low                         cstackBANK0  0020
send_half_byte@value                       cstackBANK0  0022
send_msg@pmsg                              cstackBANK0  002E
send_msg@s                                 cstackBANK0  002D
send_string@i                              cstackBANK0  002B
send_string@len                            cstackBANK0  0029
send_string@str                            cstackBANK0  0027
sprintf@ap                                 cstackBANK0  003E
sprintf@c                                  cstackBANK0  0044
sprintf@f                                  cstackBANK0  002E
sprintf@flag                               cstackBANK0  003F
sprintf@prec                               cstackBANK0  0040
sprintf@sp                                 cstackBANK0  0043
sprintf@val                                cstackBANK0  0041
stackhi                                    (abs)        0000
stacklo                                    (abs)        0000
start                                      init         0012
start_initialization                       cinit        0015
ttemp                                      (abs)        007E
ttemp0                                     (abs)        007E
ttemp1                                     (abs)        0081
ttemp2                                     (abs)        0084
ttemp3                                     (abs)        0087
ttemp4                                     (abs)        007F
wtemp                                      (abs)        007E
wtemp0                                     (abs)        007E
wtemp1                                     (abs)        0080
wtemp2                                     (abs)        0082
wtemp3                                     (abs)        0084
wtemp4                                     (abs)        0086
wtemp5                                     (abs)        0088
wtemp6                                     (abs)        007F


FUNCTION INFORMATION:

 *************** function _main *****************
 Defined at:
		line 111 in file "do_am.c"
 Parameters:    Size  Location     Type
		None
 Auto vars:     Size  Location     Type
  i               1   19[BANK1 ] char 
  i               1   18[BANK1 ] char 
  count           1   13[BANK1 ] char 
  count           1   12[BANK1 ] char 
  i               1   17[BANK1 ] char 
  i               1   16[BANK1 ] char 
  i               1   21[BANK1 ] char 
  i               1   20[BANK1 ] char 
  count           1   11[BANK1 ] char 
  count           1   10[BANK1 ] char 
  count           1   15[BANK1 ] char 
  count           1   14[BANK1 ] char 
  rqt             1    9[BANK1 ] struct .
  rsp             1    8[BANK1 ] struct .
  rqt             1    7[BANK1 ] struct .
  pconn           1    6[BANK1 ] PTR struct .
		 -> NULL(0), 
  prsp            1    5[BANK1 ] PTR struct .
		 -> main@rsp(1), 
  prqt            1    4[BANK1 ] PTR struct .
		 -> main@rqt(1), 
  revc            1    3[BANK1 ] unsigned char 
  sendc           1    2[BANK1 ] unsigned char 
  value           1    1[BANK1 ] unsigned char 
  ret             1    0[BANK1 ] unsigned char 
  end_index       1    0        unsigned char 
  start_index     1    0        unsigned char 
 Return value:  Size  Location     Type
                  1    wreg      void 
 Registers used:
		wreg, fsr0l, fsr0h, status,2, status,0, btemp+1, pclath, cstack
 Tracked objects:
		On entry : 
		On exit  : 
		Unchanged: 
 Data sizes:     COMMON   BANK0   BANK1   BANK3   BANK2
      Params:         0       0       0       0       0
      Locals:         0       0      22       0       0
      Temps:          0       3       0       0       0
      Totals:         0       3      22       0       0
Total ram usage:       25 bytes
 Hardware stack levels required when called:    8
 This function calls:
		_ADCInit
		_ClearMenu
		_ConnInit
		_IOInit
		_LCDByte
		_LCDGotoXY
		_LCDInit
		_LCDSetStyle
		_LCDWriteString
		_MenuDown
		_MenuInit
		_MenuUp
		_ShowMenu
		_ValueDec
		_ValueInc
		_send_HEART_BEAT_RQT_CMD_and_wait
 This function is called by:
		Startup code after reset
 This function uses a non-reentrant model


 *************** function _send_HEART_BEAT_RQT_CMD_and_wait *****************
 Defined at:
		line 38 in file "heart_beat.h"
 Parameters:    Size  Location     Type
  pconn           1    wreg     PTR struct .
		 -> client_conn(40), 
  prqt            1   43[BANK0 ] PTR const struct .
		 -> main@rqt_750(1), 
 Auto vars:     Size  Location     Type
  pconn           1   47[BANK0 ] PTR struct .
		 -> client_conn(40), 
  msg            23   48[BANK0 ] struct .
 Return value:  Size  Location     Type
                  1    wreg      unsigned char 
 Registers used:
		wreg, fsr0l, fsr0h, status,2, status,0, btemp+1, pclath, cstack
 Tracked objects:
		On entry : 
		On exit  : 
		Unchanged: 
 Data sizes:     COMMON   BANK0   BANK1   BANK3   BANK2
      Params:         0       1       0       0       0
      Locals:         0      24       0       0       0
      Temps:          0       3       0       0       0
      Totals:         0      28       0       0       0
Total ram usage:       28 bytes
 Hardware stack levels used:    1
 Hardware stack levels required when called:    7
 This function calls:
		_crc_verify
		_create_HEART_BEAT_RQT_CMD
		_debug_1
		_get_msg
		_is_right_addr
		_send_msg
 This function is called by:
		_main
 This function uses a non-reentrant model


 *************** function _send_msg *****************
 Defined at:
		line 29 in file "msg.h"
 Parameters:    Size  Location     Type
  pmsg            1    wreg     PTR struct .
		 -> send_HEART_BEAT_RQT_CMD_and_wait@msg(23), handle_REG_ID_RQT_CMD@msgo(23), 
 Auto vars:     Size  Location     Type
  pmsg            1   14[BANK0 ] PTR struct .
		 -> send_HEART_BEAT_RQT_CMD_and_wait@msg(23), handle_REG_ID_RQT_CMD@msgo(23), 
  s               1   13[BANK0 ] PTR unsigned char 
		 -> send_HEART_BEAT_RQT_CMD_and_wait@msg(23), handle_REG_ID_RQT_CMD@msgo(23), 
 Return value:  Size  Location     Type
                  1    wreg      void 
 Registers used:
		wreg, fsr0l, fsr0h, status,2, status,0, btemp+1, pclath, cstack
 Tracked objects:
		On entry : 
		On exit  : 
		Unchanged: 
 Data sizes:     COMMON   BANK0   BANK1   BANK3   BANK2
      Params:         0       0       0       0       0
      Locals:         0       2       0       0       0
      Temps:          0       1       0       0       0
      Totals:         0       3       0       0       0
Total ram usage:        3 bytes
 Hardware stack levels used:    1
 Hardware stack levels required when called:    6
 This function calls:
		_send_string
 This function is called by:
		_send_HEART_BEAT_RQT_CMD_and_wait
		_handle_REG_ID_RQT_CMD
 This function uses a non-reentrant model


 *************** function _send_string *****************
 Defined at:
		line 29 in file "packet.h"
 Parameters:    Size  Location     Type
  str             2    7[BANK0 ] PTR unsigned char 
		 -> send_HEART_BEAT_RQT_CMD_and_wait@msg(23), handle_REG_ID_RQT_CMD@msgo(23), stop_mark(4), start_mark(4), 
  len             1    9[BANK0 ] unsigned char 
 Auto vars:     Size  Location     Type
  i               1   11[BANK0 ] unsigned char 
 Return value:  Size  Location     Type
                  1    wreg      void 
 Registers used:
		wreg, fsr0l, fsr0h, status,2, status,0, btemp+1, pclath, cstack
 Tracked objects:
		On entry : 
		On exit  : 
		Unchanged: 
 Data sizes:     COMMON   BANK0   BANK1   BANK3   BANK2
      Params:         0       3       0       0       0
      Locals:         0       1       0       0       0
      Temps:          0       1       0       0       0
      Totals:         0       5       0       0       0
Total ram usage:        5 bytes
 Hardware stack levels used:    1
 Hardware stack levels required when called:    5
 This function calls:
		_send_byte
 This function is called by:
		_send_msg
 This function uses a non-reentrant model


 *************** function _send_byte *****************
 Defined at:
		line 20 in file "packet.h"
 Parameters:    Size  Location     Type
  c               1    wreg     unsigned char 
 Auto vars:     Size  Location     Type
  c               1    6[BANK0 ] unsigned char 
 Return value:  Size  Location     Type
                  1    wreg      void 
 Registers used:
		wreg, fsr0l, fsr0h, status,2, status,0, pclath, cstack
 Tracked objects:
		On entry : 
		On exit  : 
		Unchanged: 
 Data sizes:     COMMON   BANK0   BANK1   BANK3   BANK2
      Params:         0       0       0       0       0
      Locals:         0       1       0       0       0
      Temps:          0       2       0       0       0
      Totals:         0       3       0       0       0
Total ram usage:        3 bytes
 Hardware stack levels used:    1
 Hardware stack levels required when called:    4
 This function calls:
		_send_half_byte
 This function is called by:
		_send_string
 This function uses a non-reentrant model


 *************** function _send_half_byte *****************
 Defined at:
		line 14 in file "packet.h"
 Parameters:    Size  Location     Type
  value           1    wreg     unsigned char 
  low             1    0[BANK0 ] unsigned char 
 Auto vars:     Size  Location     Type
  value           1    2[BANK0 ] unsigned char 
  byte            1    3[BANK0 ] PTR struct .
		 -> send_half_byte@value(1), 
 Return value:  Size  Location     Type
                  1    wreg      void 
 Registers used:
		wreg, fsr0l, fsr0h, status,2, status,0
 Tracked objects:
		On entry : 
		On exit  : 
		Unchanged: 
 Data sizes:     COMMON   BANK0   BANK1   BANK3   BANK2
      Params:         0       1       0       0       0
      Locals:         0       2       0       0       0
      Temps:          0       1       0       0       0
      Totals:         0       4       0       0       0
Total ram usage:        4 bytes
 Hardware stack levels used:    1
 Hardware stack levels required when called:    3
 This function calls:
		Nothing
 This function is called by:
		_send_byte
 This function uses a non-reentrant model


 *************** function _is_right_addr *****************
 Defined at:
		line 28 in file "cmd.h"
 Parameters:    Size  Location     Type
  pconn           1    wreg     PTR struct .
		 -> client_conn(40), 
  pmsg            1    0[BANK0 ] PTR struct .
		 -> msg_rcv(23), 
 Auto vars:     Size  Location     Type
  pconn           1    3[BANK0 ] PTR struct .
		 -> client_conn(40), 
 Return value:  Size  Location     Type
                  1    wreg      unsigned char 
 Registers used:
		wreg, fsr0l, fsr0h, status,2, status,0
 Tracked objects:
		On entry : 
		On exit  : 
		Unchanged: 
 Data sizes:     COMMON   BANK0   BANK1   BANK3   BANK2
      Params:         0       1       0       0       0
      Locals:         0       2       0       0       0
      Temps:          0       1       0       0       0
      Totals:         0       4       0       0       0
Total ram usage:        4 bytes
 Hardware stack levels used:    1
 Hardware stack levels required when called:    3
 This function calls:
		Nothing
 This function is called by:
		_send_HEART_BEAT_RQT_CMD_and_wait
 This function uses a non-reentrant model


 *************** function _get_msg *****************
 Defined at:
		line 102 in file "msg.h"
 Parameters:    Size  Location     Type
  pmsg            1    wreg     PTR struct .
		 -> msg_rcv(23), 
 Auto vars:     Size  Location     Type
  pmsg            1   12[BANK0 ] PTR struct .
		 -> msg_rcv(23), 
  temp            1   15[BANK0 ] unsigned char 
  end_index       1   14[BANK0 ] unsigned char 
  start_index     1   13[BANK0 ] unsigned char 
  i               1   11[BANK0 ] unsigned char 
  pstr            1   10[BANK0 ] PTR unsigned char 
		 -> msg_rcv(23), 
 Return value:  Size  Location     Type
                  1    wreg      unsigned char 
 Registers used:
		wreg, fsr0l, fsr0h, status,2, status,0, pclath, cstack
 Tracked objects:
		On entry : 
		On exit  : 
		Unchanged: 
 Data sizes:     COMMON   BANK0   BANK1   BANK3   BANK2
      Params:         0       0       0       0       0
      Locals:         0       6       0       0       0
      Temps:          0       2       0       0       0
      Totals:         0       8       0       0       0
Total ram usage:        8 bytes
 Hardware stack levels used:    1
 Hardware stack levels required when called:    5
 This function calls:
		_get_distance
		_get_msg_index
		_get_next_index
 This function is called by:
		_send_HEART_BEAT_RQT_CMD_and_wait
		_handle_received_cmds
 This function uses a non-reentrant model


 *************** function _get_msg_index *****************
 Defined at:
		line 83 in file "circle_buffer.h"
 Parameters:    Size  Location     Type
  start_index     1    wreg     PTR unsigned char 
		 -> get_msg@start_index(1), 
  end_index       1    3[BANK0 ] PTR unsigned char 
		 -> get_msg@end_index(1), 
 Auto vars:     Size  Location     Type
  start_index     1    6[BANK0 ] PTR unsigned char 
		 -> get_msg@start_index(1), 
  i               1    7[BANK0 ] unsigned char 
 Return value:  Size  Location     Type
                  1    wreg      unsigned char 
 Registers used:
		wreg, fsr0l, fsr0h, status,2, status,0, pclath, cstack
 Tracked objects:
		On entry : 
		On exit  : 
		Unchanged: 
 Data sizes:     COMMON   BANK0   BANK1   BANK3   BANK2
      Params:         0       1       0       0       0
      Locals:         0       2       0       0       0
      Temps:          0       2       0       0       0
      Totals:         0       5       0       0       0
Total ram usage:        5 bytes
 Hardware stack levels used:    1
 Hardware stack levels required when called:    4
 This function calls:
		_get_distance
		_get_minus_index
		_get_next_index
		_get_plus_index
 This function is called by:
		_get_msg
 This function uses a non-reentrant model


 *************** function _get_plus_index *****************
 Defined at:
		line 55 in file "circle_buffer.h"
 Parameters:    Size  Location     Type
  index           1    wreg     unsigned char 
  add             1    0[BANK0 ] unsigned char 
 Auto vars:     Size  Location     Type
  index           1    2[BANK0 ] unsigned char 
 Return value:  Size  Location     Type
                  1    wreg      unsigned char 
 Registers used:
		wreg, status,2, status,0
 Tracked objects:
		On entry : 
		On exit  : 
		Unchanged: 
 Data sizes:     COMMON   BANK0   BANK1   BANK3   BANK2
      Params:         0       1       0       0       0
      Locals:         0       1       0       0       0
      Temps:          0       1       0       0       0
      Totals:         0       3       0       0       0
Total ram usage:        3 bytes
 Hardware stack levels used:    1
 Hardware stack levels required when called:    3
 This function calls:
		Nothing
 This function is called by:
		_get_msg_index
 This function uses a non-reentrant model


 *************** function _get_next_index *****************
 Defined at:
		line 30 in file "circle_buffer.h"
 Parameters:    Size  Location     Type
  index           1    wreg     unsigned char 
 Auto vars:     Size  Location     Type
  index           1    0[BANK0 ] unsigned char 
 Return value:  Size  Location     Type
                  1    wreg      unsigned char 
 Registers used:
		wreg, status,2, status,0
 Tracked objects:
		On entry : 
		On exit  : 
		Unchanged: 
 Data sizes:     COMMON   BANK0   BANK1   BANK3   BANK2
      Params:         0       0       0       0       0
      Locals:         0       1       0       0       0
      Temps:          0       0       0       0       0
      Totals:         0       1       0       0       0
Total ram usage:        1 bytes
 Hardware stack levels used:    1
 Hardware stack levels required when called:    3
 This function calls:
		Nothing
 This function is called by:
		_get_msg_index
		_get_msg
 This function uses a non-reentrant model


 *************** function _get_minus_index *****************
 Defined at:
		line 64 in file "circle_buffer.h"
 Parameters:    Size  Location     Type
  index           1    wreg     unsigned char 
  sub             1    0[BANK0 ] unsigned char 
 Auto vars:     Size  Location     Type
  index           1    1[BANK0 ] unsigned char 
 Return value:  Size  Location     Type
                  1    wreg      unsigned char 
 Registers used:
		wreg, status,2, status,0
 Tracked objects:
		On entry : 
		On exit  : 
		Unchanged: 
 Data sizes:     COMMON   BANK0   BANK1   BANK3   BANK2
      Params:         0       1       0       0       0
      Locals:         0       1       0       0       0
      Temps:          0       0       0       0       0
      Totals:         0       2       0       0       0
Total ram usage:        2 bytes
 Hardware stack levels used:    1
 Hardware stack levels required when called:    3
 This function calls:
		Nothing
 This function is called by:
		_get_msg_index
 This function uses a non-reentrant model


 *************** function _get_distance *****************
 Defined at:
		line 72 in file "circle_buffer.h"
 Parameters:    Size  Location     Type
  start_index     1    wreg     unsigned char 
  end_index       1    0[BANK0 ] unsigned char 
 Auto vars:     Size  Location     Type
  start_index     1    1[BANK0 ] unsigned char 
 Return value:  Size  Location     Type
                  1    wreg      unsigned char 
 Registers used:
		wreg, status,2, status,0
 Tracked objects:
		On entry : 
		On exit  : 
		Unchanged: 
 Data sizes:     COMMON   BANK0   BANK1   BANK3   BANK2
      Params:         0       1       0       0       0
      Locals:         0       1       0       0       0
      Temps:          0       0       0       0       0
      Totals:         0       2       0       0       0
Total ram usage:        2 bytes
 Hardware stack levels used:    1
 Hardware stack levels required when called:    3
 This function calls:
		Nothing
 This function is called by:
		_get_msg_index
		_get_msg
 This function uses a non-reentrant model


 *************** function _debug_1 *****************
 Defined at:
		line 29 in file "debug.h"
 Parameters:    Size  Location     Type
  v1              1    wreg     unsigned char 
 Auto vars:     Size  Location     Type
  v1              1   40[BANK0 ] unsigned char 
  i               1   42[BANK0 ] char 
  count           1   41[BANK0 ] char 
 Return value:  Size  Location     Type
                  1    wreg      void 
 Registers used:
		wreg, fsr0l, fsr0h, status,2, status,0, btemp+1, pclath, cstack
 Tracked objects:
		On entry : 
		On exit  : 
		Unchanged: 
 Data sizes:     COMMON   BANK0   BANK1   BANK3   BANK2
      Params:         0       0       0       0       0
      Locals:         0       3       0       0       0
      Temps:          0       3       0       0       0
      Totals:         0       6       0       0       0
Total ram usage:        6 bytes
 Hardware stack levels used:    1
 Hardware stack levels required when called:    6
 This function calls:
		_LCDByte
		_LCDGotoXY
		_LCDWriteString
		_sprintf
 This function is called by:
		_send_HEART_BEAT_RQT_CMD_and_wait
 This function uses a non-reentrant model


 *************** function _sprintf *****************
 Defined at:
		line 492 in file "C:\Program Files (x86)\Microchip\xc8\v1.37\sources\common\doprnt.c"
 Parameters:    Size  Location     Type
  sp              1    wreg     PTR unsigned char 
		 -> dump_conn@s(32), sdebug(32), 
  f               1   14[BANK0 ] PTR const unsigned char 
		 -> STR_13(14), STR_11(20), STR_9(15), STR_7(12), 
		 -> STR_5(9), STR_3(6), STR_1(3), 
 Auto vars:     Size  Location     Type
  sp              1   35[BANK0 ] PTR unsigned char 
		 -> dump_conn@s(32), sdebug(32), 
  tmpval          4    0        struct .
  val             2   33[BANK0 ] unsigned int 
  cp              2    0        PTR const unsigned char 
  len             2    0        unsigned int 
  c               1   36[BANK0 ] char 
  prec            1   32[BANK0 ] char 
  flag            1   31[BANK0 ] unsigned char 
  ap              1   30[BANK0 ] PTR void [1]
		 -> ?_sprintf(2), 
 Return value:  Size  Location     Type
                  2   14[BANK0 ] int 
 Registers used:
		wreg, fsr0l, fsr0h, status,2, status,0, btemp+1, pclath, cstack
 Tracked objects:
		On entry : 
		On exit  : 
		Unchanged: 
 Data sizes:     COMMON   BANK0   BANK1   BANK3   BANK2
      Params:         0      13       0       0       0
      Locals:         0       7       0       0       0
      Temps:          0       3       0       0       0
      Totals:         0      23       0       0       0
Total ram usage:       23 bytes
 Hardware stack levels used:    1
 Hardware stack levels required when called:    4
 This function calls:
		___lwdiv
		___lwmod
 This function is called by:
		_debug_1
		_debug_2
		_debug_3
		_debug_4
		_debug_5
		_dump_msg
		_dump_conn
 This function uses a non-reentrant model


 *************** function ___lwmod *****************
 Defined at:
		line 6 in file "C:\Program Files (x86)\Microchip\xc8\v1.37\sources\common\lwmod.c"
 Parameters:    Size  Location     Type
  divisor         2    8[BANK0 ] unsigned int 
  dividend        2   10[BANK0 ] unsigned int 
 Auto vars:     Size  Location     Type
  counter         1   13[BANK0 ] unsigned char 
 Return value:  Size  Location     Type
                  2    8[BANK0 ] unsigned int 
 Registers used:
		wreg, status,2, status,0
 Tracked objects:
		On entry : 
		On exit  : 
		Unchanged: 
 Data sizes:     COMMON   BANK0   BANK1   BANK3   BANK2
      Params:         0       4       0       0       0
      Locals:         0       1       0       0       0
      Temps:          0       1       0       0       0
      Totals:         0       6       0       0       0
Total ram usage:        6 bytes
 Hardware stack levels used:    1
 Hardware stack levels required when called:    3
 This function calls:
		Nothing
 This function is called by:
		_sprintf
 This function uses a non-reentrant model


 *************** function ___lwdiv *****************
 Defined at:
		line 6 in file "C:\Program Files (x86)\Microchip\xc8\v1.37\sources\common\lwdiv.c"
 Parameters:    Size  Location     Type
  divisor         2    0[BANK0 ] unsigned int 
  dividend        2    2[BANK0 ] unsigned int 
 Auto vars:     Size  Location     Type
  quotient        2    5[BANK0 ] unsigned int 
  counter         1    7[BANK0 ] unsigned char 
 Return value:  Size  Location     Type
                  2    0[BANK0 ] unsigned int 
 Registers used:
		wreg, status,2, status,0
 Tracked objects:
		On entry : 
		On exit  : 
		Unchanged: 
 Data sizes:     COMMON   BANK0   BANK1   BANK3   BANK2
      Params:         0       4       0       0       0
      Locals:         0       3       0       0       0
      Temps:          0       1       0       0       0
      Totals:         0       8       0       0       0
Total ram usage:        8 bytes
 Hardware stack levels used:    1
 Hardware stack levels required when called:    3
 This function calls:
		Nothing
 This function is called by:
		_sprintf
 This function uses a non-reentrant model


 *************** function _create_HEART_BEAT_RQT_CMD *****************
 Defined at:
		line 30 in file "heart_beat.h"
 Parameters:    Size  Location     Type
  pconn           1    wreg     PTR struct .
		 -> client_conn(40), 
  prqt            1   32[BANK0 ] PTR const struct .
		 -> main@rqt_750(1), 
  pmsg            1   33[BANK0 ] PTR struct .
		 -> send_HEART_BEAT_RQT_CMD_and_wait@msg(23), 
 Auto vars:     Size  Location     Type
  pconn           1   38[BANK0 ] PTR struct .
		 -> client_conn(40), 
 Return value:  Size  Location     Type
                  1    wreg      void 
 Registers used:
		wreg, fsr0l, fsr0h, status,2, status,0, pclath, cstack
[...]
 Hardware stack levels used:    1
 Hardware stack levels required when called:    3
 This function calls:
		Nothing
 This function is called by:
		_main
 This function uses a non-reentrant model


 *************** function _LCDSetStyle *****************
 Defined at:
		line 207 in file "lcd_hd44780_pic16.c"
 Parameters:    Size  Location     Type
  style           1    wreg     unsigned char 
 Auto vars:     Size  Location     Type
  style           1   12[BANK0 ] unsigned char 
 Return value:  Size  Location     Type
                  1    wreg      void 
 Registers used:
		wreg, status,2, status,0, pclath, cstack
 Tracked objects:
		On entry : 
		On exit  : 
		Unchanged: 
 Data sizes:     COMMON   BANK0   BANK1   BANK3   BANK2
      Params:         0       0       0       0       0
      Locals:         0       1       0       0       0
      Temps:          0       0       0       0       0
      Totals:         0       1       0       0       0
Total ram usage:        1 bytes
 Hardware stack levels used:    1
 Hardware stack levels required when called:    5
 This function calls:
		_LCDByte
 This function is called by:
		_main
 This function uses a non-reentrant model


 *************** function _LCDInit *****************
 Defined at:
		line 211 in file "lcd_hd44780_pic16.c"
 Parameters:    Size  Location     Type
  style           1    wreg     unsigned char 
 Auto vars:     Size  Location     Type
  style           1   14[BANK0 ] unsigned char 
  __i             1   15[BANK0 ] unsigned char 
 Return value:  Size  Location     Type
                  1    wreg      void 
 Registers used:
		wreg, fsr0l, fsr0h, status,2, status,0, pclath, cstack
 Tracked objects:
		On entry : 
		On exit  : 
		Unchanged: 
 Data sizes:     COMMON   BANK0   BANK1   BANK3   BANK2
      Params:         0       0       0       0       0
      Locals:         0       2       0       0       0
      Temps:          0       2       0       0       0
      Totals:         0       4       0       0       0
Total ram usage:        4 bytes
 Hardware stack levels used:    1
 Hardware stack levels required when called:    5
 This function calls:
		_LCDBusyLoop
		_LCDByte
 This function is called by:
		_main
 This function uses a non-reentrant model


 *************** function _IOInit *****************
 Defined at:
		line 52 in file "do_am.c"
 Parameters:    Size  Location     Type
		None
 Auto vars:     Size  Location     Type
		None
 Return value:  Size  Location     Type
                  1    wreg      void 
 Registers used:
		None
 Tracked objects:
		On entry : 
		On exit  : 
		Unchanged: 
 Data sizes:     COMMON   BANK0   BANK1   BANK3   BANK2
      Params:         0       0       0       0       0
      Locals:         0       0       0       0       0
      Temps:          0       0       0       0       0
      Totals:         0       0       0       0       0
Total ram usage:        0 bytes
 Hardware stack levels used:    1
 Hardware stack levels required when called:    3
 This function calls:
		Nothing
 This function is called by:
		_main
 This function uses a non-reentrant model


 *************** function _ConnInit *****************
 Defined at:
		line 41 in file "do_am.c"
 Parameters:    Size  Location     Type
		None
 Auto vars:     Size  Location     Type
  i               1    6[BANK0 ] unsigned char 
 Return value:  Size  Location     Type
                  1    wreg      void 
 Registers used:
		wreg, fsr0l, fsr0h, status,2, status,0, pclath, cstack
 Tracked objects:
		On entry : 
		On exit  : 
		Unchanged: 
 Data sizes:     COMMON   BANK0   BANK1   BANK3   BANK2
      Params:         0       0       0       0       0
      Locals:         0       1       0       0       0
      Temps:          0       2       0       0       0
      Totals:         0       3       0       0       0
Total ram usage:        3 bytes
 Hardware stack levels used:    1
 Hardware stack levels required when called:    4
 This function calls:
		___bmul
 This function is called by:
		_main
 This function uses a non-reentrant model


 *************** function ___bmul *****************
 Defined at:
		line 4 in file "C:\Program Files (x86)\Microchip\xc8\v1.37\sources\common\Umul8.c"
 Parameters:    Size  Location     Type
  multiplier      1    wreg     unsigned char 
  multiplicand    1    0[BANK0 ] unsigned char 
 Auto vars:     Size  Location     Type
  multiplier      1    3[BANK0 ] unsigned char 
  product         1    2[BANK0 ] unsigned char 
 Return value:  Size  Location     Type
                  1    wreg      unsigned char 
 Registers used:
		wreg, status,2, status,0
 Tracked objects:
		On entry : 
		On exit  : 
		Unchanged: 
 Data sizes:     COMMON   BANK0   BANK1   BANK3   BANK2
      Params:         0       1       0       0       0
      Locals:         0       2       0       0       0
      Temps:          0       1       0       0       0
      Totals:         0       4       0       0       0
Total ram usage:        4 bytes
 Hardware stack levels used:    1
 Hardware stack levels required when called:    3
 This function calls:
		Nothing
 This function is called by:
		_ConnInit
		_ShowMenu
		_SaveMenuItem
		_LoadMenuItem
		_ValueInc
		_ValueDec
		_find_conn_entry
 This function uses a non-reentrant model


 *************** function _ClearMenu *****************
 Defined at:
		line 28 in file "menu.c"
 Parameters:    Size  Location     Type
		None
 Auto vars:     Size  Location     Type
  i               1   19[BANK0 ] char 
  count           1   18[BANK0 ] char 
 Return value:  Size  Location     Type
                  1    wreg      void 
 Registers used:
		wreg, fsr0l, fsr0h, status,2, status,0, btemp+1, pclath, cstack
 Tracked objects:
		On entry : 
		On exit  : 
		Unchanged: 
 Data sizes:     COMMON   BANK0   BANK1   BANK3   BANK2
      Params:         0       0       0       0       0
      Locals:         0       2       0       0       0
      Temps:          0       1       0       0       0
      Totals:         0       3       0       0       0
Total ram usage:        3 bytes
 Hardware stack levels used:    1
 Hardware stack levels required when called:    6
 This function calls:
		_LCDByte
		_LCDGotoXY
		_LCDWriteString
 This function is called by:
		_main
 This function uses a non-reentrant model


 *************** function _LCDWriteString *****************
 Defined at:
		line 283 in file "lcd_hd44780_pic16.c"
 Parameters:    Size  Location     Type
  msg             2   12[BANK0 ] PTR const unsigned char 
		 -> STR_25(1), STR_24(5), STR_23(5), STR_22(5), 
		 -> STR_21(5), STR_20(5), STR_19(3), STR_18(12), 
		 -> STR_17(13), STR_16(10), STR_15(10), STR_14(1), 
		 -> dump_conn@s(32), STR_12(1), STR_10(1), STR_8(1), 
		 -> STR_6(1), STR_4(1), STR_2(1), sdebug(32), 
 Auto vars:     Size  Location     Type
  cc              1   16[BANK0 ] char 
  count           1   15[BANK0 ] char 
 Return value:  Size  Location     Type
                  1    wreg      char 
 Registers used:
		wreg, fsr0l, fsr0h, status,2, status,0, btemp+1, pclath, cstack
 Tracked objects:
		On entry : 
		On exit  : 
		Unchanged: 
 Data sizes:     COMMON   BANK0   BANK1   BANK3   BANK2
      Params:         0       2       0       0       0
      Locals:         0       2       0       0       0
      Temps:          0       1       0       0       0
      Totals:         0       5       0       0       0
Total ram usage:        5 bytes
 Hardware stack levels used:    1
 Hardware stack levels required when called:    5
 This function calls:
		_LCDByte
 This function is called by:
		_debug_1
		_main
		_ShowMenu
		_ClearMenu
		_debug_2
		_debug_3
		_debug_4
		_debug_5
		_dump_msg
		_dump_conn
 This function uses a non-reentrant model


 *************** function _LCDGotoXY *****************
 Defined at:
		line 367 in file "lcd_hd44780_pic16.c"
 Parameters:    Size  Location     Type
  x               1    wreg     unsigned char 
  y               1   12[BANK0 ] unsigned char 
 Auto vars:     Size  Location     Type
  x               1   14[BANK0 ] unsigned char 
 Return value:  Size  Location     Type
                  1    wreg      void 
 Registers used:
		wreg, fsr0l, fsr0h, status,2, status,0, pclath, cstack
 Tracked objects:
		On entry : 
		On exit  : 
		Unchanged: 
 Data sizes:     COMMON   BANK0   BANK1   BANK3   BANK2
      Params:         0       1       0       0       0
      Locals:         0       1       0       0       0
      Temps:          0       1       0       0       0
      Totals:         0       3       0       0       0
Total ram usage:        3 bytes
 Hardware stack levels used:    1
 Hardware stack levels required when called:    5
 This function calls:
		_LCDByte
 This function is called by:
		_debug_1
		_main
		_ShowMenu
		_ClearMenu
		_debug_2
		_debug_3
		_debug_4
		_debug_5
		_dump_msg
		_dump_conn
 This function uses a non-reentrant model


 *************** function _LCDByte *****************
 Defined at:
		line 80 in file "lcd_hd44780_pic16.c"
 Parameters:    Size  Location     Type
  c               1    wreg     unsigned char 
  isdata          1    5[BANK0 ] unsigned char 
 Auto vars:     Size  Location     Type
  c               1   10[BANK0 ] unsigned char 
  temp            1   11[BANK0 ] unsigned char 
  ln              1    9[BANK0 ] unsigned char 
  hn              1    8[BANK0 ] unsigned char 
 Return value:  Size  Location     Type
                  1    wreg      void 
 Registers used:
		wreg, status,2, status,0, pclath, cstack
 Tracked objects:
		On entry : 
		On exit  : 
		Unchanged: 
 Data sizes:     COMMON   BANK0   BANK1   BANK3   BANK2
      Params:         0       1       0       0       0
      Locals:         0       4       0       0       0
      Temps:          0       2       0       0       0
      Totals:         0       7       0       0       0
Total ram usage:        7 bytes
 Hardware stack levels used:    1
 Hardware stack levels required when called:    4
 This function calls:
		_LCDBusyLoop
 This function is called by:
		_debug_1
		_main
		_LCDSetStyle
		_LCDInit
		_LCDWriteString
		_LCDWriteInt
		_LCDGotoXY
		_ShowMenu
		_ClearMenu
		_debug_2
		_debug_3
		_debug_4
		_debug_5
		_dump_msg
		_dump_conn
 This function uses a non-reentrant model


 *************** function _LCDBusyLoop *****************
 Defined at:
		line 135 in file "lcd_hd44780_pic16.c"
 Parameters:    Size  Location     Type
		None
 Auto vars:     Size  Location     Type
  status          1    4[BANK0 ] unsigned char 
  temp            1    3[BANK0 ] unsigned char 
  busy            1    2[BANK0 ] unsigned char 
 Return value:  Size  Location     Type
                  1    wreg      void 
 Registers used:
		wreg, status,2, status,0
 Tracked objects:
		On entry : 
		On exit  : 
		Unchanged: 
 Data sizes:     COMMON   BANK0   BANK1   BANK3   BANK2
      Params:         0       0       0       0       0
      Locals:         0       3       0       0       0
      Temps:          0       2       0       0       0
      Totals:         0       5       0       0       0
Total ram usage:        5 bytes
 Hardware stack levels used:    1
 Hardware stack levels required when called:    3
 This function calls:
		Nothing
 This function is called by:
		_LCDByte
		_LCDInit
 This function uses a non-reentrant model


 *************** function _ADCInit *****************
 Defined at:
		line 7 in file "../RF_ver1_client_16f866.X/adc_pic16.c"
 Parameters:    Size  Location     Type
		None
 Auto vars:     Size  Location     Type
		None
 Return value:  Size  Location     Type
                  1    wreg      void 
 Registers used:
		wreg, status,2, status,0
 Tracked objects:
		On entry : 
		On exit  : 
		Unchanged: 
 Data sizes:     COMMON   BANK0   BANK1   BANK3   BANK2
      Params:         0       0       0       0       0
      Locals:         0       0       0       0       0
      Temps:          0       0       0       0       0
      Totals:         0       0       0       0       0
Total ram usage:        0 bytes
 Hardware stack levels used:    1
 Hardware stack levels required when called:    3
 This function calls:
		Nothing
 This function is called by:
		_main
 This function uses a non-reentrant model


 *************** function _ISR *****************
 Defined at:
		line 103 in file "do_am.c"
 Parameters:    Size  Location     Type
		None
 Auto vars:     Size  Location     Type
  byte            1   11[COMMON] PTR struct .
		 -> ISR@value(1), 
  value           1   10[COMMON] unsigned char 
 Return value:  Size  Location     Type
                  1    wreg      void 
 Registers used:
		wreg, fsr0l, fsr0h, status,2, status,0, pclath, cstack
 Tracked objects:
		On entry : 
		On exit  : 
		Unchanged: 
 Data sizes:     COMMON   BANK0   BANK1   BANK3   BANK2
      Params:         0       0       0       0       0
      Locals:         2       0       0       0       0
      Temps:          5       0       0       0       0
      Totals:         7       0       0       0       0
Total ram usage:        7 bytes
 Hardware stack levels used:    1
 Hardware stack levels required when called:    2
 This function calls:
		_receive_input
 This function is called by:
		Interrupt level 1
 This function uses a non-reentrant model


 *************** function _receive_input *****************
 Defined at:
		line 41 in file "circle_buffer.h"
 Parameters:    Size  Location     Type
  value           1    wreg     unsigned char 
 Auto vars:     Size  Location     Type
  value           1    2[COMMON] unsigned char 
  byte2           1    4[COMMON] PTR struct .
		 -> receive_input@value(1), 
  byte1           1    3[COMMON] PTR struct .
		 -> buffer_rcv(32), 
 Return value:  Size  Location     Type
                  1    wreg      void 
 Registers used:
		wreg, fsr0l, fsr0h, status,2, status,0, pclath, cstack
 Tracked objects:
		On entry : 
		On exit  : 
		Unchanged: 
 Data sizes:     COMMON   BANK0   BANK1   BANK3   BANK2
      Params:         0       0       0       0       0
      Locals:         3       0       0       0       0
      Temps:          1       0       0       0       0
      Totals:         4       0       0       0       0
Total ram usage:        4 bytes
 Hardware stack levels used:    1
 Hardware stack levels required when called:    1
 This function calls:
		i1_get_next_index
 This function is called by:
		_ISR
 This function uses a non-reentrant model


 *************** function i1_get_next_index *****************
 Defined at:
		line 30 in file "circle_buffer.h"
 Parameters:    Size  Location     Type
  index           1    wreg     unsigned char 
 Auto vars:     Size  Location     Type
  index           1    0[COMMON] unsigned char 
 Return value:  Size  Location     Type
                  1    wreg      unsigned char 
 Registers used:
		wreg, status,2, status,0
 Tracked objects:
		On entry : 
		On exit  : 
		Unchanged: 
 Data sizes:     COMMON   BANK0   BANK1   BANK3   BANK2
      Params:         0       0       0       0       0
      Locals:         1       0       0       0       0
      Temps:          0       0       0       0       0
      Totals:         1       0       0       0       0
Total ram usage:        1 bytes
 Hardware stack levels used:    1
 This function calls:
		Nothing
 This function is called by:
		_receive_input
 This function uses a non-reentrant model



MODULE INFORMATION

Module		Function		Class		Link	Load	Size
heart_beat.h
		_send_HEART_BEAT_RQT_CMD_and_wait		CODE           	06B4	0000	128
		_create_HEART_BEAT_RQT_CMD		CODE           	0928	0000	34

heart_beat.h estimated size: 162

msg.h
		_crc_verify    		CODE           	0949	0000	35
		_get_msg       		CODE           	0B6C	0000	77
		_send_msg      		CODE           	0AC5	0000	53
		_crc_calculate 		CODE           	0595	0000	157
		_compose       		CODE           	0C52	0000	83

msg.h estimated size: 405

cmd.h
		_create_cmd    		CODE           	098F	0000	38
		_is_right_addr 		CODE           	08EA	0000	32

cmd.h estimated size: 70

packet.h
		_send_byte     		CODE           	0A05	0000	44
		_send_string   		CODE           	0909	0000	32
		_send_half_byte		CODE           	0F94	0000	109

packet.h estimated size: 185

C:\Program Files (x86)\Microchip\xc8\v1.37\sources\common\doprnt.c
		_sprintf       		CODE           	041E	0000	215

C:\Program Files (x86)\Microchip\xc8\v1.37\sources\common\doprnt.c estimated size: 215

C:\Program Files (x86)\Microchip\xc8\v1.37\sources\pic\eeread.c
		_eeprom_read   		CODE           	096B	0000	37

C:\Program Files (x86)\Microchip\xc8\v1.37\sources\pic\eeread.c estimated size: 37

C:\Program Files (x86)\Microchip\xc8\v1.37\sources\common\lwdiv.c
		___lwdiv       		CODE           	0B2E	0000	63

C:\Program Files (x86)\Microchip\xc8\v1.37\sources\common\lwdiv.c estimated size: 63

debug.h
		_debug_1       		CODE           	0DA8	0000	93

debug.h estimated size: 93

C:\Program Files (x86)\Microchip\xc8\v1.37\sources\common\awdiv.c
		___awdiv       		CODE           	0D4D	0000	92

C:\Program Files (x86)\Microchip\xc8\v1.37\sources\common\awdiv.c estimated size: 92

../RF_ver1_client_16f866.X/adc_pic16.c
		_ADCInit       		CODE           	08BF	0000	21

../RF_ver1_client_16f866.X/adc_pic16.c estimated size: 21

C:\Program Files (x86)\Microchip\xc8\v1.37\sources\common\memcpy.c
		_memcpy        		CODE           	09DA	0000	44

C:\Program Files (x86)\Microchip\xc8\v1.37\sources\common\memcpy.c estimated size: 44

C:\Program Files (x86)\Microchip\xc8\v1.37\sources\common\Umul8.c
		___bmul        		CODE           	0886	0000	20

C:\Program Files (x86)\Microchip\xc8\v1.37\sources\common\Umul8.c estimated size: 20

C:\Program Files (x86)\Microchip\xc8\v1.37\sources\pic\eewrite.c
		_eeprom_write  		CODE           	0A30	0000	49

C:\Program Files (x86)\Microchip\xc8\v1.37\sources\pic\eewrite.c estimated size: 49

shared
		__stringtab    		STRING         	0631	0000	17
		_dpowers       		STRING         	0641	0000	11
		i1_get_next_index		CODE           	17E0	0000	11
		_start_mark    		STRING         	064B	0000	5
		__initialization		CODE           	0015	0000	61
		_stop_mark     		STRING         	064F	0000	5

shared estimated size: 110

circle_buffer.h
		_get_distance  		CODE           	0821	0000	17
		_get_next_index		CODE           	17F4	0000	13
		_get_minus_index		CODE           	0831	0000	17
		_receive_input 		CODE           	0733	0000	118
		_get_plus_index		CODE           	0803	0000	16
		_get_msg_index 		CODE           	02DB	0000	324

circle_buffer.h estimated size: 505

lcd_hd44780_pic16.c
		_LCDByte       		CODE           	07A8	0000	88
		_LCDWriteInt   		CODE           	04F4	0000	162
		_LCDInit       		CODE           	0F2C	0000	105
		_LCDWriteString		CODE           	0E62	0000	99
		_LCDGotoXY     		CODE           	09B4	0000	39
		_LCDSetStyle   		CODE           	17EA	0000	11
		_LCDBusyLoop   		CODE           	0EC4	0000	105

lcd_hd44780_pic16.c estimated size: 609

menu.c
		_MenuUp        		CODE           	0852	0000	18
		_ValueDec      		CODE           	08AC	0000	20
		_ClearMenu     		CODE           	0A60	0000	50
		_MenuInit      		CODE           	0CA4	0000	85
		_SaveMenuItem  		CODE           	0874	0000	19
		_MenuDown      		CODE           	0841	0000	18
		_LoadMenuItem  		CODE           	0899	0000	20
		_ShowMenu      		CODE           	0E04	0000	95
		_ValueInc      		CODE           	08D3	0000	24

menu.c estimated size: 349

do_am.c
		_IOInit        		CODE           	0BB8	0000	78
		_ISR           		CODE           	0AF9	0000	54
		_main          		CODE           	0055	0000	647
		_ConnInit      		CODE           	0CF8	0000	86

do_am.c estimated size: 865

C:\Program Files (x86)\Microchip\xc8\v1.37\sources\common\lwmod.c
		___lwmod       		CODE           	0A91	0000	53

C:\Program Files (x86)\Microchip\xc8\v1.37\sources\common\lwmod.c estimated size: 53

C:\Program Files (x86)\Microchip\xc8\v1.37\sources\common\awmod.c
		___awmod       		CODE           	0C05	0000	78

C:\Program Files (x86)\Microchip\xc8\v1.37\sources\common\awmod.c estimated size: 78

