Microchip MPLAB XC8 Compiler V1.37 ()

Linker command line:

-W-3 --edf=C:\Program Files (x86)\Microchip\xc8\v1.37\dat\en_msgs.txt -cs \
  -h+dist/default/production\do_am.X.production.sym \
  --cmf=dist/default/production\do_am.X.production.cmf -z -Q16F1823 \
  -oC:\Users\Admin\AppData\Local\Temp\s358.2 \
  -Mdist/default/production/do_am.X.production.map -E1 -ver=XC8 \
  -ASTACK=02041h-0204fh -pstack=STACK -ACODE=00h-07FFh -ASTRCODE=00h-07FFh \
  -ASTRING=00h-0FFhx8 -ACONST=00h-0FFhx8 -AENTRY=00h-0FFhx8 \
  -ACOMMON=070h-07Fh -ABANK0=020h-06Fh -ABANK1=0A0h-0BFh \
  -ABIGRAM=02000h-0206Fh -ARAM=020h-06Fh,0A0h-0BFh \
  -AABS1=020h-07Fh,0A0h-0BFh -ASFR0=00h-01Fh -ASFR1=080h-09Fh \
  -ASFR2=0100h-016Fh -ASFR3=0180h-01EFh -ASFR4=0200h-026Fh \
  -ASFR5=0280h-02EFh -ASFR6=0300h-036Fh -ASFR7=0380h-03EFh \
  -ASFR8=0400h-046Fh -ASFR9=0480h-04EFh -ASFR10=0500h-056Fh \
  -ASFR11=0580h-05EFh -ASFR12=0600h-066Fh -ASFR13=0680h-06EFh \
  -ASFR14=0700h-076Fh -ASFR15=0780h-07EFh -ASFR16=0800h-086Fh \
  -ASFR17=0880h-08EFh -ASFR18=0900h-096Fh -ASFR19=0980h-09EFh \
  -ASFR20=0A00h-0A6Fh -ASFR21=0A80h-0AEFh -ASFR22=0B00h-0B6Fh \
  -ASFR23=0B80h-0BEFh -ASFR24=0C00h-0C6Fh -ASFR25=0C80h-0CEFh \
  -ASFR26=0D00h-0D6Fh -ASFR27=0D80h-0DEFh -ASFR28=0E00h-0E6Fh \
  -ASFR29=0E80h-0EEFh -ASFR30=0F00h-0F6Fh -ASFR31=0F80h-0FEFh \
  -preset_vec=00h,intentry=04h,init,end_init -ppowerup=CODE -pcinit=CODE \
  -pfunctab=CODE -ACONFIG=08007h-08008h -pconfig=CONFIG -DCONFIG=2 \
  -AIDLOC=08000h-08003h -pidloc=IDLOC -DIDLOC=2 -AEEDATA=00h-0FFh/0F000h \
  -peeprom_data=EEDATA -DEEDATA=2 -DCODE=2 -DSTRCODE=2 -DSTRING=2 -DCONST=2 \
  -DENTRY=2 -k C:\Users\Admin\AppData\Local\Temp\s358.obj \
  dist/default/production\do_am.X.production.obj 

Object code version is 3.11

Machine type is 16F1823



                Name                               Link     Load   Length Selector   Space Scale
C:\Users\Admin\AppData\Local\Temp\s358.obj
                end_init                             47       47        1        8       0
                reset_vec                             0        0        1        0       0
                config                             8007     8007        2    1000E       0
dist/default/production\do_am.X.production.obj
                cinit                                48       48       19        8       0
                intentry                              4        4       43        8       0
                text24                              41A      41A       56        8       0
                text23                              513      513       4B        8       0
                text22                              72B      72B       23        8       0
                text21                              4C2      4C2       51        8       0
                text20                              637      637       45        8       0
                text19                              2E2      2E2       7C        8       0
                text17                              77C      77C       12      ED0       0
                text16                              3C3      3C3       57        8       0
                text15                              55E      55E       4A        8       0
                text14                              708      708       23        8       0
                text13                              5A8      5A8       49        8       0
                text12                              470      470       52        8       0
                text11                              5F1      5F1       46        8       0
                text10                              266      266       7C        8       0
                text9                               67C      67C       3D        8       0
                text8                               6E1      6E1       27        8       0
                text7                               35E      35E       65        8       0
                text6                               114      114       B3        8       0
                text5                               1C7      1C7       9F        8       0
                text4                               768      768       14      ED0       0
                text3                               6B9      6B9       28        8       0
                text2                               7B0      7B0        6      ED0       0
                text1                               78E      78E        C      ED0       0
                maintext                             61       61       B3        8       0
                cstackBANK0                          20       20       37       20       1
                cstackCOMMON                         70       70        E       70       1
                cstackBANK1                          A0       A0        9       A0       1
                inittext                            7AA      7AA        6      ED0       0
                dataBANK1                            A9       A9        8       A0       1
                dataBANK0                            57       57        8       20       1
                bssBANK0                             5F       5F        2       20       1
                stringtext                          74E      74E       1A      E9C       0
                idataBANK1                          7A2      7A2        8      ED0       0
                idataBANK0                          79A      79A        8      ED0       0

TOTAL           Name                               Link     Load   Length     Space
        CLASS   STACK          

        CLASS   CODE           
                end_init                             47       47        1         0
                cinit                                48       48       19         0
                intentry                              4        4       43         0
                reset_vec                             0        0        1         0
                text24                              41A      41A       56         0
                text23                              513      513       4B         0
                text22                              72B      72B       23         0
                text21                              4C2      4C2       51         0
                text20                              637      637       45         0
                text19                              2E2      2E2       7C         0
                text17                              77C      77C       12         0
                text16                              3C3      3C3       57         0
                text15                              55E      55E       4A         0
                text14                              708      708       23         0
                text13                              5A8      5A8       49         0
                text12                              470      470       52         0
                text11                              5F1      5F1       46         0
                text10                              266      266       7C         0
                text9                               67C      67C       3D         0
                text8                               6E1      6E1       27         0
                text7                               35E      35E       65         0
                text6                               114      114       B3         0
                text5                               1C7      1C7       9F         0
                text4                               768      768       14         0
                text3                               6B9      6B9       28         0
                text2                               7B0      7B0        6         0
                text1                               78E      78E        C         0
                maintext                             61       61       B3         0
                inittext                            7AA      7AA        6         0
                idataBANK1                          7A2      7A2        8         0
                idataBANK0                          79A      79A        8         0

        CLASS   STRCODE        
                stringtext                          74E      74E       1A         0

        CLASS   STRING         

        CLASS   CONST          

        CLASS   ENTRY          

        CLASS   COMMON         
                cstackCOMMON                         70       70        E         1

        CLASS   BANK0          
                cstackBANK0                          20       20       37         1
                dataBANK0                            57       57        8         1
                bssBANK0                             5F       5F        2         1

        CLASS   BANK1          
                cstackBANK1                          A0       A0        9         1
                dataBANK1                            A9       A9        8         1

        CLASS   BIGRAM         

        CLASS   RAM            

        CLASS   ABS1           
                abs_s1                               7E       7E        2         1

        CLASS   SFR0           

        CLASS   SFR1           

        CLASS   SFR2           

        CLASS   SFR3           

        CLASS   SFR4           

        CLASS   SFR5           

        CLASS   SFR6           

        CLASS   SFR7           

        CLASS   SFR8           

        CLASS   SFR9           

        CLASS   SFR10          

        CLASS   SFR11          

        CLASS   SFR12          

        CLASS   SFR13          

        CLASS   SFR14          

        CLASS   SFR15          

        CLASS   SFR16          

        CLASS   SFR17          

        CLASS   SFR18          

        CLASS   SFR19          

        CLASS   SFR20          

        CLASS   SFR21          

        CLASS   SFR22          

        CLASS   SFR23          

        CLASS   SFR24          

        CLASS   SFR25          

        CLASS   SFR26          

        CLASS   SFR27          

        CLASS   SFR28          

        CLASS   SFR29          

        CLASS   SFR30          

        CLASS   SFR31          

        CLASS   CONFIG         
                config                             8007     8007        2         0

        CLASS   IDLOC          

        CLASS   EEDATA         

        CLASS   BANK31         

        CLASS   BANK30         

        CLASS   BANK29         

        CLASS   BANK28         

        CLASS   BANK27         

        CLASS   BANK26         

        CLASS   BANK25         

        CLASS   BANK24         

        CLASS   BANK23         

        CLASS   BANK22         

        CLASS   BANK21         

        CLASS   BANK20         

        CLASS   BANK19         

        CLASS   BANK18         

        CLASS   BANK17         

        CLASS   BANK16         

        CLASS   BANK15         

        CLASS   BANK14         

        CLASS   BANK13         

        CLASS   BANK12         

        CLASS   BANK11         

        CLASS   BANK10         

        CLASS   BANK9          

        CLASS   BANK8          

        CLASS   BANK7          

        CLASS   BANK6          

        CLASS   BANK5          

        CLASS   BANK4          

        CLASS   BANK3          

        CLASS   BANK2          



SEGMENTS        Name                           Load    Length   Top    Selector   Space  Class     Delta

                reset_vec                      000000  000001  000001         0       0  CODE        2
                intentry                       000004  00074A  00074E         8       0  CODE        2
                cstackBANK0                    000020  000041  000061        20       1  BANK0       1
                cstackCOMMON                   000070  00000E  00007E        70       1  COMMON      1
                cstackBANK1                    0000A0  000011  0000B1        A0       1  BANK1       1
                stringtext                     00074E  00001A  000768       E9C       0  STRCODE     2
                text4                          000768  00004E  0007B6       ED0       0  CODE        2
                config                         008007  000002  008009     1000E       0  CONFIG      2


UNUSED ADDRESS RANGES

        Name                Unused          Largest block    Delta
        BANK0            00061-0006F               F           1
        BANK1            000B1-000BF               F           1
        BIGRAM           02000-0206F              70           1
        CODE             00001-00003               3           2
                         007B6-007FF              4A
        CONST            00001-00003               3           2
                         007B6-007FF              4A
        EEDATA           0F000-0F0FF             100           2
        ENTRY            00001-00003               3           2
                         007B6-007FF              4A
        IDLOC            08000-08003               4           2
        RAM              00061-0006F               F           1
                         000B1-000BF               F
        SFR0             00000-0001F              20           1
        SFR1             00080-0009F              20           1
        SFR10            00500-0056F              70           1
        SFR11            00580-005EF              70           1
        SFR12            00600-0066F              70           1
        SFR13            00680-006EF              70           1
        SFR14            00700-0076F              70           1
        SFR15            00780-007EF              70           1
        SFR16            00800-0086F              70           1
        SFR17            00880-008EF              70           1
        SFR18            00900-0096F              70           1
        SFR19            00980-009EF              70           1
        SFR2             00100-0016F              70           1
        SFR20            00A00-00A6F              70           1
        SFR21            00A80-00AEF              70           1
        SFR22            00B00-00B6F              70           1
        SFR23            00B80-00BEF              70           1
        SFR24            00C00-00C6F              70           1
        SFR25            00C80-00CEF              70           1
        SFR26            00D00-00D6F              70           1
        SFR27            00D80-00DEF              70           1
        SFR28            00E00-00E6F              70           1
        SFR29            00E80-00EEF              70           1
        SFR3             00180-001EF              70           1
        SFR30            00F00-00F6F              70           1
        SFR31            00F80-00FEF              70           1
        SFR4             00200-0026F              70           1
        SFR5             00280-002EF              70           1
        SFR6             00300-0036F              70           1
        SFR7             00380-003EF              70           1
        SFR8             00400-0046F              70           1
        SFR9             00480-004EF              70           1
        STACK            02041-0204F               F           1
        STRCODE          00001-00003               3           2
                         007B6-007FF              4A
        STRING           00001-00003               3           2
                         007B6-007FF              4A

                                  Symbol Table

?_LM35ReadTemp             cstackBANK0  00053
?_ReadADC                  cstackBANK0  0002F
?___awdiv                  cstackBANK0  0002F
?___awmod                  cstackBANK0  0002F
?___ftmul                  cstackBANK0  0003B
?___ftpack                 cstackBANK0  0002F
?___fttol                  cstackBANK0  0004B
?___lwtoft                 cstackBANK0  00037
?i1___awdiv                cstackCOMMON 00070
?i1___awmod                cstackCOMMON 00070
LCDBusyLoop@busy           cstackBANK0  00031
LCDBusyLoop@status         cstackBANK0  00033
LCDBusyLoop@temp           cstackBANK0  00032
LCDByte@c                  cstackBANK0  00039
LCDByte@hn                 cstackBANK0  00037
LCDByte@isdata             cstackBANK0  00034
LCDByte@ln                 cstackBANK0  00038
LCDByte@temp               cstackBANK0  0003A
LCDGotoXY@x                cstackBANK0  0003D
LCDGotoXY@y                cstackBANK0  0003B
LCDInit@__i                cstackBANK0  0003E
LCDInit@style              cstackBANK0  0003D
LCDWriteInt@F2516          dataBANK0    00057
LCDWriteInt@field_length   cstackBANK0  0003D
LCDWriteInt@i              cstackBANK0  00047
LCDWriteInt@j              cstackBANK0  00045
LCDWriteInt@str            cstackBANK0  00040
LCDWriteInt@val            cstackBANK0  0003B
LCDWriteString@cc          cstackBANK0  0003E
LCDWriteString@msg         cstackBANK0  0003B
LM35ReadTemp@adc_value     cstackBANK0  00055
ReadADC@ch                 cstackBANK0  00032
_ADCInit                   text17       0077C
_ADCON0bits                (abs)        0009D
_ADCON1bits                (abs)        0009E
_ADRESH                    (abs)        0009C
_ADRESL                    (abs)        0009B
_ANSELAbits                (abs)        0018C
_INTCONbits                (abs)        0000B
_IOCAFbits                 (abs)        00393
_IOCAPbits                 (abs)        00391
_ISR                       intentry     00004
_LCDBusyLoop               text16       003C3
_LCDByte                   text15       0055E
_LCDGotoXY                 text14       00708
_LCDInit                   text13       005A8
_LCDWriteInt               text10       00266
_LCDWriteString            text9        0067C
_LM35ReadTemp              text3        006B9
_PORTC                     (abs)        0000E
_RA0                       (abs)        00060
_RA1                       (abs)        00061
_RA4                       (abs)        00064
_RA5                       (abs)        00065
_RC0                       (abs)        00070
_RC1                       (abs)        00071
_ReadADC                   text8        006E1
_TRISAbits                 (abs)        0008C
_TRISC                     (abs)        0008E
_TRISCbits                 (abs)        0008E
_TriggerOutInit            text2        007B0
_TuneButtonInit            text1        0078E
__CFG_BOREN$ON             (abs)        00000
__CFG_BORV$LO              (abs)        00000
__CFG_CLKOUTEN$OFF         (abs)        00000
__CFG_CP$ON                (abs)        00000
__CFG_CPD$ON               (abs)        00000
__CFG_FCMEN$ON             (abs)        00000
__CFG_FOSC$INTOSC          (abs)        00000
__CFG_IESO$ON              (abs)        00000
__CFG_LVP$ON               (abs)        00000
__CFG_MCLRE$OFF            (abs)        00000
__CFG_PLLEN$ON             (abs)        00000
__CFG_PWRTE$OFF            (abs)        00000
__CFG_STVREN$ON            (abs)        00000
__CFG_WDTE$OFF             (abs)        00000
__CFG_WRT$OFF              (abs)        00000
__Habs1                    abs1         00000
__Hbank0                   bank0        00000
__Hbank1                   bank1        00000
__Hbank10                  bank10       00000
__Hbank11                  bank11       00000
__Hbank12                  bank12       00000
__Hbank13                  bank13       00000
__Hbank14                  bank14       00000
__Hbank15                  bank15       00000
__Hbank16                  bank16       00000
__Hbank17                  bank17       00000
__Hbank18                  bank18       00000
__Hbank19                  bank19       00000
__Hbank2                   bank2        00000
__Hbank20                  bank20       00000
__Hbank21                  bank21       00000
__Hbank22                  bank22       00000
__Hbank23                  bank23       00000
__Hbank24                  bank24       00000
__Hbank25                  bank25       00000
__Hbank26                  bank26       00000
__Hbank27                  bank27       00000
__Hbank28                  bank28       00000
__Hbank29                  bank29       00000
__Hbank3                   bank3        00000
__Hbank30                  bank30       00000
__Hbank31                  bank31       00000
__Hbank4                   bank4        00000
__Hbank5                   bank5        00000
__Hbank6                   bank6        00000
__Hbank7                   bank7        00000
__Hbank8                   bank8        00000
__Hbank9                   bank9        00000
__Hbigram                  bigram       00000
__HbssBANK0                bssBANK0     00000
__Hcinit                   cinit        00061
__Hclrtext                 clrtext      00000
__Hcode                    code         00000
__Hcommon                  common       00000
__Hconfig                  config       08009
__HcstackBANK0             cstackBANK0  00000
__HcstackBANK1             cstackBANK1  00000
__HcstackCOMMON            cstackCOMMON 00000
__HdataBANK0               dataBANK0    00000
__HdataBANK1               dataBANK1    00000
__Heeprom_data             eeprom_data  00000
__Hend_init                end_init     00048
__Hfunctab                 functab      00000
__HidataBANK0              idataBANK0   00000
__HidataBANK1              idataBANK1   00000
__Hidloc                   idloc        00000
__Hinit                    init         00047
__Hinittext                inittext     00000
__Hintentry                intentry     00047
__Hmaintext                maintext     00000
__Hpowerup                 powerup      00000
__Hram                     ram          00000
__Hreset_vec               reset_vec    00001
__Hsfr0                    sfr0         00000
__Hsfr1                    sfr1         00000
__Hsfr10                   sfr10        00000
__Hsfr11                   sfr11        00000
__Hsfr12                   sfr12        00000
__Hsfr13                   sfr13        00000
__Hsfr14                   sfr14        00000
__Hsfr15                   sfr15        00000
__Hsfr16                   sfr16        00000
__Hsfr17                   sfr17        00000
__Hsfr18                   sfr18        00000
__Hsfr19                   sfr19        00000
__Hsfr2                    sfr2         00000
__Hsfr20                   sfr20        00000
__Hsfr21                   sfr21        00000
__Hsfr22                   sfr22        00000
__Hsfr23                   sfr23        00000
__Hsfr24                   sfr24        00000
__Hsfr25                   sfr25        00000
__Hsfr26                   sfr26        00000
__Hsfr27                   sfr27        00000
__Hsfr28                   sfr28        00000
__Hsfr29                   sfr29        00000
__Hsfr3                    sfr3         00000
__Hsfr30                   sfr30        00000
__Hsfr31                   sfr31        00000
__Hsfr4                    sfr4         00000
__Hsfr5                    sfr5         00000
__Hsfr6                    sfr6         00000
__Hsfr7                    sfr7         00000
__Hsfr8                    sfr8         00000
__Hsfr9                    sfr9         00000
__Hspace_0                 (abs)        08009
__Hspace_1                 (abs)        000B1
__Hspace_2                 (abs)        00000
__Hspace_3                 (abs)        00000
__Hstack                   stack        00000
__Hstrings                 strings      00000
__Hstringtext              stringtext   00000
__Htext                    text         00000
__Labs1                    abs1         00000
__Lbank0                   bank0        00000
__Lbank1                   bank1        00000
__Lbank10                  bank10       00000
__Lbank11                  bank11       00000
__Lbank12                  bank12       00000
__Lbank13                  bank13       00000
__Lbank14                  bank14       00000
__Lbank15                  bank15       00000
__Lbank16                  bank16       00000
__Lbank17                  bank17       00000
__Lbank18                  bank18       00000
__Lbank19                  bank19       00000
__Lbank2                   bank2        00000
__Lbank20                  bank20       00000
__Lbank21                  bank21       00000
__Lbank22                  bank22       00000
__Lbank23                  bank23       00000
__Lbank24                  bank24       00000
__Lbank25                  bank25       00000
__Lbank26                  bank26       00000
__Lbank27                  bank27       00000
__Lbank28                  bank28       00000
__Lbank29                  bank29       00000
__Lbank3                   bank3        00000
__Lbank30                  bank30       00000
__Lbank31                  bank31       00000
__Lbank4                   bank4        00000
__Lbank5                   bank5        00000
__Lbank6                   bank6        00000
__Lbank7                   bank7        00000
__Lbank8                   bank8        00000
__Lbank9                   bank9        00000
__Lbigram                  bigram       00000
__LbssBANK0                bssBANK0     00000
__Lcinit                   cinit        00048
__Lclrtext                 clrtext      00000
__Lcode                    code         00000
__Lcommon                  common       00000
__Lconfig                  config       08007
__LcstackBANK0             cstackBANK0  00000
__LcstackBANK1             cstackBANK1  00000
__LcstackCOMMON            cstackCOMMON 00000
__LdataBANK0               dataBANK0    00000
__LdataBANK1               dataBANK1    00000
__Leeprom_data             eeprom_data  00000
__Lend_init                end_init     00047
__Lfunctab                 functab      00000
__LidataBANK0              idataBANK0   00000
__LidataBANK1              idataBANK1   00000
__Lidloc                   idloc        00000
__Linit                    init         00047
__Linittext                inittext     00000
__Lintentry                intentry     00004
__Lmaintext                maintext     00000
__Lpowerup                 powerup      00000
__Lram                     ram          00000
__Lreset_vec               reset_vec    00000
__Lsfr0                    sfr0         00000
__Lsfr1                    sfr1         00000
__Lsfr10                   sfr10        00000
__Lsfr11                   sfr11        00000
__Lsfr12                   sfr12        00000
__Lsfr13                   sfr13        00000
__Lsfr14                   sfr14        00000
__Lsfr15                   sfr15        00000
__Lsfr16                   sfr16        00000
__Lsfr17                   sfr17        00000
__Lsfr18                   sfr18        00000
__Lsfr19                   sfr19        00000
__Lsfr2                    sfr2         00000
__Lsfr20                   sfr20        00000
__Lsfr21                   sfr21        00000
__Lsfr22                   sfr22        00000
__Lsfr23                   sfr23        00000
__Lsfr24                   sfr24        00000
__Lsfr25                   sfr25        00000
__Lsfr26                   sfr26        00000
__Lsfr27                   sfr27        00000
__Lsfr28                   sfr28        00000
__Lsfr29                   sfr29        00000
__Lsfr3                    sfr3         00000
__Lsfr30                   sfr30        00000
__Lsfr31                   sfr31        00000
__Lsfr4                    sfr4         00000
__Lsfr5                    sfr5         00000
__Lsfr6                    sfr6         00000
__Lsfr7                    sfr7         00000
__Lsfr8                    sfr8         00000
__Lsfr9                    sfr9         00000
__Lspace_0                 (abs)        00000
__Lspace_1                 (abs)        00000
__Lspace_2                 (abs)        00000
__Lspace_3                 (abs)        00000
__Lstack                   stack        00000
__Lstrings                 strings      00000
__Lstringtext              stringtext   00000
__Ltext                    text         00000
__S0                       (abs)        08009
__S1                       (abs)        000B1
__S2                       (abs)        00000
__S3                       (abs)        00000
___awdiv                   text12       00470
___awdiv@counter           cstackBANK0  00034
___awdiv@dividend          cstackBANK0  00031
___awdiv@divisor           cstackBANK0  0002F
___awdiv@quotient          cstackBANK0  00036
___awdiv@sign              cstackBANK0  00035
___awmod                   text11       005F1
___awmod@counter           cstackBANK0  00034
___awmod@dividend          cstackBANK0  00031
___awmod@divisor           cstackBANK0  0002F
___awmod@sign              cstackBANK0  00035
___cgram                   dataBANK1    000A9
___ftmul                   text6        00114
___ftmul@cntr              cstackBANK0  00049
___ftmul@exp               cstackBANK0  00045
___ftmul@f1                cstackBANK0  0003B
___ftmul@f2                cstackBANK0  0003E
___ftmul@f3_as_product     cstackBANK0  00046
___ftmul@sign              cstackBANK0  0004A
___ftpack                  text7        0035E
___ftpack@arg              cstackBANK0  0002F
___ftpack@exp              cstackBANK0  00032
___ftpack@sign             cstackBANK0  00033
___fttol                   text5        001C7
___fttol@exp1              cstackBANK1  000A5
___fttol@f1                cstackBANK0  0004B
___fttol@lval              cstackBANK1  000A1
___fttol@sign1             cstackBANK1  000A0
___int_sp                  stack        00000
___latbits                 (abs)        00000
___lwtoft                  text4        00768
___lwtoft@c                cstackBANK0  00037
___sp                      stack        00000
__end_of_ADCInit           text17       0078E
__end_of_ISR               intentry     00047
__end_of_LCDBusyLoop       text16       0041A
__end_of_LCDByte           text15       005A8
__end_of_LCDGotoXY         text14       0072B
__end_of_LCDInit           text13       005F1
__end_of_LCDWriteInt       text10       002E2
__end_of_LCDWriteString    text9        006B9
__end_of_LM35ReadTemp      text3        006E1
__end_of_ReadADC           text8        00708
__end_of_TriggerOutInit    text2        007B6
__end_of_TuneButtonInit    text1        0079A
__end_of___awdiv           text12       004C2
__end_of___awmod           text11       00637
__end_of___ftmul           text6        001C7
__end_of___ftpack          text7        003C3
__end_of___fttol           text5        00266
__end_of___lwtoft          text4        0077C
__end_of__initialization   cinit        0005E
__end_of_main              maintext     00114
__end_ofi1_LCDBusyLoop     text24       00470
__end_ofi1_LCDByte         text23       0055E
__end_ofi1_LCDGotoXY       text22       0074E
__end_ofi1_LCDWriteInt     text19       0035E
__end_ofi1___awdiv         text21       00513
__end_ofi1___awmod         text20       0067C
__initialization           cinit        00048
__pbssBANK0                bssBANK0     0005F
__pcstackBANK0             cstackBANK0  00020
__pcstackBANK1             cstackBANK1  000A0
__pcstackCOMMON            cstackCOMMON 00070
__pdataBANK0               dataBANK0    00057
__pdataBANK1               dataBANK1    000A9
__pidataBANK0              idataBANK0   0079A
__pidataBANK1              idataBANK1   007A2
__pintentry                intentry     00004
__pmaintext                maintext     00061
__pstringtext              stringtext   0074E
__ptext1                   text1        0078E
__ptext10                  text10       00266
__ptext11                  text11       005F1
__ptext12                  text12       00470
__ptext13                  text13       005A8
__ptext14                  text14       00708
__ptext15                  text15       0055E
__ptext16                  text16       003C3
__ptext17                  text17       0077C
__ptext19                  text19       002E2
__ptext2                   text2        007B0
__ptext20                  text20       00637
__ptext21                  text21       004C2
__ptext22                  text22       0072B
__ptext23                  text23       00513
__ptext24                  text24       0041A
__ptext3                   text3        006B9
__ptext4                   text4        00768
__ptext5                   text5        001C7
__ptext6                   text6        00114
__ptext7                   text7        0035E
__ptext8                   text8        006E1
__ptext9                   text9        0067C
__size_of_ADCInit          (abs)        00000
__size_of_ISR              (abs)        00000
__size_of_LCDBusyLoop      (abs)        00000
__size_of_LCDByte          (abs)        00000
__size_of_LCDGotoXY        (abs)        00000
__size_of_LCDInit          (abs)        00000
__size_of_LCDWriteInt      (abs)        00000
__size_of_LCDWriteString   (abs)        00000
__size_of_LM35ReadTemp     (abs)        00000
__size_of_ReadADC          (abs)        00000
__size_of_TriggerOutInit   (abs)        00000
__size_of_TuneButtonInit   (abs)        00000
__size_of___awdiv          (abs)        00000
__size_of___awmod          (abs)        00000
__size_of___ftmul          (abs)        00000
__size_of___ftpack         (abs)        00000
__size_of___fttol          (abs)        00000
__size_of___lwtoft         (abs)        00000
__size_of_main             (abs)        00000
__size_ofi1_LCDBusyLoop    (abs)        00000
__size_ofi1_LCDByte        (abs)        00000
__size_ofi1_LCDGotoXY      (abs)        00000
__size_ofi1_LCDWriteInt    (abs)        00000
__size_ofi1___awdiv        (abs)        00000
__size_ofi1___awmod        (abs)        00000
_curTemp                   bssBANK0     0005F
_main                      maintext     00061
_tuneUpTemp                dataBANK0    0005C
_tuneUpTempDir             dataBANK0    0005E
btemp                      (abs)        0007E
end_of_initialization      cinit        0005E
i1LCDBusyLoop@busy         cstackCOMMON 00072
i1LCDBusyLoop@status       cstackCOMMON 00074
i1LCDBusyLoop@temp         cstackCOMMON 00073
i1LCDByte@c                cstackCOMMON 0007A
i1LCDByte@hn               cstackCOMMON 00078
i1LCDByte@isdata           cstackCOMMON 00075
i1LCDByte@ln               cstackCOMMON 00079
i1LCDByte@temp             cstackCOMMON 0007B
i1LCDGotoXY@x              cstackBANK0  00020
i1LCDGotoXY@y              cstackCOMMON 0007C
i1LCDWriteInt@field_length cstackBANK0  00022
i1LCDWriteInt@i            cstackBANK0  0002A
i1LCDWriteInt@j            cstackBANK0  00028
i1LCDWriteInt@str          cstackBANK0  00023
i1LCDWriteInt@val          cstackBANK0  00020
i1_LCDBusyLoop             text24       0041A
i1_LCDByte                 text23       00513
i1_LCDGotoXY               text22       0072B
i1_LCDWriteInt             text19       002E2
i1___awdiv                 text21       004C2
i1___awdiv@counter         cstackCOMMON 00075
i1___awdiv@dividend        cstackCOMMON 00072
i1___awdiv@divisor         cstackCOMMON 00070
i1___awdiv@quotient        cstackCOMMON 00077
i1___awdiv@sign            cstackCOMMON 00076
i1___awmod                 text20       00637
i1___awmod@counter         cstackCOMMON 00075
i1___awmod@dividend        cstackCOMMON 00072
i1___awmod@divisor         cstackCOMMON 00070
i1___awmod@sign            cstackCOMMON 00076
init_ram                   inittext     007AA
int$flags                  (abs)        0007E
intlevel0                  functab      00000
intlevel1                  functab      00000
intlevel2                  functab      00000
intlevel3                  functab      00000
intlevel4                  functab      00000
intlevel5                  functab      00000
ltemp                      (abs)        0007E
ltemp0                     (abs)        0007E
ltemp1                     (abs)        00082
ltemp2                     (abs)        00086
ltemp3                     (abs)        00080
reset_vec                  reset_vec    00000
stackhi                    (abs)        0204F
stacklo                    (abs)        02041
start                      init         00047
start_initialization       cinit        00048
ttemp                      (abs)        0007E
ttemp0                     (abs)        0007E
ttemp1                     (abs)        00081
ttemp2                     (abs)        00084
ttemp3                     (abs)        00087
ttemp4                     (abs)        0007F
wtemp                      (abs)        0007E
wtemp0                     (abs)        0007E
wtemp1                     (abs)        00080
wtemp2                     (abs)        00082
wtemp3                     (abs)        00084
wtemp4                     (abs)        00086
wtemp5                     (abs)        00088
wtemp6                     (abs)        0007F


FUNCTION INFORMATION:

 *************** function _main *****************
 Defined at:
		line 134 in file "do_am.c"
 Parameters:    Size  Location     Type
		None
 Auto vars:     Size  Location     Type
		None
 Return value:  Size  Location     Type
                  1    wreg      void 
 Registers used:
		wreg, fsr0l, fsr0h, fsr1l, fsr1h, status,2, status,0, pclath, cstack
 Tracked objects:
		On entry : 
		On exit  : 
		Unchanged: 
 Data sizes:     COMMON   BANK0   BANK1
      Params:         0       0       0
      Locals:         0       0       0
      Temps:          0       0       3
      Totals:         0       0       3
Total ram usage:        3 bytes
 Hardware stack levels required when called:    7
 This function calls:
		_ADCInit
		_LCDByte
		_LCDGotoXY
		_LCDInit
		_LCDWriteInt
		_LCDWriteString
		_LM35ReadTemp
		_TriggerOutInit
		_TuneButtonInit
 This function is called by:
		Startup code after reset
 This function uses a non-reentrant model


 *************** function _TuneButtonInit *****************
 Defined at:
		line 79 in file "do_am.c"
 Parameters:    Size  Location     Type
		None
 Auto vars:     Size  Location     Type
		None
 Return value:  Size  Location     Type
                  1    wreg      void 
 Registers used:
		None
 Tracked objects:
		On entry : 
		On exit  : 
		Unchanged: 
 Data sizes:     COMMON   BANK0   BANK1
      Params:         0       0       0
      Locals:         0       0       0
      Temps:          0       0       0
      Totals:         0       0       0
Total ram usage:        0 bytes
 Hardware stack levels used:    1
 Hardware stack levels required when called:    4
 This function calls:
		Nothing
 This function is called by:
		_main
 This function uses a non-reentrant model


 *************** function _TriggerOutInit *****************
 Defined at:
		line 64 in file "do_am.c"
 Parameters:    Size  Location     Type
		None
 Auto vars:     Size  Location     Type
		None
 Return value:  Size  Location     Type
                  1    wreg      void 
 Registers used:
		None
 Tracked objects:
		On entry : 
		On exit  : 
		Unchanged: 
 Data sizes:     COMMON   BANK0   BANK1
      Params:         0       0       0
      Locals:         0       0       0
      Temps:          0       0       0
      Totals:         0       0       0
Total ram usage:        0 bytes
 Hardware stack levels used:    1
 Hardware stack levels required when called:    4
 This function calls:
		Nothing
 This function is called by:
		_main
 This function uses a non-reentrant model


 *************** function _LM35ReadTemp *****************
 Defined at:
		line 8 in file "lm35_pic16.c"
 Parameters:    Size  Location     Type
		None
 Auto vars:     Size  Location     Type
  adc_value       2   53[BANK0 ] unsigned int 
 Return value:  Size  Location     Type
                  2   51[BANK0 ] int 
 Registers used:
		wreg, status,2, status,0, pclath, cstack
 Tracked objects:
		On entry : 
		On exit  : 
		Unchanged: 
 Data sizes:     COMMON   BANK0   BANK1
      Params:         0       2       0
      Locals:         0       2       0
      Temps:          0       0       0
      Totals:         0       4       0
Total ram usage:        4 bytes
 Hardware stack levels used:    1
 Hardware stack levels required when called:    6
 This function calls:
		_ReadADC
		___ftmul
		___fttol
		___lwtoft
 This function is called by:
		_main
 This function uses a non-reentrant model


 *************** function ___lwtoft *****************
 Defined at:
		line 28 in file "C:\Program Files (x86)\Microchip\xc8\v1.37\sources\common\lwtoft.c"
 Parameters:    Size  Location     Type
  c               2   23[BANK0 ] unsigned int 
 Auto vars:     Size  Location     Type
		None
 Return value:  Size  Location     Type
                  3   23[BANK0 ] float 
 Registers used:
		wreg, status,2, status,0, pclath, cstack
 Tracked objects:
		On entry : 
		On exit  : 
		Unchanged: 
 Data sizes:     COMMON   BANK0   BANK1
      Params:         0       3       0
      Locals:         0       0       0
      Temps:          0       1       0
      Totals:         0       4       0
Total ram usage:        4 bytes
 Hardware stack levels used:    1
 Hardware stack levels required when called:    5
 This function calls:
		___ftpack
 This function is called by:
		_LM35ReadTemp
 This function uses a non-reentrant model


 *************** function ___fttol *****************
 Defined at:
		line 44 in file "C:\Program Files (x86)\Microchip\xc8\v1.37\sources\common\fttol.c"
 Parameters:    Size  Location     Type
  f1              3   43[BANK0 ] float 
 Auto vars:     Size  Location     Type
  lval            4    1[BANK1 ] unsigned long 
  exp1            1    5[BANK1 ] unsigned char 
  sign1           1    0[BANK1 ] unsigned char 
 Return value:  Size  Location     Type
                  4   43[BANK0 ] long 
 Registers used:
		wreg, status,2, status,0
 Tracked objects:
		On entry : 
		On exit  : 
		Unchanged: 
 Data sizes:     COMMON   BANK0   BANK1
      Params:         0       4       0
      Locals:         0       0       6
      Temps:          0       4       0
      Totals:         0       8       6
Total ram usage:       14 bytes
 Hardware stack levels used:    1
 Hardware stack levels required when called:    4
 This function calls:
		Nothing
 This function is called by:
		_LM35ReadTemp
 This function uses a non-reentrant model


 *************** function ___ftmul *****************
 Defined at:
		line 62 in file "C:\Program Files (x86)\Microchip\xc8\v1.37\sources\common\ftmul.c"
 Parameters:    Size  Location     Type
  f1              3   27[BANK0 ] float 
  f2              3   30[BANK0 ] float 
 Auto vars:     Size  Location     Type
  f3_as_produc    3   38[BANK0 ] unsigned um
  sign            1   42[BANK0 ] unsigned char 
  cntr            1   41[BANK0 ] unsigned char 
  exp             1   37[BANK0 ] unsigned char 
 Return value:  Size  Location     Type
                  3   27[BANK0 ] float 
 Registers used:
		wreg, status,2, status,0, pclath, cstack
 Tracked objects:
		On entry : 
		On exit  : 
		Unchanged: 
 Data sizes:     COMMON   BANK0   BANK1
      Params:         0       6       0
      Locals:         0       6       0
      Temps:          0       4       0
      Totals:         0      16       0
Total ram usage:       16 bytes
 Hardware stack levels used:    1
 Hardware stack levels required when called:    5
 This function calls:
		___ftpack
 This function is called by:
		_LM35ReadTemp
 This function uses a non-reentrant model


 *************** function ___ftpack *****************
 Defined at:
		line 62 in file "C:\Program Files (x86)\Microchip\xc8\v1.37\sources\common\float.c"
 Parameters:    Size  Location     Type
  arg             3   15[BANK0 ] unsigned um
  exp             1   18[BANK0 ] unsigned char 
  sign            1   19[BANK0 ] unsigned char 
 Auto vars:     Size  Location     Type
		None
 Return value:  Size  Location     Type
                  3   15[BANK0 ] float 
 Registers used:
		wreg, status,2, status,0
 Tracked objects:
		On entry : 
		On exit  : 
		Unchanged: 
 Data sizes:     COMMON   BANK0   BANK1
      Params:         0       5       0
      Locals:         0       0       0
      Temps:          0       3       0
      Totals:         0       8       0
Total ram usage:        8 bytes
 Hardware stack levels used:    1
 Hardware stack levels required when called:    4
 This function calls:
		Nothing
 This function is called by:
		___ftmul
		___lwtoft
 This function uses a non-reentrant model


 *************** function _ReadADC *****************
 Defined at:
		line 40 in file "adc_pic16.c"
 Parameters:    Size  Location     Type
  ch              1    wreg     unsigned char 
 Auto vars:     Size  Location     Type
  ch              1   18[BANK0 ] unsigned char 
 Return value:  Size  Location     Type
                  2   15[BANK0 ] unsigned int 
 Registers used:
		wreg, status,2, status,0
 Tracked objects:
		On entry : 
		On exit  : 
		Unchanged: 
 Data sizes:     COMMON   BANK0   BANK1
      Params:         0       2       0
      Locals:         0       1       0
      Temps:          0       1       0
      Totals:         0       4       0
Total ram usage:        4 bytes
 Hardware stack levels used:    1
 Hardware stack levels required when called:    4
 This function calls:
		Nothing
 This function is called by:
		_LM35ReadTemp
 This function uses a non-reentrant model


 *************** function _LCDWriteString *****************
 Defined at:
		line 279 in file "lcd_hd44780_pic16.c"
 Parameters:    Size  Location     Type
  msg             2   27[BANK0 ] PTR const unsigned char 
		 -> STR_8(4), STR_7(4), STR_6(4), STR_5(4), 
		 -> STR_4(5), STR_3(4), STR_2(4), STR_1(5), 
 Auto vars:     Size  Location     Type
  cc              1   30[BANK0 ] char 
 Return value:  Size  Location     Type
                  1    wreg      void 
 Registers used:
		wreg, fsr0l, fsr0h, status,2, status,0, pclath, cstack
 Tracked objects:
		On entry : 
		On exit  : 
		Unchanged: 
 Data sizes:     COMMON   BANK0   BANK1
      Params:         0       2       0
      Locals:         0       1       0
      Temps:          0       1       0
      Totals:         0       4       0
Total ram usage:        4 bytes
 Hardware stack levels used:    1
 Hardware stack levels required when called:    6
 This function calls:
		_LCDByte
 This function is called by:
		_main
 This function uses a non-reentrant model


 *************** function _LCDWriteInt *****************
 Defined at:
		line 317 in file "lcd_hd44780_pic16.c"
 Parameters:    Size  Location     Type
  val             2   27[BANK0 ] int 
  field_length    1   29[BANK0 ] char 
 Auto vars:     Size  Location     Type
  str             5   32[BANK0 ] unsigned char [5]
  i               2   39[BANK0 ] int 
  j               2   37[BANK0 ] int 
 Return value:  Size  Location     Type
                  1    wreg      void 
 Registers used:
		wreg, fsr0l, fsr0h, fsr1l, fsr1h, status,2, status,0, pclath, cstack
 Tracked objects:
		On entry : 
		On exit  : 
		Unchanged: 
 Data sizes:     COMMON   BANK0   BANK1
      Params:         0       3       0
      Locals:         0       9       0
      Temps:          0       2       0
      Totals:         0      14       0
Total ram usage:       14 bytes
 Hardware stack levels used:    1
 Hardware stack levels required when called:    6
 This function calls:
		_LCDByte
		___awdiv
		___awmod
 This function is called by:
		_main
 This function uses a non-reentrant model


 *************** function ___awmod *****************
 Defined at:
		line 6 in file "C:\Program Files (x86)\Microchip\xc8\v1.37\sources\common\awmod.c"
 Parameters:    Size  Location     Type
  divisor         2   15[BANK0 ] int 
  dividend        2   17[BANK0 ] int 
 Auto vars:     Size  Location     Type
  sign            1   21[BANK0 ] unsigned char 
  counter         1   20[BANK0 ] unsigned char 
 Return value:  Size  Location     Type
                  2   15[BANK0 ] int 
 Registers used:
		wreg, status,2, status,0
 Tracked objects:
		On entry : 
		On exit  : 
		Unchanged: 
 Data sizes:     COMMON   BANK0   BANK1
      Params:         0       4       0
      Locals:         0       2       0
      Temps:          0       1       0
      Totals:         0       7       0
Total ram usage:        7 bytes
 Hardware stack levels used:    1
 Hardware stack levels required when called:    4
 This function calls:
		Nothing
 This function is called by:
		_LCDWriteInt
 This function uses a non-reentrant model


 *************** function ___awdiv *****************
 Defined at:
		line 6 in file "C:\Program Files (x86)\Microchip\xc8\v1.37\sources\common\awdiv.c"
 Parameters:    Size  Location     Type
  divisor         2   15[BANK0 ] int 
  dividend        2   17[BANK0 ] int 
 Auto vars:     Size  Location     Type
  quotient        2   22[BANK0 ] int 
  sign            1   21[BANK0 ] unsigned char 
  counter         1   20[BANK0 ] unsigned char 
 Return value:  Size  Location     Type
                  2   15[BANK0 ] int 
 Registers used:
		wreg, status,2, status,0
 Tracked objects:
		On entry : 
		On exit  : 
		Unchanged: 
 Data sizes:     COMMON   BANK0   BANK1
      Params:         0       4       0
      Locals:         0       4       0
      Temps:          0       1       0
      Totals:         0       9       0
Total ram usage:        9 bytes
 Hardware stack levels used:    1
 Hardware stack levels required when called:    4
 This function calls:
		Nothing
 This function is called by:
		_LCDWriteInt
 This function uses a non-reentrant model


 *************** function _LCDInit *****************
 Defined at:
		line 207 in file "lcd_hd44780_pic16.c"
 Parameters:    Size  Location     Type
  style           1    wreg     unsigned char 
 Auto vars:     Size  Location     Type
  style           1   29[BANK0 ] unsigned char 
  __i             1   30[BANK0 ] unsigned char 
 Return value:  Size  Location     Type
                  1    wreg      void 
 Registers used:
		wreg, fsr1l, fsr1h, status,2, status,0, pclath, cstack
 Tracked objects:
		On entry : 
		On exit  : 
		Unchanged: 
 Data sizes:     COMMON   BANK0   BANK1
      Params:         0       0       0
      Locals:         0       2       0
      Temps:          0       2       0
      Totals:         0       4       0
Total ram usage:        4 bytes
 Hardware stack levels used:    1
 Hardware stack levels required when called:    6
 This function calls:
		_LCDBusyLoop
		_LCDByte
 This function is called by:
		_main
 This function uses a non-reentrant model


 *************** function _LCDGotoXY *****************
 Defined at:
		line 351 in file "lcd_hd44780_pic16.c"
 Parameters:    Size  Location     Type
  x               1    wreg     unsigned char 
  y               1   27[BANK0 ] unsigned char 
 Auto vars:     Size  Location     Type
  x               1   29[BANK0 ] unsigned char 
 Return value:  Size  Location     Type
                  1    wreg      void 
 Registers used:
		wreg, fsr0l, fsr0h, status,2, status,0, pclath, cstack
 Tracked objects:
		On entry : 
		On exit  : 
		Unchanged: 
 Data sizes:     COMMON   BANK0   BANK1
      Params:         0       1       0
      Locals:         0       1       0
      Temps:          0       1       0
      Totals:         0       3       0
Total ram usage:        3 bytes
 Hardware stack levels used:    1
 Hardware stack levels required when called:    6
 This function calls:
		_LCDByte
 This function is called by:
		_main
 This function uses a non-reentrant model


 *************** function _LCDByte *****************
 Defined at:
		line 80 in file "lcd_hd44780_pic16.c"
 Parameters:    Size  Location     Type
  c               1    wreg     unsigned char 
  isdata          1   20[BANK0 ] unsigned char 
 Auto vars:     Size  Location     Type
  c               1   25[BANK0 ] unsigned char 
  temp            1   26[BANK0 ] unsigned char 
  ln              1   24[BANK0 ] unsigned char 
  hn              1   23[BANK0 ] unsigned char 
 Return value:  Size  Location     Type
                  1    wreg      void 
 Registers used:
		wreg, status,2, status,0, pclath, cstack
 Tracked objects:
		On entry : 
		On exit  : 
		Unchanged: 
 Data sizes:     COMMON   BANK0   BANK1
      Params:         0       1       0
      Locals:         0       4       0
      Temps:          0       2       0
      Totals:         0       7       0
Total ram usage:        7 bytes
 Hardware stack levels used:    1
 Hardware stack levels required when called:    5
 This function calls:
		_LCDBusyLoop
 This function is called by:
		_LCDInit
		_LCDWriteString
		_LCDWriteInt
		_LCDGotoXY
		_main
 This function uses a non-reentrant model


 *************** function _LCDBusyLoop *****************
 Defined at:
		line 135 in file "lcd_hd44780_pic16.c"
 Parameters:    Size  Location     Type
		None
 Auto vars:     Size  Location     Type
  status          1   19[BANK0 ] unsigned char 
  temp            1   18[BANK0 ] unsigned char 
  busy            1   17[BANK0 ] unsigned char 
 Return value:  Size  Location     Type
                  1    wreg      void 
 Registers used:
		wreg, status,2, status,0
 Tracked objects:
		On entry : 
		On exit  : 
		Unchanged: 
 Data sizes:     COMMON   BANK0   BANK1
      Params:         0       0       0
      Locals:         0       3       0
      Temps:          0       2       0
      Totals:         0       5       0
Total ram usage:        5 bytes
 Hardware stack levels used:    1
 Hardware stack levels required when called:    4
 This function calls:
		Nothing
 This function is called by:
		_LCDByte
		_LCDInit
 This function uses a non-reentrant model


 *************** function _ADCInit *****************
 Defined at:
		line 7 in file "adc_pic16.c"
 Parameters:    Size  Location     Type
		None
 Auto vars:     Size  Location     Type
		None
 Return value:  Size  Location     Type
                  1    wreg      void 
 Registers used:
		wreg, status,2, status,0
 Tracked objects:
		On entry : 
		On exit  : 
		Unchanged: 
 Data sizes:     COMMON   BANK0   BANK1
      Params:         0       0       0
      Locals:         0       0       0
      Temps:          0       0       0
      Totals:         0       0       0
Total ram usage:        0 bytes
 Hardware stack levels used:    1
 Hardware stack levels required when called:    4
 This function calls:
		Nothing
 This function is called by:
		_main
 This function uses a non-reentrant model


 *************** function _ISR *****************
 Defined at:
		line 98 in file "do_am.c"
 Parameters:    Size  Location     Type
		None
 Auto vars:     Size  Location     Type
		None
 Return value:  Size  Location     Type
                  1    wreg      void 
 Registers used:
		wreg, fsr0l, fsr0h, fsr1l, fsr1h, status,2, status,0, pclath, cstack
 Tracked objects:
		On entry : 
		On exit  : 
		Unchanged: 
 Data sizes:     COMMON   BANK0   BANK1
      Params:         0       0       0
      Locals:         0       0       0
      Temps:          0       3       0
      Totals:         0       3       0
Total ram usage:        3 bytes
 Hardware stack levels used:    1
 Hardware stack levels required when called:    3
 This function calls:
		i1_LCDGotoXY
		i1_LCDWriteInt
 This function is called by:
		Interrupt level 1
 This function uses a non-reentrant model


 *************** function i1_LCDWriteInt *****************
 Defined at:
		line 317 in file "lcd_hd44780_pic16.c"
 Parameters:    Size  Location     Type
  val             2    0[BANK0 ] int 
  field_length    1    2[BANK0 ] char 
 Auto vars:     Size  Location     Type
  LCDWriteInt     5    3[BANK0 ] unsigned char [5]
  LCDWriteInt     2   10[BANK0 ] int 
  LCDWriteInt     2    8[BANK0 ] int 
 Return value:  Size  Location     Type
                  1    wreg      void 
 Registers used:
		wreg, fsr0l, fsr0h, fsr1l, fsr1h, status,2, status,0, pclath, cstack
 Tracked objects:
		On entry : 
		On exit  : 
		Unchanged: 
 Data sizes:     COMMON   BANK0   BANK1
      Params:         0       3       0
      Locals:         0       9       0
      Temps:          2       0       0
      Totals:         2      12       0
Total ram usage:       14 bytes
 Hardware stack levels used:    1
 Hardware stack levels required when called:    2
 This function calls:
		i1_LCDByte
		i1___awdiv
		i1___awmod
 This function is called by:
		_ISR
 This function uses a non-reentrant model


 *************** function i1___awmod *****************
 Defined at:
		line 6 in file "C:\Program Files (x86)\Microchip\xc8\v1.37\sources\common\awmod.c"
 Parameters:    Size  Location     Type
  divisor         2    0[COMMON] int 
  dividend        2    2[COMMON] int 
 Auto vars:     Size  Location     Type
  __awmod         1    6[COMMON] unsigned char 
  __awmod         1    5[COMMON] unsigned char 
 Return value:  Size  Location     Type
                  2    0[COMMON] int 
 Registers used:
		wreg, status,2, status,0
 Tracked objects:
		On entry : 
		On exit  : 
		Unchanged: 
 Data sizes:     COMMON   BANK0   BANK1
      Params:         4       0       0
      Locals:         2       0       0
      Temps:          1       0       0
      Totals:         7       0       0
Total ram usage:        7 bytes
 Hardware stack levels used:    1
 This function calls:
		Nothing
 This function is called by:
		i1_LCDWriteInt
 This function uses a non-reentrant model


 *************** function i1___awdiv *****************
 Defined at:
		line 6 in file "C:\Program Files (x86)\Microchip\xc8\v1.37\sources\common\awdiv.c"
 Parameters:    Size  Location     Type
  divisor         2    0[COMMON] int 
  dividend        2    2[COMMON] int 
 Auto vars:     Size  Location     Type
  __awdiv         2    7[COMMON] int 
  __awdiv         1    6[COMMON] unsigned char 
  __awdiv         1    5[COMMON] unsigned char 
 Return value:  Size  Location     Type
                  2    0[COMMON] int 
 Registers used:
		wreg, status,2, status,0
 Tracked objects:
		On entry : 
		On exit  : 
		Unchanged: 
 Data sizes:     COMMON   BANK0   BANK1
      Params:         4       0       0
      Locals:         4       0       0
      Temps:          1       0       0
      Totals:         9       0       0
Total ram usage:        9 bytes
 Hardware stack levels used:    1
 This function calls:
		Nothing
 This function is called by:
		i1_LCDWriteInt
 This function uses a non-reentrant model


 *************** function i1_LCDGotoXY *****************
 Defined at:
		line 351 in file "lcd_hd44780_pic16.c"
 Parameters:    Size  Location     Type
  x               1    wreg     unsigned char 
  y               1   12[COMMON] unsigned char 
 Auto vars:     Size  Location     Type
  x               1    0[BANK0 ] unsigned char 
 Return value:  Size  Location     Type
                  1    wreg      void 
 Registers used:
		wreg, fsr0l, fsr0h, status,2, status,0, pclath, cstack
 Tracked objects:
		On entry : 
		On exit  : 
		Unchanged: 
 Data sizes:     COMMON   BANK0   BANK1
      Params:         1       0       0
      Locals:         0       1       0
      Temps:          1       0       0
      Totals:         2       1       0
Total ram usage:        3 bytes
 Hardware stack levels used:    1
 Hardware stack levels required when called:    2
 This function calls:
		i1_LCDByte
 This function is called by:
		_ISR
 This function uses a non-reentrant model


 *************** function i1_LCDByte *****************
 Defined at:
		line 80 in file "lcd_hd44780_pic16.c"
 Parameters:    Size  Location     Type
  c               1    wreg     unsigned char 
  isdata          1    5[COMMON] unsigned char 
 Auto vars:     Size  Location     Type
  c               1   10[COMMON] unsigned char 
  LCDByte         1   11[COMMON] unsigned char 
  LCDByte         1    9[COMMON] unsigned char 
  LCDByte         1    8[COMMON] unsigned char 
 Return value:  Size  Location     Type
                  1    wreg      void 
 Registers used:
		wreg, status,2, status,0, pclath, cstack
 Tracked objects:
		On entry : 
		On exit  : 
		Unchanged: 
 Data sizes:     COMMON   BANK0   BANK1
      Params:         1       0       0
      Locals:         4       0       0
      Temps:          2       0       0
      Totals:         7       0       0
Total ram usage:        7 bytes
 Hardware stack levels used:    1
 Hardware stack levels required when called:    1
 This function calls:
		i1_LCDBusyLoop
 This function is called by:
		i1_LCDWriteInt
		i1_LCDGotoXY
 This function uses a non-reentrant model


 *************** function i1_LCDBusyLoop *****************
 Defined at:
		line 135 in file "lcd_hd44780_pic16.c"
 Parameters:    Size  Location     Type
		None
 Auto vars:     Size  Location     Type
  LCDBusyLoop     1    4[COMMON] unsigned char 
  LCDBusyLoop     1    3[COMMON] unsigned char 
  LCDBusyLoop     1    2[COMMON] unsigned char 
 Return value:  Size  Location     Type
                  1    wreg      void 
 Registers used:
		wreg, status,2, status,0
 Tracked objects:
		On entry : 
		On exit  : 
		Unchanged: 
 Data sizes:     COMMON   BANK0   BANK1
      Params:         0       0       0
      Locals:         3       0       0
      Temps:          2       0       0
      Totals:         5       0       0
Total ram usage:        5 bytes
 Hardware stack levels used:    1
 This function calls:
		Nothing
 This function is called by:
		i1_LCDByte
 This function uses a non-reentrant model



MODULE INFORMATION

Module		Function		Class		Link	Load	Size
C:\Program Files (x86)\Microchip\xc8\v1.37\sources\common\fttol.c
		___fttol       		CODE           	01C7	0000	160

C:\Program Files (x86)\Microchip\xc8\v1.37\sources\common\fttol.c estimated size: 160

C:\Program Files (x86)\Microchip\xc8\v1.37\sources\common\awdiv.c
		___awdiv       		CODE           	0470	0000	83

C:\Program Files (x86)\Microchip\xc8\v1.37\sources\common\awdiv.c estimated size: 83

lm35_pic16.c
		_LM35ReadTemp  		CODE           	06B9	0000	41

lm35_pic16.c estimated size: 41

shared
		i1_LCDGotoXY   		CODE           	072B	0000	36
		i1___awdiv     		CODE           	04C2	0000	82
		i1_LCDByte     		CODE           	0513	0000	76
		__initialization		CODE           	0048	0000	23
		i1___awmod     		CODE           	0637	0000	70
		i1_LCDBusyLoop 		CODE           	041A	0000	87
		i1_LCDWriteInt 		CODE           	02E2	0000	125

shared estimated size: 499

lcd_hd44780_pic16.c
		_LCDByte       		CODE           	055E	0000	75
		_LCDWriteInt   		CODE           	0266	0000	125
		_LCDInit       		CODE           	05A8	0000	74
		_LCDWriteString		CODE           	067C	0000	62
		_LCDGotoXY     		CODE           	0708	0000	36
		_LCDBusyLoop   		CODE           	03C3	0000	88

lcd_hd44780_pic16.c estimated size: 460

do_am.c
		_ISR           		CODE           	0004	0000	68
		_main          		CODE           	0061	0000	180
		_TuneButtonInit		CODE           	078E	0000	13
		_TriggerOutInit		CODE           	07B0	0000	7

do_am.c estimated size: 268

C:\Program Files (x86)\Microchip\xc8\v1.37\sources\common\float.c
		___ftpack      		CODE           	035E	0000	102

C:\Program Files (x86)\Microchip\xc8\v1.37\sources\common\float.c estimated size: 102

C:\Program Files (x86)\Microchip\xc8\v1.37\sources\common\lwtoft.c
		___lwtoft      		CODE           	0768	0000	21

C:\Program Files (x86)\Microchip\xc8\v1.37\sources\common\lwtoft.c estimated size: 21

C:\Program Files (x86)\Microchip\xc8\v1.37\sources\common\ftmul.c
		___ftmul       		CODE           	0114	0000	180

C:\Program Files (x86)\Microchip\xc8\v1.37\sources\common\ftmul.c estimated size: 180

adc_pic16.c
		_ADCInit       		CODE           	077C	0000	19
		_ReadADC       		CODE           	06E1	0000	40

adc_pic16.c estimated size: 59

C:\Program Files (x86)\Microchip\xc8\v1.37\sources\common\awmod.c
		___awmod       		CODE           	05F1	0000	71

C:\Program Files (x86)\Microchip\xc8\v1.37\sources\common\awmod.c estimated size: 71

