Microchip MPLAB XC8 Compiler V1.37 ()

Linker command line:

-W-3 --edf=C:\Program Files (x86)\Microchip\xc8\v1.37\dat\en_msgs.txt -cs \
  -h+dist/default/production\do_am.X.production.sym \
  --cmf=dist/default/production\do_am.X.production.cmf -z -Q16F1823 \
  -oC:\Users\Admin\AppData\Local\Temp\s2n4.2 \
  -Mdist/default/production/do_am.X.production.map -E1 -ver=XC8 \
  -ASTACK=02040h-0204fh -pstack=STACK -ACODE=00h-07FFh -ASTRCODE=00h-07FFh \
  -ASTRING=00h-0FFhx8 -ACONST=00h-0FFhx8 -AENTRY=00h-0FFhx8 \
  -ACOMMON=070h-07Fh -ABANK0=020h-06Fh -ABANK1=0A0h-0BFh \
  -ABIGRAM=02000h-0206Fh -ARAM=020h-06Fh,0A0h-0BFh \
  -AABS1=020h-07Fh,0A0h-0BFh -ASFR0=00h-01Fh -ASFR1=080h-09Fh \
  -ASFR2=0100h-016Fh -ASFR3=0180h-01EFh -ASFR4=0200h-026Fh \
  -ASFR5=0280h-02EFh -ASFR6=0300h-036Fh -ASFR7=0380h-03EFh \
  -ASFR8=0400h-046Fh -ASFR9=0480h-04EFh -ASFR10=0500h-056Fh \
  -ASFR11=0580h-05EFh -ASFR12=0600h-066Fh -ASFR13=0680h-06EFh \
  -ASFR14=0700h-076Fh -ASFR15=0780h-07EFh -ASFR16=0800h-086Fh \
  -ASFR17=0880h-08EFh -ASFR18=0900h-096Fh -ASFR19=0980h-09EFh \
  -ASFR20=0A00h-0A6Fh -ASFR21=0A80h-0AEFh -ASFR22=0B00h-0B6Fh \
  -ASFR23=0B80h-0BEFh -ASFR24=0C00h-0C6Fh -ASFR25=0C80h-0CEFh \
  -ASFR26=0D00h-0D6Fh -ASFR27=0D80h-0DEFh -ASFR28=0E00h-0E6Fh \
  -ASFR29=0E80h-0EEFh -ASFR30=0F00h-0F6Fh -ASFR31=0F80h-0FEFh \
  -preset_vec=00h,intentry=04h,init,end_init -ppowerup=CODE -pcinit=CODE \
  -pfunctab=CODE -ACONFIG=08007h-08008h -pconfig=CONFIG -DCONFIG=2 \
  -AIDLOC=08000h-08003h -pidloc=IDLOC -DIDLOC=2 -AEEDATA=00h-0FFh/0F000h \
  -peeprom_data=EEDATA -DEEDATA=2 -DCODE=2 -DSTRCODE=2 -DSTRING=2 -DCONST=2 \
  -DENTRY=2 -k C:\Users\Admin\AppData\Local\Temp\s2n4.obj \
  dist/default/production\do_am.X.production.obj 

Object code version is 3.11

Machine type is 16F1823



                Name                               Link     Load   Length Selector   Space Scale
C:\Users\Admin\AppData\Local\Temp\s2n4.obj
                end_init                             59       59        1        8       0
                reset_vec                             0        0        1        0       0
                config                             8007     8007        2    1000E       0
dist/default/production\do_am.X.production.obj
                cinit                                5A       5A       11        8       0
                intentry                              4        4       55        8       0
                text25                              3B4      3B4       56        8       0
                text24                              4AD      4AD       4B        8       0
                text23                              70C      70C       23        8       0
                text22                              45C      45C       51        8       0
                text21                              5D1      5D1       45        8       0
                text20                              221      221       7C        8       0
                text19                              653      653       39        8       0
                text17                              765      765       12      EA2       0
                text16                              35D      35D       57        8       0
                text15                              4F8      4F8       4A        8       0
                text14                              6E9      6E9       23        8       0
                text13                              542      542       49        8       0
                text12                              40A      40A       52        8       0
                text11                              58B      58B       46        8       0
                text10                              1A5      1A5       7C        8       0
                text9                               616      616       3D        8       0
                text8                               6C2      6C2       27        8       0
                text7                               29D      29D       65        8       0
                text6                                6B       6B       B3        8       0
                text5                               11E      11E       87        8       0
                text4                               751      751       14      EA2       0
                text3                               68C      68C       36        8       0
                text2                               795      795        5      EA2       0
                text1                               785      785        A      EA2       0
                maintext                            302      302       5B        8       0
                cstackBANK0                          20       20       2E       20       1
                cstackCOMMON                         70       70        E       70       1
                cstackBANK1                          A0       A0       13       A0       1
                inittext                            78F      78F        6      EA2       0
                dataBANK0                            4E       4E        E       20       1
                bssBANK0                             5C       5C        4       20       1
                stringtext                          72F      72F       22      E5E       0
                idataBANK0                          777      777        E      EA2       0

TOTAL           Name                               Link     Load   Length     Space
        CLASS   STACK          

        CLASS   CODE           
                end_init                             59       59        1         0
                cinit                                5A       5A       11         0
                intentry                              4        4       55         0
                reset_vec                             0        0        1         0
                text25                              3B4      3B4       56         0
                text24                              4AD      4AD       4B         0
                text23                              70C      70C       23         0
                text22                              45C      45C       51         0
                text21                              5D1      5D1       45         0
                text20                              221      221       7C         0
                text19                              653      653       39         0
                text17                              765      765       12         0
                text16                              35D      35D       57         0
                text15                              4F8      4F8       4A         0
                text14                              6E9      6E9       23         0
                text13                              542      542       49         0
                text12                              40A      40A       52         0
                text11                              58B      58B       46         0
                text10                              1A5      1A5       7C         0
                text9                               616      616       3D         0
                text8                               6C2      6C2       27         0
                text7                               29D      29D       65         0
                text6                                6B       6B       B3         0
                text5                               11E      11E       87         0
                text4                               751      751       14         0
                text3                               68C      68C       36         0
                text2                               795      795        5         0
                text1                               785      785        A         0
                maintext                            302      302       5B         0
                inittext                            78F      78F        6         0
                idataBANK0                          777      777        E         0

        CLASS   STRCODE        
                stringtext                          72F      72F       22         0

        CLASS   STRING         

        CLASS   CONST          

        CLASS   ENTRY          

        CLASS   COMMON         
                cstackCOMMON                         70       70        E         1

        CLASS   BANK0          
                cstackBANK0                          20       20       2E         1
                dataBANK0                            4E       4E        E         1
                bssBANK0                             5C       5C        4         1

        CLASS   BANK1          
                cstackBANK1                          A0       A0       13         1

        CLASS   BIGRAM         

        CLASS   RAM            

        CLASS   ABS1           
                abs_s1                               7E       7E        2         1

        CLASS   SFR0           

        CLASS   SFR1           

        CLASS   SFR2           

        CLASS   SFR3           

        CLASS   SFR4           

        CLASS   SFR5           

        CLASS   SFR6           

        CLASS   SFR7           

        CLASS   SFR8           

        CLASS   SFR9           

        CLASS   SFR10          

        CLASS   SFR11          

        CLASS   SFR12          

        CLASS   SFR13          

        CLASS   SFR14          

        CLASS   SFR15          

        CLASS   SFR16          

        CLASS   SFR17          

        CLASS   SFR18          

        CLASS   SFR19          

        CLASS   SFR20          

        CLASS   SFR21          

        CLASS   SFR22          

        CLASS   SFR23          

        CLASS   SFR24          

        CLASS   SFR25          

        CLASS   SFR26          

        CLASS   SFR27          

        CLASS   SFR28          

        CLASS   SFR29          

        CLASS   SFR30          

        CLASS   SFR31          

        CLASS   CONFIG         
                config                             8007     8007        2         0

        CLASS   IDLOC          

        CLASS   EEDATA         

        CLASS   BANK31         

        CLASS   BANK30         

        CLASS   BANK29         

        CLASS   BANK28         

        CLASS   BANK27         

        CLASS   BANK26         

        CLASS   BANK25         

        CLASS   BANK24         

        CLASS   BANK23         

        CLASS   BANK22         

        CLASS   BANK21         

        CLASS   BANK20         

        CLASS   BANK19         

        CLASS   BANK18         

        CLASS   BANK17         

        CLASS   BANK16         

        CLASS   BANK15         

        CLASS   BANK14         

        CLASS   BANK13         

        CLASS   BANK12         

        CLASS   BANK11         

        CLASS   BANK10         

        CLASS   BANK9          

        CLASS   BANK8          

        CLASS   BANK7          

        CLASS   BANK6          

        CLASS   BANK5          

        CLASS   BANK4          

        CLASS   BANK3          

        CLASS   BANK2          



SEGMENTS        Name                           Load    Length   Top    Selector   Space  Class     Delta

                reset_vec                      000000  000001  000001         0       0  CODE        2
                intentry                       000004  00072B  00072F         8       0  CODE        2
                cstackBANK0                    000020  000040  000060        20       1  BANK0       1
                cstackCOMMON                   000070  00000E  00007E        70       1  COMMON      1
                cstackBANK1                    0000A0  000013  0000B3        A0       1  BANK1       1
                stringtext                     00072F  000022  000751       E5E       0  STRCODE     2
                text4                          000751  000049  00079A       EA2       0  CODE        2
                config                         008007  000002  008009     1000E       0  CONFIG      2


UNUSED ADDRESS RANGES

        Name                Unused          Largest block    Delta
        BANK0            00060-0006F              10           1
        BANK1            000B3-000BF               D           1
        BIGRAM           02000-0206F              70           1
        CODE             00001-00003               3           2
                         0079A-007FF              66
        CONST            00001-00003               3           2
                         0079A-007FF              66
        EEDATA           0F000-0F0FF             100           2
        ENTRY            00001-00003               3           2
                         0079A-007FF              66
        IDLOC            08000-08003               4           2
        RAM              00060-0006F              10           1
                         000B3-000BF               D
        SFR0             00000-0001F              20           1
        SFR1             00080-0009F              20           1
        SFR10            00500-0056F              70           1
        SFR11            00580-005EF              70           1
        SFR12            00600-0066F              70           1
        SFR13            00680-006EF              70           1
        SFR14            00700-0076F              70           1
        SFR15            00780-007EF              70           1
        SFR16            00800-0086F              70           1
        SFR17            00880-008EF              70           1
        SFR18            00900-0096F              70           1
        SFR19            00980-009EF              70           1
        SFR2             00100-0016F              70           1
        SFR20            00A00-00A6F              70           1
        SFR21            00A80-00AEF              70           1
        SFR22            00B00-00B6F              70           1
        SFR23            00B80-00BEF              70           1
        SFR24            00C00-00C6F              70           1
        SFR25            00C80-00CEF              70           1
        SFR26            00D00-00D6F              70           1
        SFR27            00D80-00DEF              70           1
        SFR28            00E00-00E6F              70           1
        SFR29            00E80-00EEF              70           1
        SFR3             00180-001EF              70           1
        SFR30            00F00-00F6F              70           1
        SFR31            00F80-00FEF              70           1
        SFR4             00200-0026F              70           1
        SFR5             00280-002EF              70           1
        SFR6             00300-0036F              70           1
        SFR7             00380-003EF              70           1
        SFR8             00400-0046F              70           1
        SFR9             00480-004EF              70           1
        STACK            02040-0204F              10           1
        STRCODE          00001-00003               3           2
                         0079A-007FF              66
        STRING           00001-00003               3           2
                         0079A-007FF              66

                                  Symbol Table

?_LM35ReadTemp             cstackBANK0  0004C
?_ReadADC                  cstackBANK0  00030
?___awdiv                  cstackBANK0  00030
?___awmod                  cstackBANK0  00030
?___ftmul                  cstackBANK0  0003C
?___ftpack                 cstackBANK0  00030
?___fttol                  cstackBANK1  000A0
?___lwtoft                 cstackBANK0  00038
?i1___awdiv                cstackCOMMON 00070
?i1___awmod                cstackCOMMON 00070
LCDBusyLoop@busy           cstackBANK0  00032
LCDBusyLoop@status         cstackBANK0  00034
LCDBusyLoop@temp           cstackBANK0  00033
LCDByte@c                  cstackBANK0  0003A
LCDByte@hn                 cstackBANK0  00038
LCDByte@isdata             cstackBANK0  00035
LCDByte@ln                 cstackBANK0  00039
LCDByte@temp               cstackBANK0  0003B
LCDGotoXY@x                cstackBANK0  0003E
LCDGotoXY@y                cstackBANK0  0003C
LCDInit@__i                cstackBANK0  0003F
LCDInit@style              cstackBANK0  0003E
LCDWriteInt@F2516          dataBANK0    00056
LCDWriteInt@field_length   cstackBANK0  0003E
LCDWriteInt@i              cstackBANK0  00048
LCDWriteInt@j              cstackBANK0  00046
LCDWriteInt@str            cstackBANK0  00041
LCDWriteInt@val            cstackBANK0  0003C
LCDWriteString@cc          cstackBANK0  0003F
LCDWriteString@msg         cstackBANK0  0003C
LM35ReadTemp@adc_value     cstackBANK1  000AE
ReadADC@ch                 cstackBANK0  00033
_ADCInit                   text17       00765
_ADCON0bits                (abs)        0009D
_ADCON1bits                (abs)        0009E
_ADRESH                    (abs)        0009C
_ADRESL                    (abs)        0009B
_ANSELAbits                (abs)        0018C
_INTCONbits                (abs)        0000B
_IOCAFbits                 (abs)        00393
_IOCAPbits                 (abs)        00391
_ISR                       intentry     00004
_LCDBusyLoop               text16       0035D
_LCDByte                   text15       004F8
_LCDGotoXY                 text14       006E9
_LCDInit                   text13       00542
_LCDWriteInt               text10       001A5
_LCDWriteString            text9        00616
_LM35ReadTemp              text3        0068C
_PORTC                     (abs)        0000E
_RA0                       (abs)        00060
_RA1                       (abs)        00061
_RA5                       (abs)        00065
_RC0                       (abs)        00070
_RC1                       (abs)        00071
_ReadADC                   text8        006C2
_TRISAbits                 (abs)        0008C
_TRISC                     (abs)        0008E
_TRISCbits                 (abs)        0008E
_TriggerOutInit            text2        00795
_TuneButtonInit            text1        00785
__CFG_BOREN$ON             (abs)        00000
__CFG_CP$OFF               (abs)        00000
__CFG_CPD$OFF              (abs)        00000
__CFG_FOSC$HS              (abs)        00000
__CFG_LVP$ON               (abs)        00000
__CFG_PWRTE$OFF            (abs)        00000
__CFG_WDTE$OFF             (abs)        00000
__CFG_WRT$OFF              (abs)        00000
__Habs1                    abs1         00000
__Hbank0                   bank0        00000
__Hbank1                   bank1        00000
__Hbank10                  bank10       00000
__Hbank11                  bank11       00000
__Hbank12                  bank12       00000
__Hbank13                  bank13       00000
__Hbank14                  bank14       00000
__Hbank15                  bank15       00000
__Hbank16                  bank16       00000
__Hbank17                  bank17       00000
__Hbank18                  bank18       00000
__Hbank19                  bank19       00000
__Hbank2                   bank2        00000
__Hbank20                  bank20       00000
__Hbank21                  bank21       00000
__Hbank22                  bank22       00000
__Hbank23                  bank23       00000
__Hbank24                  bank24       00000
__Hbank25                  bank25       00000
__Hbank26                  bank26       00000
__Hbank27                  bank27       00000
__Hbank28                  bank28       00000
__Hbank29                  bank29       00000
__Hbank3                   bank3        00000
__Hbank30                  bank30       00000
__Hbank31                  bank31       00000
__Hbank4                   bank4        00000
__Hbank5                   bank5        00000
__Hbank6                   bank6        00000
__Hbank7                   bank7        00000
__Hbank8                   bank8        00000
__Hbank9                   bank9        00000
__Hbigram                  bigram       00000
__HbssBANK0                bssBANK0     00000
__Hcinit                   cinit        0006B
__Hclrtext                 clrtext      00000
__Hcode                    code         00000
__Hcommon                  common       00000
__Hconfig                  config       08009
__HcstackBANK0             cstackBANK0  00000
__HcstackBANK1             cstackBANK1  00000
__HcstackCOMMON            cstackCOMMON 00000
__HdataBANK0               dataBANK0    00000
__Heeprom_data             eeprom_data  00000
__Hend_init                end_init     0005A
__Hfunctab                 functab      00000
__HidataBANK0              idataBANK0   00000
__Hidloc                   idloc        00000
__Hinit                    init         00059
__Hinittext                inittext     00000
__Hintentry                intentry     00059
__Hmaintext                maintext     00000
__Hpowerup                 powerup      00000
__Hram                     ram          00000
__Hreset_vec               reset_vec    00001
__Hsfr0                    sfr0         00000
__Hsfr1                    sfr1         00000
__Hsfr10                   sfr10        00000
__Hsfr11                   sfr11        00000
__Hsfr12                   sfr12        00000
__Hsfr13                   sfr13        00000
__Hsfr14                   sfr14        00000
__Hsfr15                   sfr15        00000
__Hsfr16                   sfr16        00000
__Hsfr17                   sfr17        00000
__Hsfr18                   sfr18        00000
__Hsfr19                   sfr19        00000
__Hsfr2                    sfr2         00000
__Hsfr20                   sfr20        00000
__Hsfr21                   sfr21        00000
__Hsfr22                   sfr22        00000
__Hsfr23                   sfr23        00000
__Hsfr24                   sfr24        00000
__Hsfr25                   sfr25        00000
__Hsfr26                   sfr26        00000
__Hsfr27                   sfr27        00000
__Hsfr28                   sfr28        00000
__Hsfr29                   sfr29        00000
__Hsfr3                    sfr3         00000
__Hsfr30                   sfr30        00000
__Hsfr31                   sfr31        00000
__Hsfr4                    sfr4         00000
__Hsfr5                    sfr5         00000
__Hsfr6                    sfr6         00000
__Hsfr7                    sfr7         00000
__Hsfr8                    sfr8         00000
__Hsfr9                    sfr9         00000
__Hspace_0                 (abs)        08009
__Hspace_1                 (abs)        000B3
__Hspace_2                 (abs)        00000
__Hspace_3                 (abs)        00000
__Hstack                   stack        00000
__Hstrings                 strings      00000
__Hstringtext              stringtext   00000
__Htext                    text         00000
__Labs1                    abs1         00000
__Lbank0                   bank0        00000
__Lbank1                   bank1        00000
__Lbank10                  bank10       00000
__Lbank11                  bank11       00000
__Lbank12                  bank12       00000
__Lbank13                  bank13       00000
__Lbank14                  bank14       00000
__Lbank15                  bank15       00000
__Lbank16                  bank16       00000
__Lbank17                  bank17       00000
__Lbank18                  bank18       00000
__Lbank19                  bank19       00000
__Lbank2                   bank2        00000
__Lbank20                  bank20       00000
__Lbank21                  bank21       00000
__Lbank22                  bank22       00000
__Lbank23                  bank23       00000
__Lbank24                  bank24       00000
__Lbank25                  bank25       00000
__Lbank26                  bank26       00000
__Lbank27                  bank27       00000
__Lbank28                  bank28       00000
__Lbank29                  bank29       00000
__Lbank3                   bank3        00000
__Lbank30                  bank30       00000
__Lbank31                  bank31       00000
__Lbank4                   bank4        00000
__Lbank5                   bank5        00000
__Lbank6                   bank6        00000
__Lbank7                   bank7        00000
__Lbank8                   bank8        00000
__Lbank9                   bank9        00000
__Lbigram                  bigram       00000
__LbssBANK0                bssBANK0     00000
__Lcinit                   cinit        0005A
__Lclrtext                 clrtext      00000
__Lcode                    code         00000
__Lcommon                  common       00000
__Lconfig                  config       08007
__LcstackBANK0             cstackBANK0  00000
__LcstackBANK1             cstackBANK1  00000
__LcstackCOMMON            cstackCOMMON 00000
__LdataBANK0               dataBANK0    00000
__Leeprom_data             eeprom_data  00000
__Lend_init                end_init     00059
__Lfunctab                 functab      00000
__LidataBANK0              idataBANK0   00000
__Lidloc                   idloc        00000
__Linit                    init         00059
__Linittext                inittext     00000
__Lintentry                intentry     00004
__Lmaintext                maintext     00000
__Lpowerup                 powerup      00000
__Lram                     ram          00000
__Lreset_vec               reset_vec    00000
__Lsfr0                    sfr0         00000
__Lsfr1                    sfr1         00000
__Lsfr10                   sfr10        00000
__Lsfr11                   sfr11        00000
__Lsfr12                   sfr12        00000
__Lsfr13                   sfr13        00000
__Lsfr14                   sfr14        00000
__Lsfr15                   sfr15        00000
__Lsfr16                   sfr16        00000
__Lsfr17                   sfr17        00000
__Lsfr18                   sfr18        00000
__Lsfr19                   sfr19        00000
__Lsfr2                    sfr2         00000
__Lsfr20                   sfr20        00000
__Lsfr21                   sfr21        00000
__Lsfr22                   sfr22        00000
__Lsfr23                   sfr23        00000
__Lsfr24                   sfr24        00000
__Lsfr25                   sfr25        00000
__Lsfr26                   sfr26        00000
__Lsfr27                   sfr27        00000
__Lsfr28                   sfr28        00000
__Lsfr29                   sfr29        00000
__Lsfr3                    sfr3         00000
__Lsfr30                   sfr30        00000
__Lsfr31                   sfr31        00000
__Lsfr4                    sfr4         00000
__Lsfr5                    sfr5         00000
__Lsfr6                    sfr6         00000
__Lsfr7                    sfr7         00000
__Lsfr8                    sfr8         00000
__Lsfr9                    sfr9         00000
__Lspace_0                 (abs)        00000
__Lspace_1                 (abs)        00000
__Lspace_2                 (abs)        00000
__Lspace_3                 (abs)        00000
__Lstack                   stack        00000
__Lstrings                 strings      00000
__Lstringtext              stringtext   00000
__Ltext                    text         00000
__S0                       (abs)        08009
__S1                       (abs)        000B3
__S2                       (abs)        00000
__S3                       (abs)        00000
___awdiv                   text12       0040A
___awdiv@counter           cstackBANK0  00035
___awdiv@dividend          cstackBANK0  00032
___awdiv@divisor           cstackBANK0  00030
___awdiv@quotient          cstackBANK0  00037
___awdiv@sign              cstackBANK0  00036
___awmod                   text11       0058B
___awmod@counter           cstackBANK0  00035
___awmod@dividend          cstackBANK0  00032
___awmod@divisor           cstackBANK0  00030
___awmod@sign              cstackBANK0  00036
___cgram                   dataBANK0    0004E
___ftmul                   text6        0006B
___ftmul@cntr              cstackBANK0  0004A
___ftmul@exp               cstackBANK0  00046
___ftmul@f1                cstackBANK0  0003C
___ftmul@f2                cstackBANK0  0003F
___ftmul@f3_as_product     cstackBANK0  00047
___ftmul@sign              cstackBANK0  0004B
___ftpack                  text7        0029D
___ftpack@arg              cstackBANK0  00030
___ftpack@exp              cstackBANK0  00033
___ftpack@sign             cstackBANK0  00034
___fttol                   text5        0011E
___fttol@exp1              cstackBANK1  000AD
___fttol@f1                cstackBANK1  000A0
___fttol@lval              cstackBANK1  000A9
___fttol@sign1             cstackBANK1  000A8
___int_sp                  stack        00000
___latbits                 (abs)        00000
___lwtoft                  text4        00751
___lwtoft@c                cstackBANK0  00038
___sp                      stack        00000
__end_of_ADCInit           text17       00777
__end_of_ISR               intentry     00059
__end_of_LCDBusyLoop       text16       003B4
__end_of_LCDByte           text15       00542
__end_of_LCDGotoXY         text14       0070C
__end_of_LCDInit           text13       0058B
__end_of_LCDWriteInt       text10       00221
__end_of_LCDWriteString    text9        00653
__end_of_LM35ReadTemp      text3        006C2
__end_of_ReadADC           text8        006E9
__end_of_TriggerOutInit    text2        0079A
__end_of_TuneButtonInit    text1        0078F
__end_of___awdiv           text12       0045C
__end_of___awmod           text11       005D1
__end_of___ftmul           text6        0011E
__end_of___ftpack          text7        00302
__end_of___fttol           text5        001A5
__end_of___lwtoft          text4        00765
__end_of__initialization   cinit        00068
__end_of_main              maintext     0035D
__end_ofi1_LCDBusyLoop     text25       0040A
__end_ofi1_LCDByte         text24       004F8
__end_ofi1_LCDGotoXY       text23       0072F
__end_ofi1_LCDWriteInt     text20       0029D
__end_ofi1_LCDWriteString  text19       0068C
__end_ofi1___awdiv         text22       004AD
__end_ofi1___awmod         text21       00616
__initialization           cinit        0005A
__pbssBANK0                bssBANK0     0005C
__pcstackBANK0             cstackBANK0  00020
__pcstackBANK1             cstackBANK1  000A0
__pcstackCOMMON            cstackCOMMON 00070
__pdataBANK0               dataBANK0    0004E
__pidataBANK0              idataBANK0   00777
__pintentry                intentry     00004
__pmaintext                maintext     00302
__pstringtext              stringtext   0072F
__ptext1                   text1        00785
__ptext10                  text10       001A5
__ptext11                  text11       0058B
__ptext12                  text12       0040A
__ptext13                  text13       00542
__ptext14                  text14       006E9
__ptext15                  text15       004F8
__ptext16                  text16       0035D
__ptext17                  text17       00765
__ptext19                  text19       00653
__ptext2                   text2        00795
__ptext20                  text20       00221
__ptext21                  text21       005D1
__ptext22                  text22       0045C
__ptext23                  text23       0070C
__ptext24                  text24       004AD
__ptext25                  text25       003B4
__ptext3                   text3        0068C
__ptext4                   text4        00751
__ptext5                   text5        0011E
__ptext6                   text6        0006B
__ptext7                   text7        0029D
__ptext8                   text8        006C2
__ptext9                   text9        00616
__size_of_ADCInit          (abs)        00000
__size_of_ISR              (abs)        00000
__size_of_LCDBusyLoop      (abs)        00000
__size_of_LCDByte          (abs)        00000
__size_of_LCDGotoXY        (abs)        00000
__size_of_LCDInit          (abs)        00000
__size_of_LCDWriteInt      (abs)        00000
__size_of_LCDWriteString   (abs)        00000
__size_of_LM35ReadTemp     (abs)        00000
__size_of_ReadADC          (abs)        00000
__size_of_TriggerOutInit   (abs)        00000
__size_of_TuneButtonInit   (abs)        00000
__size_of___awdiv          (abs)        00000
__size_of___awmod          (abs)        00000
__size_of___ftmul          (abs)        00000
__size_of___ftpack         (abs)        00000
__size_of___fttol          (abs)        00000
__size_of___lwtoft         (abs)        00000
__size_of_main             (abs)        00000
__size_ofi1_LCDBusyLoop    (abs)        00000
__size_ofi1_LCDByte        (abs)        00000
__size_ofi1_LCDGotoXY      (abs)        00000
__size_ofi1_LCDWriteInt    (abs)        00000
__size_ofi1_LCDWriteString (abs)        00000
__size_ofi1___awdiv        (abs)        00000
__size_ofi1___awmod        (abs)        00000
_curTemp                   bssBANK0     0005C
_main                      maintext     00302
_tuneTemp                  bssBANK0     0005E
_tuneTempDir               dataBANK0    0005B
btemp                      (abs)        0007E
end_of_initialization      cinit        00068
i1LCDBusyLoop@busy         cstackCOMMON 00072
i1LCDBusyLoop@status       cstackCOMMON 00074
i1LCDBusyLoop@temp         cstackCOMMON 00073
i1LCDByte@c                cstackCOMMON 00078
i1LCDByte@hn               cstackCOMMON 00079
i1LCDByte@isdata           cstackCOMMON 00075
i1LCDByte@ln               cstackCOMMON 0007A
i1LCDByte@temp             cstackCOMMON 0007B
i1LCDGotoXY@x              cstackBANK0  00020
i1LCDGotoXY@y              cstackCOMMON 0007C
i1LCDWriteInt@field_length cstackBANK0  00022
i1LCDWriteInt@i            cstackBANK0  0002A
i1LCDWriteInt@j            cstackBANK0  00028
i1LCDWriteInt@str          cstackBANK0  00023
i1LCDWriteInt@val          cstackBANK0  00020
i1LCDWriteString@cc        cstackBANK0  00021
i1LCDWriteString@msg       cstackCOMMON 0007C
i1_LCDBusyLoop             text25       003B4
i1_LCDByte                 text24       004AD
i1_LCDGotoXY               text23       0070C
i1_LCDWriteInt             text20       00221
i1_LCDWriteString          text19       00653
i1___awdiv                 text22       0045C
i1___awdiv@counter         cstackCOMMON 00075
i1___awdiv@dividend        cstackCOMMON 00072
i1___awdiv@divisor         cstackCOMMON 00070
i1___awdiv@quotient        cstackCOMMON 00077
i1___awdiv@sign            cstackCOMMON 00076
i1___awmod                 text21       005D1
i1___awmod@counter         cstackCOMMON 00075
i1___awmod@dividend        cstackCOMMON 00072
i1___awmod@divisor         cstackCOMMON 00070
i1___awmod@sign            cstackCOMMON 00076
init_ram                   inittext     0078F
int$flags                  (abs)        0007E
intlevel0                  functab      00000
intlevel1                  functab      00000
intlevel2                  functab      00000
intlevel3                  functab      00000
intlevel4                  functab      00000
intlevel5                  functab      00000
ltemp                      (abs)        0007E
ltemp0                     (abs)        0007E
ltemp1                     (abs)        00082
ltemp2                     (abs)        00086
ltemp3                     (abs)        00080
reset_vec                  reset_vec    00000
stackhi                    (abs)        0204F
stacklo                    (abs)        02040
start                      init         00059
start_initialization       cinit        0005A
ttemp                      (abs)        0007E
ttemp0                     (abs)        0007E
ttemp1                     (abs)        00081
ttemp2                     (abs)        00084
ttemp3                     (abs)        00087
ttemp4                     (abs)        0007F
wtemp                      (abs)        0007E
wtemp0                     (abs)        0007E
wtemp1                     (abs)        00080
wtemp2                     (abs)        00082
wtemp3                     (abs)        00084
wtemp4                     (abs)        00086
wtemp5                     (abs)        00088
wtemp6                     (abs)        0007F


FUNCTION INFORMATION:

 *************** function _main *****************
 Defined at:
		line 136 in file "do_am.c"
 Parameters:    Size  Location     Type
		None
 Auto vars:     Size  Location     Type
		None
 Return value:  Size  Location     Type
                  1    wreg      void 
 Registers used:
		wreg, fsr0l, fsr0h, fsr1l, fsr1h, status,2, status,0, pclath, cstack
 Tracked objects:
		On entry : 
		On exit  : 
		Unchanged: 
 Data sizes:     COMMON   BANK0   BANK1
      Params:         0       0       0
      Locals:         0       0       0
      Temps:          0       0       3
      Totals:         0       0       3
Total ram usage:        3 bytes
 Hardware stack levels required when called:    7
 This function calls:
		_ADCInit
		_LCDByte
		_LCDGotoXY
		_LCDInit
		_LCDWriteInt
		_LCDWriteString
		_LM35ReadTemp
		_TriggerOutInit
		_TuneButtonInit
 This function is called by:
		Startup code after reset
 This function uses a non-reentrant model


 *************** function _TuneButtonInit *****************
 Defined at:
		line 85 in file "do_am.c"
 Parameters:    Size  Location     Type
		None
 Auto vars:     Size  Location     Type
		None
 Return value:  Size  Location     Type
                  1    wreg      void 
 Registers used:
		None
 Tracked objects:
		On entry : 
		On exit  : 
		Unchanged: 
 Data sizes:     COMMON   BANK0   BANK1
      Params:         0       0       0
      Locals:         0       0       0
      Temps:          0       0       0
      Totals:         0       0       0
Total ram usage:        0 bytes
 Hardware stack levels used:    1
 Hardware stack levels required when called:    4
 This function calls:
		Nothing
 This function is called by:
		_main
 This function uses a non-reentrant model


 *************** function _TriggerOutInit *****************
 Defined at:
		line 70 in file "do_am.c"
 Parameters:    Size  Location     Type
		None
 Auto vars:     Size  Location     Type
		None
 Return value:  Size  Location     Type
                  1    wreg      void 
 Registers used:
		None
 Tracked objects:
		On entry : 
		On exit  : 
		Unchanged: 
 Data sizes:     COMMON   BANK0   BANK1
      Params:         0       0       0
      Locals:         0       0       0
      Temps:          0       0       0
      Totals:         0       0       0
Total ram usage:        0 bytes
 Hardware stack levels used:    1
 Hardware stack levels required when called:    4
 This function calls:
		Nothing
 This function is called by:
		_main
 This function uses a non-reentrant model


 *************** function _LM35ReadTemp *****************
 Defined at:
		line 8 in file "lm35_pic16.c"
 Parameters:    Size  Location     Type
		None
 Auto vars:     Size  Location     Type
  adc_value       2   14[BANK1 ] unsigned int 
 Return value:  Size  Location     Type
                  2   44[BANK0 ] int 
 Registers used:
		wreg, status,2, status,0, pclath, cstack
 Tracked objects:
		On entry : 
		On exit  : 
		Unchanged: 
 Data sizes:     COMMON   BANK0   BANK1
      Params:         0       2       0
      Locals:         0       0       2
      Temps:          0       0       0
      Totals:         0       2       2
Total ram usage:        4 bytes
 Hardware stack levels used:    1
 Hardware stack levels required when called:    6
 This function calls:
		_ReadADC
		___ftmul
		___fttol
		___lwtoft
 This function is called by:
		_main
 This function uses a non-reentrant model


 *************** function ___lwtoft *****************
 Defined at:
		line 28 in file "C:\Program Files (x86)\Microchip\xc8\v1.37\sources\common\lwtoft.c"
 Parameters:    Size  Location     Type
  c               2   24[BANK0 ] unsigned int 
 Auto vars:     Size  Location     Type
		None
 Return value:  Size  Location     Type
                  3   24[BANK0 ] float 
 Registers used:
		wreg, status,2, status,0, pclath, cstack
 Tracked objects:
		On entry : 
		On exit  : 
		Unchanged: 
 Data sizes:     COMMON   BANK0   BANK1
      Params:         0       3       0
      Locals:         0       0       0
      Temps:          0       1       0
      Totals:         0       4       0
Total ram usage:        4 bytes
 Hardware stack levels used:    1
 Hardware stack levels required when called:    5
 This function calls:
		___ftpack
 This function is called by:
		_LM35ReadTemp
 This function uses a non-reentrant model


 *************** function ___fttol *****************
 Defined at:
		line 44 in file "C:\Program Files (x86)\Microchip\xc8\v1.37\sources\common\fttol.c"
 Parameters:    Size  Location     Type
  f1              3    0[BANK1 ] float 
 Auto vars:     Size  Location     Type
  lval            4    9[BANK1 ] unsigned long 
  exp1            1   13[BANK1 ] unsigned char 
  sign1           1    8[BANK1 ] unsigned char 
 Return value:  Size  Location     Type
                  4    0[BANK1 ] long 
 Registers used:
		wreg, status,2, status,0
 Tracked objects:
		On entry : 
		On exit  : 
		Unchanged: 
 Data sizes:     COMMON   BANK0   BANK1
      Params:         0       0       4
      Locals:         0       0       6
      Temps:          0       0       4
      Totals:         0       0      14
Total ram usage:       14 bytes
 Hardware stack levels used:    1
 Hardware stack levels required when called:    4
 This function calls:
		Nothing
 This function is called by:
		_LM35ReadTemp
 This function uses a non-reentrant model


 *************** function ___ftmul *****************
 Defined at:
		line 62 in file "C:\Program Files (x86)\Microchip\xc8\v1.37\sources\common\ftmul.c"
 Parameters:    Size  Location     Type
  f1              3   28[BANK0 ] float 
  f2              3   31[BANK0 ] float 
 Auto vars:     Size  Location     Type
  f3_as_produc    3   39[BANK0 ] unsigned um
  sign            1   43[BANK0 ] unsigned char 
  cntr            1   42[BANK0 ] unsigned char 
  exp             1   38[BANK0 ] unsigned char 
 Return value:  Size  Location     Type
                  3   28[BANK0 ] float 
 Registers used:
		wreg, status,2, status,0, pclath, cstack
 Tracked objects:
		On entry : 
		On exit  : 
		Unchanged: 
 Data sizes:     COMMON   BANK0   BANK1
      Params:         0       6       0
      Locals:         0       6       0
      Temps:          0       4       0
      Totals:         0      16       0
Total ram usage:       16 bytes
 Hardware stack levels used:    1
 Hardware stack levels required when called:    5
 This function calls:
		___ftpack
 This function is called by:
		_LM35ReadTemp
 This function uses a non-reentrant model


 *************** function ___ftpack *****************
 Defined at:
		line 62 in file "C:\Program Files (x86)\Microchip\xc8\v1.37\sources\common\float.c"
 Parameters:    Size  Location     Type
  arg             3   16[BANK0 ] unsigned um
  exp             1   19[BANK0 ] unsigned char 
  sign            1   20[BANK0 ] unsigned char 
 Auto vars:     Size  Location     Type
		None
 Return value:  Size  Location     Type
                  3   16[BANK0 ] float 
 Registers used:
		wreg, status,2, status,0
 Tracked objects:
		On entry : 
		On exit  : 
		Unchanged: 
 Data sizes:     COMMON   BANK0   BANK1
      Params:         0       5       0
      Locals:         0       0       0
      Temps:          0       3       0
      Totals:         0       8       0
Total ram usage:        8 bytes
 Hardware stack levels used:    1
 Hardware stack levels required when called:    4
 This function calls:
		Nothing
 This function is called by:
		___ftmul
		___lwtoft
 This function uses a non-reentrant model


 *************** function _ReadADC *****************
 Defined at:
		line 40 in file "adc_pic16.c"
 Parameters:    Size  Location     Type
  ch              1    wreg     unsigned char 
 Auto vars:     Size  Location     Type
  ch              1   19[BANK0 ] unsigned char 
 Return value:  Size  Location     Type
                  2   16[BANK0 ] unsigned int 
 Registers used:
		wreg, status,2, status,0
 Tracked objects:
		On entry : 
		On exit  : 
		Unchanged: 
 Data sizes:     COMMON   BANK0   BANK1
      Params:         0       2       0
      Locals:         0       1       0
      Temps:          0       1       0
      Totals:         0       4       0
Total ram usage:        4 bytes
 Hardware stack levels used:    1
 Hardware stack levels required when called:    4
 This function calls:
		Nothing
 This function is called by:
		_LM35ReadTemp
 This function uses a non-reentrant model


 *************** function _LCDWriteString *****************
 Defined at:
		line 279 in file "lcd_hd44780_pic16.c"
 Parameters:    Size  Location     Type
  msg             2   28[BANK0 ] PTR const unsigned char 
		 -> STR_4(4), STR_3(13), STR_2(4), STR_1(17), 
 Auto vars:     Size  Location     Type
  cc              1   31[BANK0 ] char 
 Return value:  Size  Location     Type
                  1    wreg      void 
 Registers used:
		wreg, fsr0l, fsr0h, status,2, status,0, pclath, cstack
 Tracked objects:
		On entry : 
		On exit  : 
		Unchanged: 
 Data sizes:     COMMON   BANK0   BANK1
      Params:         0       2       0
      Locals:         0       1       0
      Temps:          0       1       0
      Totals:         0       4       0
Total ram usage:        4 bytes
 Hardware stack levels used:    1
 Hardware stack levels required when called:    6
 This function calls:
		_LCDByte
 This function is called by:
		_main
 This function uses a non-reentrant model


 *************** function _LCDWriteInt *****************
 Defined at:
		line 317 in file "lcd_hd44780_pic16.c"
 Parameters:    Size  Location     Type
  val             2   28[BANK0 ] int 
  field_length    1   30[BANK0 ] char 
 Auto vars:     Size  Location     Type
  str             5   33[BANK0 ] unsigned char [5]
  i               2   40[BANK0 ] int 
  j               2   38[BANK0 ] int 
 Return value:  Size  Location     Type
                  1    wreg      void 
 Registers used:
		wreg, fsr0l, fsr0h, fsr1l, fsr1h, status,2, status,0, pclath, cstack
 Tracked objects:
		On entry : 
		On exit  : 
		Unchanged: 
 Data sizes:     COMMON   BANK0   BANK1
      Params:         0       3       0
      Locals:         0       9       0
      Temps:          0       2       0
      Totals:         0      14       0
Total ram usage:       14 bytes
 Hardware stack levels used:    1
 Hardware stack levels required when called:    6
 This function calls:
		_LCDByte
		___awdiv
		___awmod
 This function is called by:
		_main
 This function uses a non-reentrant model


 *************** function ___awmod *****************
 Defined at:
		line 6 in file "C:\Program Files (x86)\Microchip\xc8\v1.37\sources\common\awmod.c"
 Parameters:    Size  Location     Type
  divisor         2   16[BANK0 ] int 
  dividend        2   18[BANK0 ] int 
 Auto vars:     Size  Location     Type
  sign            1   22[BANK0 ] unsigned char 
  counter         1   21[BANK0 ] unsigned char 
 Return value:  Size  Location     Type
                  2   16[BANK0 ] int 
 Registers used:
		wreg, status,2, status,0
 Tracked objects:
		On entry : 
		On exit  : 
		Unchanged: 
 Data sizes:     COMMON   BANK0   BANK1
      Params:         0       4       0
      Locals:         0       2       0
      Temps:          0       1       0
      Totals:         0       7       0
Total ram usage:        7 bytes
 Hardware stack levels used:    1
 Hardware stack levels required when called:    4
 This function calls:
		Nothing
 This function is called by:
		_LCDWriteInt
 This function uses a non-reentrant model


 *************** function ___awdiv *****************
 Defined at:
		line 6 in file "C:\Program Files (x86)\Microchip\xc8\v1.37\sources\common\awdiv.c"
 Parameters:    Size  Location     Type
  divisor         2   16[BANK0 ] int 
  dividend        2   18[BANK0 ] int 
 Auto vars:     Size  Location     Type
  quotient        2   23[BANK0 ] int 
  sign            1   22[BANK0 ] unsigned char 
  counter         1   21[BANK0 ] unsigned char 
 Return value:  Size  Location     Type
                  2   16[BANK0 ] int 
 Registers used:
		wreg, status,2, status,0
 Tracked objects:
		On entry : 
		On exit  : 
		Unchanged: 
 Data sizes:     COMMON   BANK0   BANK1
      Params:         0       4       0
      Locals:         0       4       0
      Temps:          0       1       0
      Totals:         0       9       0
Total ram usage:        9 bytes
 Hardware stack levels used:    1
 Hardware stack levels required when called:    4
 This function calls:
		Nothing
 This function is called by:
		_LCDWriteInt
 This function uses a non-reentrant model


 *************** function _LCDInit *****************
 Defined at:
		line 207 in file "lcd_hd44780_pic16.c"
 Parameters:    Size  Location     Type
  style           1    wreg     unsigned char 
 Auto vars:     Size  Location     Type
  style           1   30[BANK0 ] unsigned char 
  __i             1   31[BANK0 ] unsigned char 
 Return value:  Size  Location     Type
                  1    wreg      void 
 Registers used:
		wreg, fsr1l, fsr1h, status,2, status,0, pclath, cstack
 Tracked objects:
		On entry : 
		On exit  : 
		Unchanged: 
 Data sizes:     COMMON   BANK0   BANK1
      Params:         0       0       0
      Locals:         0       2       0
      Temps:          0       2       0
      Totals:         0       4       0
Total ram usage:        4 bytes
 Hardware stack levels used:    1
 Hardware stack levels required when called:    6
 This function calls:
		_LCDBusyLoop
		_LCDByte
 This function is called by:
		_main
 This function uses a non-reentrant model


 *************** function _LCDGotoXY *****************
 Defined at:
		line 351 in file "lcd_hd44780_pic16.c"
 Parameters:    Size  Location     Type
  x               1    wreg     unsigned char 
  y               1   28[BANK0 ] unsigned char 
 Auto vars:     Size  Location     Type
  x               1   30[BANK0 ] unsigned char 
 Return value:  Size  Location     Type
                  1    wreg      void 
 Registers used:
		wreg, fsr0l, fsr0h, status,2, status,0, pclath, cstack
 Tracked objects:
		On entry : 
		On exit  : 
		Unchanged: 
 Data sizes:     COMMON   BANK0   BANK1
      Params:         0       1       0
      Locals:         0       1       0
      Temps:          0       1       0
      Totals:         0       3       0
Total ram usage:        3 bytes
 Hardware stack levels used:    1
 Hardware stack levels required when called:    6
 This function calls:
		_LCDByte
 This function is called by:
		_main
 This function uses a non-reentrant model


 *************** function _LCDByte *****************
 Defined at:
		line 80 in file "lcd_hd44780_pic16.c"
 Parameters:    Size  Location     Type
  c               1    wreg     unsigned char 
  isdata          1   21[BANK0 ] unsigned char 
 Auto vars:     Size  Location     Type
  c               1   26[BANK0 ] unsigned char 
  temp            1   27[BANK0 ] unsigned char 
  ln              1   25[BANK0 ] unsigned char 
  hn              1   24[BANK0 ] unsigned char 
 Return value:  Size  Location     Type
                  1    wreg      void 
 Registers used:
		wreg, status,2, status,0, pclath, cstack
 Tracked objects:
		On entry : 
		On exit  : 
		Unchanged: 
 Data sizes:     COMMON   BANK0   BANK1
      Params:         0       1       0
      Locals:         0       4       0
      Temps:          0       2       0
      Totals:         0       7       0
Total ram usage:        7 bytes
 Hardware stack levels used:    1
 Hardware stack levels required when called:    5
 This function calls:
		_LCDBusyLoop
 This function is called by:
		_LCDInit
		_LCDWriteString
		_LCDWriteInt
		_LCDGotoXY
		_main
 This function uses a non-reentrant model


 *************** function _LCDBusyLoop *****************
 Defined at:
		line 135 in file "lcd_hd44780_pic16.c"
 Parameters:    Size  Location     Type
		None
 Auto vars:     Size  Location     Type
  status          1   20[BANK0 ] unsigned char 
  temp            1   19[BANK0 ] unsigned char 
  busy            1   18[BANK0 ] unsigned char 
 Return value:  Size  Location     Type
                  1    wreg      void 
 Registers used:
		wreg, status,2, status,0
 Tracked objects:
		On entry : 
		On exit  : 
		Unchanged: 
 Data sizes:     COMMON   BANK0   BANK1
      Params:         0       0       0
      Locals:         0       3       0
      Temps:          0       2       0
      Totals:         0       5       0
Total ram usage:        5 bytes
 Hardware stack levels used:    1
 Hardware stack levels required when called:    4
 This function calls:
		Nothing
 This function is called by:
		_LCDByte
		_LCDInit
 This function uses a non-reentrant model


 *************** function _ADCInit *****************
 Defined at:
		line 7 in file "adc_pic16.c"
 Parameters:    Size  Location     Type
		None
 Auto vars:     Size  Location     Type
		None
 Return value:  Size  Location     Type
                  1    wreg      void 
 Registers used:
		wreg, status,2, status,0
 Tracked objects:
		On entry : 
		On exit  : 
		Unchanged: 
 Data sizes:     COMMON   BANK0   BANK1
      Params:         0       0       0
      Locals:         0       0       0
      Temps:          0       0       0
      Totals:         0       0       0
Total ram usage:        0 bytes
 Hardware stack levels used:    1
 Hardware stack levels required when called:    4
 This function calls:
		Nothing
 This function is called by:
		_main
 This function uses a non-reentrant model


 *************** function _ISR *****************
 Defined at:
		line 103 in file "do_am.c"
 Parameters:    Size  Location     Type
		None
 Auto vars:     Size  Location     Type
		None
 Return value:  Size  Location     Type
                  1    wreg      void 
 Registers used:
		wreg, fsr0l, fsr0h, fsr1l, fsr1h, status,2, status,0, pclath, cstack
 Tracked objects:
		On entry : 
		On exit  : 
		Unchanged: 
 Data sizes:     COMMON   BANK0   BANK1
      Params:         0       0       0
      Locals:         0       0       0
      Temps:          0       4       0
      Totals:         0       4       0
Total ram usage:        4 bytes
 Hardware stack levels used:    1
 Hardware stack levels required when called:    3
 This function calls:
		i1_LCDByte
		i1_LCDGotoXY
		i1_LCDWriteInt
		i1_LCDWriteString
 This function is called by:
		Interrupt level 1
 This function uses a non-reentrant model


 *************** function i1_LCDWriteString *****************
 Defined at:
		line 279 in file "lcd_hd44780_pic16.c"
 Parameters:    Size  Location     Type
  msg             2   12[COMMON] PTR const unsigned char 
		 -> STR_4(4), STR_3(13), STR_2(4), STR_1(17), 
 Auto vars:     Size  Location     Type
  LCDWriteStri    1    1[BANK0 ] char 
 Return value:  Size  Location     Type
                  1    wreg      void 
 Registers used:
		wreg, fsr0l, fsr0h, status,2, status,0, pclath, cstack
 Tracked objects:
		On entry : 
		On exit  : 
		Unchanged: 
 Data sizes:     COMMON   BANK0   BANK1
      Params:         2       0       0
      Locals:         0       1       0
      Temps:          0       1       0
      Totals:         2       2       0
Total ram usage:        4 bytes
 Hardware stack levels used:    1
 Hardware stack levels required when called:    2
 This function calls:
		i1_LCDByte
 This function is called by:
		_ISR
 This function uses a non-reentrant model


 *************** function i1_LCDWriteInt *****************
 Defined at:
		line 317 in file "lcd_hd44780_pic16.c"
 Parameters:    Size  Location     Type
  val             2    0[BANK0 ] int 
  field_length    1    2[BANK0 ] char 
 Auto vars:     Size  Location     Type
  LCDWriteInt     5    3[BANK0 ] unsigned char [5]
  LCDWriteInt     2   10[BANK0 ] int 
  LCDWriteInt     2    8[BANK0 ] int 
 Return value:  Size  Location     Type
                  1    wreg      void 
 Registers used:
		wreg, fsr0l, fsr0h, fsr1l, fsr1h, status,2, status,0, pclath, cstack
 Tracked objects:
		On entry : 
		On exit  : 
		Unchanged: 
 Data sizes:     COMMON   BANK0   BANK1
      Params:         0       3       0
      Locals:         0       9       0
      Temps:          2       0       0
      Totals:         2      12       0
Total ram usage:       14 bytes
 Hardware stack levels used:    1
 Hardware stack levels required when called:    2
 This function calls:
		i1_LCDByte
		i1___awdiv
		i1___awmod
 This function is called by:
		_ISR
 This function uses a non-reentrant model


 *************** function i1___awmod *****************
 Defined at:
		line 6 in file "C:\Program Files (x86)\Microchip\xc8\v1.37\sources\common\awmod.c"
 Parameters:    Size  Location     Type
  divisor         2    0[COMMON] int 
  dividend        2    2[COMMON] int 
 Auto vars:     Size  Location     Type
  __awmod         1    6[COMMON] unsigned char 
  __awmod         1    5[COMMON] unsigned char 
 Return value:  Size  Location     Type
                  2    0[COMMON] int 
 Registers used:
		wreg, status,2, status,0
 Tracked objects:
		On entry : 
		On exit  : 
		Unchanged: 
 Data sizes:     COMMON   BANK0   BANK1
      Params:         4       0       0
      Locals:         2       0       0
      Temps:          1       0       0
      Totals:         7       0       0
Total ram usage:        7 bytes
 Hardware stack levels used:    1
 This function calls:
		Nothing
 This function is called by:
		i1_LCDWriteInt
 This function uses a non-reentrant model


 *************** function i1___awdiv *****************
 Defined at:
		line 6 in file "C:\Program Files (x86)\Microchip\xc8\v1.37\sources\common\awdiv.c"
 Parameters:    Size  Location     Type
  divisor         2    0[COMMON] int 
  dividend        2    2[COMMON] int 
 Auto vars:     Size  Location     Type
  __awdiv         2    7[COMMON] int 
  __awdiv         1    6[COMMON] unsigned char 
  __awdiv         1    5[COMMON] unsigned char 
 Return value:  Size  Location     Type
                  2    0[COMMON] int 
 Registers used:
		wreg, status,2, status,0
 Tracked objects:
		On entry : 
		On exit  : 
		Unchanged: 
 Data sizes:     COMMON   BANK0   BANK1
      Params:         4       0       0
      Locals:         4       0       0
      Temps:          1       0       0
      Totals:         9       0       0
Total ram usage:        9 bytes
 Hardware stack levels used:    1
 This function calls:
		Nothing
 This function is called by:
		i1_LCDWriteInt
 This function uses a non-reentrant model


 *************** function i1_LCDGotoXY *****************
 Defined at:
		line 351 in file "lcd_hd44780_pic16.c"
 Parameters:    Size  Location     Type
  x               1    wreg     unsigned char 
  y               1   12[COMMON] unsigned char 
 Auto vars:     Size  Location     Type
  x               1    0[BANK0 ] unsigned char 
 Return value:  Size  Location     Type
                  1    wreg      void 
 Registers used:
		wreg, fsr0l, fsr0h, status,2, status,0, pclath, cstack
 Tracked objects:
		On entry : 
		On exit  : 
		Unchanged: 
 Data sizes:     COMMON   BANK0   BANK1
      Params:         1       0       0
      Locals:         0       1       0
      Temps:          1       0       0
      Totals:         2       1       0
Total ram usage:        3 bytes
 Hardware stack levels used:    1
 Hardware stack levels required when called:    2
 This function calls:
		i1_LCDByte
 This function is called by:
		_ISR
 This function uses a non-reentrant model


 *************** function i1_LCDByte *****************
 Defined at:
		line 80 in file "lcd_hd44780_pic16.c"
 Parameters:    Size  Location     Type
  c               1    wreg     unsigned char 
  isdata          1    5[COMMON] unsigned char 
 Auto vars:     Size  Location     Type
  c               1    8[COMMON] unsigned char 
  LCDByte         1   11[COMMON] unsigned char 
  LCDByte         1   10[COMMON] unsigned char 
  LCDByte         1    9[COMMON] unsigned char 
 Return value:  Size  Location     Type
                  1    wreg      void 
 Registers used:
		wreg, status,2, status,0, pclath, cstack
 Tracked objects:
		On entry : 
		On exit  : 
		Unchanged: 
 Data sizes:     COMMON   BANK0   BANK1
      Params:         1       0       0
      Locals:         4       0       0
      Temps:          2       0       0
      Totals:         7       0       0
Total ram usage:        7 bytes
 Hardware stack levels used:    1
 Hardware stack levels required when called:    1
 This function calls:
		i1_LCDBusyLoop
 This function is called by:
		_ISR
		i1_LCDWriteString
		i1_LCDWriteInt
		i1_LCDGotoXY
 This function uses a non-reentrant model


 *************** function i1_LCDBusyLoop *****************
 Defined at:
		line 135 in file "lcd_hd44780_pic16.c"
 Parameters:    Size  Location     Type
		None
 Auto vars:     Size  Location     Type
  LCDBusyLoop     1    4[COMMON] unsigned char 
  LCDBusyLoop     1    3[COMMON] unsigned char 
  LCDBusyLoop     1    2[COMMON] unsigned char 
 Return value:  Size  Location     Type
                  1    wreg      void 
 Registers used:
		wreg, status,2, status,0
 Tracked objects:
		On entry : 
		On exit  : 
		Unchanged: 
 Data sizes:     COMMON   BANK0   BANK1
      Params:         0       0       0
      Locals:         3       0       0
      Temps:          2       0       0
      Totals:         5       0       0
Total ram usage:        5 bytes
 Hardware stack levels used:    1
 This function calls:
		Nothing
 This function is called by:
		i1_LCDByte
 This function uses a non-reentrant model



MODULE INFORMATION

Module		Function		Class		Link	Load	Size
C:\Program Files (x86)\Microchip\xc8\v1.37\sources\common\fttol.c
		___fttol       		CODE           	011E	0000	136

C:\Program Files (x86)\Microchip\xc8\v1.37\sources\common\fttol.c estimated size: 136

C:\Program Files (x86)\Microchip\xc8\v1.37\sources\common\awdiv.c
		___awdiv       		CODE           	040A	0000	83

C:\Program Files (x86)\Microchip\xc8\v1.37\sources\common\awdiv.c estimated size: 83

lm35_pic16.c
		_LM35ReadTemp  		CODE           	068C	0000	55

lm35_pic16.c estimated size: 55

shared
		i1_LCDGotoXY   		CODE           	070C	0000	36
		i1___awdiv     		CODE           	045C	0000	82
		i1_LCDByte     		CODE           	04AD	0000	76
		__initialization		CODE           	005A	0000	15
		i1___awmod     		CODE           	05D1	0000	70
		i1_LCDBusyLoop 		CODE           	03B4	0000	87
		i1_LCDWriteString		CODE           	0653	0000	58
		i1_LCDWriteInt 		CODE           	0221	0000	125

shared estimated size: 549

lcd_hd44780_pic16.c
		_LCDByte       		CODE           	04F8	0000	75
		_LCDWriteInt   		CODE           	01A5	0000	125
		_LCDInit       		CODE           	0542	0000	74
		_LCDWriteString		CODE           	0616	0000	62
		_LCDGotoXY     		CODE           	06E9	0000	36
		_LCDBusyLoop   		CODE           	035D	0000	88

lcd_hd44780_pic16.c estimated size: 460

do_am.c
		_ISR           		CODE           	0004	0000	86
		_main          		CODE           	0302	0000	92
		_TuneButtonInit		CODE           	0785	0000	11
		_TriggerOutInit		CODE           	0795	0000	6

do_am.c estimated size: 195

C:\Program Files (x86)\Microchip\xc8\v1.37\sources\common\float.c
		___ftpack      		CODE           	029D	0000	102

C:\Program Files (x86)\Microchip\xc8\v1.37\sources\common\float.c estimated size: 102

C:\Program Files (x86)\Microchip\xc8\v1.37\sources\common\lwtoft.c
		___lwtoft      		CODE           	0751	0000	21

C:\Program Files (x86)\Microchip\xc8\v1.37\sources\common\lwtoft.c estimated size: 21

C:\Program Files (x86)\Microchip\xc8\v1.37\sources\common\ftmul.c
		___ftmul       		CODE           	006B	0000	180

C:\Program Files (x86)\Microchip\xc8\v1.37\sources\common\ftmul.c estimated size: 180

adc_pic16.c
		_ADCInit       		CODE           	0765	0000	19
		_ReadADC       		CODE           	06C2	0000	40

adc_pic16.c estimated size: 59

C:\Program Files (x86)\Microchip\xc8\v1.37\sources\common\awmod.c
		___awmod       		CODE           	058B	0000	71

C:\Program Files (x86)\Microchip\xc8\v1.37\sources\common\awmod.c estimated size: 71

